// Jest Snapshot v1, https://goo.gl/fbAQLP

exports[`LastFmImporterModal renders 1`] = `"<div style=\\"position: fixed; height: auto; top: 50%; z-index: 2; width: 90%; max-width: 500px; left: 50%; transform: translate(-50%, -50%); background-color: rgb(255, 255, 255); box-shadow: 0 19px 38px rgba(0,0,0,0.30), 0 15px 12px rgba(0,0,0,0.22); text-align: center; padding: 50px;\\" id=\\"listen-progress-container\\"><button style=\\"position: absolute; top: 5px; right: 10px; outline: none; background: transparent;\\" type=\\"button\\"><svg aria-hidden=\\"true\\" focusable=\\"false\\" data-prefix=\\"fas\\" data-icon=\\"times\\" class=\\"svg-inline--fa fa-times fa-w-11 \\" role=\\"img\\" xmlns=\\"http://www.w3.org/2000/svg\\" viewBox=\\"0 0 352 512\\"><path fill=\\"currentColor\\" d=\\"M242.72 256l100.07-100.07c12.28-12.28 12.28-32.19 0-44.48l-22.24-22.24c-12.28-12.28-32.19-12.28-44.48 0L176 189.28 75.93 89.21c-12.28-12.28-32.19-12.28-44.48 0L9.21 111.45c-12.28 12.28-12.28 32.19 0 44.48L109.28 256 9.21 356.07c-12.28 12.28-12.28 32.19 0 44.48l22.24 22.24c12.28 12.28 32.2 12.28 44.48 0L176 322.72l100.07 100.07c12.28 12.28 32.2 12.28 44.48 0l22.24-22.24c12.28-12.28 12.28-32.19 0-44.48L242.72 256z\\"></path></svg></button><div></div></div>"`;
