// Jest Snapshot v1, https://goo.gl/fbAQLP

exports[`MissingMBDataPage renders the missing musicbrainz data page correctly 1`] = `"<div role=\\"main\\"><div class=\\"row\\" style=\\"display: flex; flex-wrap: wrap;\\"><div class=\\"col-xs-12\\"><div><div id=\\"missingMBData\\"><h2>Missing Data:</h2><div style=\\"height: 0px; position: sticky; top: 50%; z-index: 1;\\"></div><div><div class=\\"event-content\\" style=\\"width: 100%;\\"><div class=\\"card listen-card row   \\"><div class=\\"listen-details\\"><div title=\\"Class-Sikh Maut, Vol. II\\" class=\\"ellipsis-2-lines\\">Class-Sikh Maut, Vol. II</div><span class=\\"small text-muted ellipsis\\" title=\\"Prabh Deep, Seedhe Maut, Sez on the Beat\\">Prabh Deep, Seedhe Maut, Sez on the Beat</span></div><div class=\\"username-and-timestamp\\"><span class=\\"listen-time\\" title=\\"Monday, November 8, 2021 at 9:16:06 AM GMT\\">Nov 08, 9:16 AM</span></div><div class=\\"listen-controls\\"><button title=\\"Add to MusicBrainz\\" class=\\"btn-transparent\\" type=\\"button\\"><svg aria-hidden=\\"true\\" focusable=\\"false\\" data-prefix=\\"fas\\" data-icon=\\"plus\\" class=\\"svg-inline--fa fa-plus fa-w-14 fa-2x \\" role=\\"img\\" xmlns=\\"http://www.w3.org/2000/svg\\" viewBox=\\"0 0 448 512\\"><path fill=\\"currentColor\\" d=\\"M416 208H272V64c0-17.67-14.33-32-32-32h-32c-17.67 0-32 14.33-32 32v144H32c-17.67 0-32 14.33-32 32v32c0 17.67 14.33 32 32 32h144v144c0 17.67 14.33 32 32 32h32c17.67 0 32-14.33 32-32V304h144c17.67 0 32-14.33 32-32v-32c0-17.67-14.33-32-32-32z\\"></path></svg></button></div></div></div><div class=\\"event-content\\" style=\\"width: 100%;\\"><div class=\\"card listen-card row   \\"><div class=\\"listen-details\\"><div title=\\"Arabic Nokia\\" class=\\"ellipsis-2-lines\\">Arabic Nokia</div><span class=\\"small text-muted ellipsis\\" title=\\"Modernmadeit\\">Modernmadeit</span></div><div class=\\"username-and-timestamp\\"><span class=\\"listen-time\\" title=\\"Saturday, November 6, 2021 at 12:47:15 PM GMT\\">Nov 06, 12:47 PM</span></div><div class=\\"listen-controls\\"><button title=\\"Add to MusicBrainz\\" class=\\"btn-transparent\\" type=\\"button\\"><svg aria-hidden=\\"true\\" focusable=\\"false\\" data-prefix=\\"fas\\" data-icon=\\"plus\\" class=\\"svg-inline--fa fa-plus fa-w-14 fa-2x \\" role=\\"img\\" xmlns=\\"http://www.w3.org/2000/svg\\" viewBox=\\"0 0 448 512\\"><path fill=\\"currentColor\\" d=\\"M416 208H272V64c0-17.67-14.33-32-32-32h-32c-17.67 0-32 14.33-32 32v144H32c-17.67 0-32 14.33-32 32v32c0 17.67 14.33 32 32 32h144v144c0 17.67 14.33 32 32 32h32c17.67 0 32-14.33 32-32V304h144c17.67 0 32-14.33 32-32v-32c0-17.67-14.33-32-32-32z\\"></path></svg></button></div></div></div><div class=\\"event-content\\" style=\\"width: 100%;\\"><div class=\\"card listen-card row   \\"><div class=\\"listen-details\\"><div title=\\"Numbers\\" class=\\"ellipsis-2-lines\\">Numbers</div><span class=\\"small text-muted ellipsis\\" title=\\"420 Unlovable, Yori, Splash Daddy\\">420 Unlovable, Yori, Splash Daddy</span></div><div class=\\"username-and-timestamp\\"><span class=\\"listen-time\\" title=\\"Saturday, November 6, 2021 at 11:57:32 AM GMT\\">Nov 06, 11:57 AM</span></div><div class=\\"listen-controls\\"><button title=\\"Add to MusicBrainz\\" class=\\"btn-transparent\\" type=\\"button\\"><svg aria-hidden=\\"true\\" focusable=\\"false\\" data-prefix=\\"fas\\" data-icon=\\"plus\\" class=\\"svg-inline--fa fa-plus fa-w-14 fa-2x \\" role=\\"img\\" xmlns=\\"http://www.w3.org/2000/svg\\" viewBox=\\"0 0 448 512\\"><path fill=\\"currentColor\\" d=\\"M416 208H272V64c0-17.67-14.33-32-32-32h-32c-17.67 0-32 14.33-32 32v144H32c-17.67 0-32 14.33-32 32v32c0 17.67 14.33 32 32 32h144v144c0 17.67 14.33 32 32 32h32c17.67 0 32-14.33 32-32V304h144c17.67 0 32-14.33 32-32v-32c0-17.67-14.33-32-32-32z\\"></path></svg></button></div></div></div><div class=\\"event-content\\" style=\\"width: 100%;\\"><div class=\\"card listen-card row   \\"><div class=\\"listen-details\\"><div title=\\"Fartcore\\" class=\\"ellipsis-2-lines\\">Fartcore</div><span class=\\"small text-muted ellipsis\\" title=\\"Lilcockpump\\">Lilcockpump</span></div><div class=\\"username-and-timestamp\\"><span class=\\"listen-time\\" title=\\"Saturday, November 6, 2021 at 11:56:12 AM GMT\\">Nov 06, 11:56 AM</span></div><div class=\\"listen-controls\\"><button title=\\"Add to MusicBrainz\\" class=\\"btn-transparent\\" type=\\"button\\"><svg aria-hidden=\\"true\\" focusable=\\"false\\" data-prefix=\\"fas\\" data-icon=\\"plus\\" class=\\"svg-inline--fa fa-plus fa-w-14 fa-2x \\" role=\\"img\\" xmlns=\\"http://www.w3.org/2000/svg\\" viewBox=\\"0 0 448 512\\"><path fill=\\"currentColor\\" d=\\"M416 208H272V64c0-17.67-14.33-32-32-32h-32c-17.67 0-32 14.33-32 32v144H32c-17.67 0-32 14.33-32 32v32c0 17.67 14.33 32 32 32h144v144c0 17.67 14.33 32 32 32h32c17.67 0 32-14.33 32-32V304h144c17.67 0 32-14.33 32-32v-32c0-17.67-14.33-32-32-32z\\"></path></svg></button></div></div></div><div class=\\"event-content\\" style=\\"width: 100%;\\"><div class=\\"card listen-card row   \\"><div class=\\"listen-details\\"><div title=\\"Flavours Freestyle\\" class=\\"ellipsis-2-lines\\">Flavours Freestyle</div><span class=\\"small text-muted ellipsis\\" title=\\"Kidshot\\">Kidshot</span></div><div class=\\"username-and-timestamp\\"><span class=\\"listen-time\\" title=\\"Saturday, November 6, 2021 at 11:52:56 AM GMT\\">Nov 06, 11:52 AM</span></div><div class=\\"listen-controls\\"><button title=\\"Add to MusicBrainz\\" class=\\"btn-transparent\\" type=\\"button\\"><svg aria-hidden=\\"true\\" focusable=\\"false\\" data-prefix=\\"fas\\" data-icon=\\"plus\\" class=\\"svg-inline--fa fa-plus fa-w-14 fa-2x \\" role=\\"img\\" xmlns=\\"http://www.w3.org/2000/svg\\" viewBox=\\"0 0 448 512\\"><path fill=\\"currentColor\\" d=\\"M416 208H272V64c0-17.67-14.33-32-32-32h-32c-17.67 0-32 14.33-32 32v144H32c-17.67 0-32 14.33-32 32v32c0 17.67 14.33 32 32 32h144v144c0 17.67 14.33 32 32 32h32c17.67 0 32-14.33 32-32V304h144c17.67 0 32-14.33 32-32v-32c0-17.67-14.33-32-32-32z\\"></path></svg></button></div></div></div><div class=\\"event-content\\" style=\\"width: 100%;\\"><div class=\\"card listen-card row   \\"><div class=\\"listen-details\\"><div title=\\"Success\\" class=\\"ellipsis-2-lines\\">Success</div><span class=\\"small text-muted ellipsis\\" title=\\"Karma\\">Karma</span></div><div class=\\"username-and-timestamp\\"><span class=\\"listen-time\\" title=\\"Saturday, November 6, 2021 at 9:06:14 AM GMT\\">Nov 06, 9:06 AM</span></div><div class=\\"listen-controls\\"><button title=\\"Add to MusicBrainz\\" class=\\"btn-transparent\\" type=\\"button\\"><svg aria-hidden=\\"true\\" focusable=\\"false\\" data-prefix=\\"fas\\" data-icon=\\"plus\\" class=\\"svg-inline--fa fa-plus fa-w-14 fa-2x \\" role=\\"img\\" xmlns=\\"http://www.w3.org/2000/svg\\" viewBox=\\"0 0 448 512\\"><path fill=\\"currentColor\\" d=\\"M416 208H272V64c0-17.67-14.33-32-32-32h-32c-17.67 0-32 14.33-32 32v144H32c-17.67 0-32 14.33-32 32v32c0 17.67 14.33 32 32 32h144v144c0 17.67 14.33 32 32 32h32c17.67 0 32-14.33 32-32V304h144c17.67 0 32-14.33 32-32v-32c0-17.67-14.33-32-32-32z\\"></path></svg></button></div></div></div><div class=\\"event-content\\" style=\\"width: 100%;\\"><div class=\\"card listen-card row   \\"><div class=\\"listen-details\\"><div title=\\"Kulture\\" class=\\"ellipsis-2-lines\\">Kulture</div><span class=\\"small text-muted ellipsis\\" title=\\"The Siege\\">The Siege</span></div><div class=\\"username-and-timestamp\\"><span class=\\"listen-time\\" title=\\"Saturday, November 6, 2021 at 9:03:26 AM GMT\\">Nov 06, 9:03 AM</span></div><div class=\\"listen-controls\\"><button title=\\"Add to MusicBrainz\\" class=\\"btn-transparent\\" type=\\"button\\"><svg aria-hidden=\\"true\\" focusable=\\"false\\" data-prefix=\\"fas\\" data-icon=\\"plus\\" class=\\"svg-inline--fa fa-plus fa-w-14 fa-2x \\" role=\\"img\\" xmlns=\\"http://www.w3.org/2000/svg\\" viewBox=\\"0 0 448 512\\"><path fill=\\"currentColor\\" d=\\"M416 208H272V64c0-17.67-14.33-32-32-32h-32c-17.67 0-32 14.33-32 32v144H32c-17.67 0-32 14.33-32 32v32c0 17.67 14.33 32 32 32h144v144c0 17.67 14.33 32 32 32h32c17.67 0 32-14.33 32-32V304h144c17.67 0 32-14.33 32-32v-32c0-17.67-14.33-32-32-32z\\"></path></svg></button></div></div></div><div class=\\"event-content\\" style=\\"width: 100%;\\"><div class=\\"card listen-card row   \\"><div class=\\"listen-details\\"><div title=\\"No Chorus\\" class=\\"ellipsis-2-lines\\">No Chorus</div><span class=\\"small text-muted ellipsis\\" title=\\"Bali\\">Bali</span></div><div class=\\"username-and-timestamp\\"><span class=\\"listen-time\\" title=\\"Saturday, November 6, 2021 at 8:59:22 AM GMT\\">Nov 06, 8:59 AM</span></div><div class=\\"listen-controls\\"><button title=\\"Add to MusicBrainz\\" class=\\"btn-transparent\\" type=\\"button\\"><svg aria-hidden=\\"true\\" focusable=\\"false\\" data-prefix=\\"fas\\" data-icon=\\"plus\\" class=\\"svg-inline--fa fa-plus fa-w-14 fa-2x \\" role=\\"img\\" xmlns=\\"http://www.w3.org/2000/svg\\" viewBox=\\"0 0 448 512\\"><path fill=\\"currentColor\\" d=\\"M416 208H272V64c0-17.67-14.33-32-32-32h-32c-17.67 0-32 14.33-32 32v144H32c-17.67 0-32 14.33-32 32v32c0 17.67 14.33 32 32 32h144v144c0 17.67 14.33 32 32 32h32c17.67 0 32-14.33 32-32V304h144c17.67 0 32-14.33 32-32v-32c0-17.67-14.33-32-32-32z\\"></path></svg></button></div></div></div><div class=\\"event-content\\" style=\\"width: 100%;\\"><div class=\\"card listen-card row   \\"><div class=\\"listen-details\\"><div title=\\"Resort / System Settings!\\" class=\\"ellipsis-2-lines\\">Resort / System Settings!</div><span class=\\"small text-muted ellipsis\\" title=\\"Tae Retro\\">Tae Retro</span></div><div class=\\"username-and-timestamp\\"><span class=\\"listen-time\\" title=\\"Saturday, November 6, 2021 at 8:56:49 AM GMT\\">Nov 06, 8:56 AM</span></div><div class=\\"listen-controls\\"><button title=\\"Add to MusicBrainz\\" class=\\"btn-transparent\\" type=\\"button\\"><svg aria-hidden=\\"true\\" focusable=\\"false\\" data-prefix=\\"fas\\" data-icon=\\"plus\\" class=\\"svg-inline--fa fa-plus fa-w-14 fa-2x \\" role=\\"img\\" xmlns=\\"http://www.w3.org/2000/svg\\" viewBox=\\"0 0 448 512\\"><path fill=\\"currentColor\\" d=\\"M416 208H272V64c0-17.67-14.33-32-32-32h-32c-17.67 0-32 14.33-32 32v144H32c-17.67 0-32 14.33-32 32v32c0 17.67 14.33 32 32 32h144v144c0 17.67 14.33 32 32 32h32c17.67 0 32-14.33 32-32V304h144c17.67 0 32-14.33 32-32v-32c0-17.67-14.33-32-32-32z\\"></path></svg></button></div></div></div><div class=\\"event-content\\" style=\\"width: 100%;\\"><div class=\\"card listen-card row   \\"><div class=\\"listen-details\\"><div title=\\"Really Brown\\" class=\\"ellipsis-2-lines\\">Really Brown</div><span class=\\"small text-muted ellipsis\\" title=\\"The Siege\\">The Siege</span></div><div class=\\"username-and-timestamp\\"><span class=\\"listen-time\\" title=\\"Saturday, November 6, 2021 at 8:54:24 AM GMT\\">Nov 06, 8:54 AM</span></div><div class=\\"listen-controls\\"><button title=\\"Add to MusicBrainz\\" class=\\"btn-transparent\\" type=\\"button\\"><svg aria-hidden=\\"true\\" focusable=\\"false\\" data-prefix=\\"fas\\" data-icon=\\"plus\\" class=\\"svg-inline--fa fa-plus fa-w-14 fa-2x \\" role=\\"img\\" xmlns=\\"http://www.w3.org/2000/svg\\" viewBox=\\"0 0 448 512\\"><path fill=\\"currentColor\\" d=\\"M416 208H272V64c0-17.67-14.33-32-32-32h-32c-17.67 0-32 14.33-32 32v144H32c-17.67 0-32 14.33-32 32v32c0 17.67 14.33 32 32 32h144v144c0 17.67 14.33 32 32 32h32c17.67 0 32-14.33 32-32V304h144c17.67 0 32-14.33 32-32v-32c0-17.67-14.33-32-32-32z\\"></path></svg></button></div></div></div><div class=\\"event-content\\" style=\\"width: 100%;\\"><div class=\\"card listen-card row   \\"><div class=\\"listen-details\\"><div title=\\"So Damn Beautiful (FrankMusik Version) [feat. Marionismagical &amp; Frankmusik]\\" class=\\"ellipsis-2-lines\\">So Damn Beautiful (FrankMusik Version) [feat. Marionismagical &amp; Frankmusik]</div><span class=\\"small text-muted ellipsis\\" title=\\"FrankJavCee, Marionismagical, Frankmusik\\">FrankJavCee, Marionismagical, Frankmusik</span></div><div class=\\"username-and-timestamp\\"><span class=\\"listen-time\\" title=\\"Saturday, November 6, 2021 at 8:45:04 AM GMT\\">Nov 06, 8:45 AM</span></div><div class=\\"listen-controls\\"><button title=\\"Add to MusicBrainz\\" class=\\"btn-transparent\\" type=\\"button\\"><svg aria-hidden=\\"true\\" focusable=\\"false\\" data-prefix=\\"fas\\" data-icon=\\"plus\\" class=\\"svg-inline--fa fa-plus fa-w-14 fa-2x \\" role=\\"img\\" xmlns=\\"http://www.w3.org/2000/svg\\" viewBox=\\"0 0 448 512\\"><path fill=\\"currentColor\\" d=\\"M416 208H272V64c0-17.67-14.33-32-32-32h-32c-17.67 0-32 14.33-32 32v144H32c-17.67 0-32 14.33-32 32v32c0 17.67 14.33 32 32 32h144v144c0 17.67 14.33 32 32 32h32c17.67 0 32-14.33 32-32V304h144c17.67 0 32-14.33 32-32v-32c0-17.67-14.33-32-32-32z\\"></path></svg></button></div></div></div><div class=\\"event-content\\" style=\\"width: 100%;\\"><div class=\\"card listen-card row   \\"><div class=\\"listen-details\\"><div title=\\"Passing By\\" class=\\"ellipsis-2-lines\\">Passing By</div><span class=\\"small text-muted ellipsis\\" title=\\"Zero 7, Sophie Barker\\">Zero 7, Sophie Barker</span></div><div class=\\"username-and-timestamp\\"><span class=\\"listen-time\\" title=\\"Friday, November 5, 2021 at 10:03:33 PM GMT\\">Nov 05, 10:03 PM</span></div><div class=\\"listen-controls\\"><button title=\\"Add to MusicBrainz\\" class=\\"btn-transparent\\" type=\\"button\\"><svg aria-hidden=\\"true\\" focusable=\\"false\\" data-prefix=\\"fas\\" data-icon=\\"plus\\" class=\\"svg-inline--fa fa-plus fa-w-14 fa-2x \\" role=\\"img\\" xmlns=\\"http://www.w3.org/2000/svg\\" viewBox=\\"0 0 448 512\\"><path fill=\\"currentColor\\" d=\\"M416 208H272V64c0-17.67-14.33-32-32-32h-32c-17.67 0-32 14.33-32 32v144H32c-17.67 0-32 14.33-32 32v32c0 17.67 14.33 32 32 32h144v144c0 17.67 14.33 32 32 32h32c17.67 0 32-14.33 32-32V304h144c17.67 0 32-14.33 32-32v-32c0-17.67-14.33-32-32-32z\\"></path></svg></button></div></div></div><div class=\\"event-content\\" style=\\"width: 100%;\\"><div class=\\"card listen-card row   \\"><div class=\\"listen-details\\"><div title=\\"Tarana - Savari Matra 15\\" class=\\"ellipsis-2-lines\\">Tarana - Savari Matra 15</div><span class=\\"small text-muted ellipsis\\" title=\\"Mogubai Kurdikar\\">Mogubai Kurdikar</span></div><div class=\\"username-and-timestamp\\"><span class=\\"listen-time\\" title=\\"Friday, November 5, 2021 at 9:42:12 PM GMT\\">Nov 05, 9:42 PM</span></div><div class=\\"listen-controls\\"><button title=\\"Add to MusicBrainz\\" class=\\"btn-transparent\\" type=\\"button\\"><svg aria-hidden=\\"true\\" focusable=\\"false\\" data-prefix=\\"fas\\" data-icon=\\"plus\\" class=\\"svg-inline--fa fa-plus fa-w-14 fa-2x \\" role=\\"img\\" xmlns=\\"http://www.w3.org/2000/svg\\" viewBox=\\"0 0 448 512\\"><path fill=\\"currentColor\\" d=\\"M416 208H272V64c0-17.67-14.33-32-32-32h-32c-17.67 0-32 14.33-32 32v144H32c-17.67 0-32 14.33-32 32v32c0 17.67 14.33 32 32 32h144v144c0 17.67 14.33 32 32 32h32c17.67 0 32-14.33 32-32V304h144c17.67 0 32-14.33 32-32v-32c0-17.67-14.33-32-32-32z\\"></path></svg></button></div></div></div><div class=\\"event-content\\" style=\\"width: 100%;\\"><div class=\\"card listen-card row   \\"><div class=\\"listen-details\\"><div title=\\"Pana Viri Main Kab Udini\\" class=\\"ellipsis-2-lines\\">Pana Viri Main Kab Udini</div><span class=\\"small text-muted ellipsis\\" title=\\"Mogubai Kurdikar\\">Mogubai Kurdikar</span></div><div class=\\"username-and-timestamp\\"><span class=\\"listen-time\\" title=\\"Friday, November 5, 2021 at 9:39:05 PM GMT\\">Nov 05, 9:39 PM</span></div><div class=\\"listen-controls\\"><button title=\\"Add to MusicBrainz\\" class=\\"btn-transparent\\" type=\\"button\\"><svg aria-hidden=\\"true\\" focusable=\\"false\\" data-prefix=\\"fas\\" data-icon=\\"plus\\" class=\\"svg-inline--fa fa-plus fa-w-14 fa-2x \\" role=\\"img\\" xmlns=\\"http://www.w3.org/2000/svg\\" viewBox=\\"0 0 448 512\\"><path fill=\\"currentColor\\" d=\\"M416 208H272V64c0-17.67-14.33-32-32-32h-32c-17.67 0-32 14.33-32 32v144H32c-17.67 0-32 14.33-32 32v32c0 17.67 14.33 32 32 32h144v144c0 17.67 14.33 32 32 32h32c17.67 0 32-14.33 32-32V304h144c17.67 0 32-14.33 32-32v-32c0-17.67-14.33-32-32-32z\\"></path></svg></button></div></div></div><div class=\\"event-content\\" style=\\"width: 100%;\\"><div class=\\"card listen-card row   \\"><div class=\\"listen-details\\"><div title=\\"Chanak Mund Bhailava\\" class=\\"ellipsis-2-lines\\">Chanak Mund Bhailava</div><span class=\\"small text-muted ellipsis\\" title=\\"Mogubai Kurdikar\\">Mogubai Kurdikar</span></div><div class=\\"username-and-timestamp\\"><span class=\\"listen-time\\" title=\\"Friday, November 5, 2021 at 9:34:41 PM GMT\\">Nov 05, 9:34 PM</span></div><div class=\\"listen-controls\\"><button title=\\"Add to MusicBrainz\\" class=\\"btn-transparent\\" type=\\"button\\"><svg aria-hidden=\\"true\\" focusable=\\"false\\" data-prefix=\\"fas\\" data-icon=\\"plus\\" class=\\"svg-inline--fa fa-plus fa-w-14 fa-2x \\" role=\\"img\\" xmlns=\\"http://www.w3.org/2000/svg\\" viewBox=\\"0 0 448 512\\"><path fill=\\"currentColor\\" d=\\"M416 208H272V64c0-17.67-14.33-32-32-32h-32c-17.67 0-32 14.33-32 32v144H32c-17.67 0-32 14.33-32 32v32c0 17.67 14.33 32 32 32h144v144c0 17.67 14.33 32 32 32h32c17.67 0 32-14.33 32-32V304h144c17.67 0 32-14.33 32-32v-32c0-17.67-14.33-32-32-32z\\"></path></svg></button></div></div></div><div class=\\"event-content\\" style=\\"width: 100%;\\"><div class=\\"card listen-card row   \\"><div class=\\"listen-details\\"><div title=\\"Aali Piya\\" class=\\"ellipsis-2-lines\\">Aali Piya</div><span class=\\"small text-muted ellipsis\\" title=\\"Mogubai Kurdikar\\">Mogubai Kurdikar</span></div><div class=\\"username-and-timestamp\\"><span class=\\"listen-time\\" title=\\"Friday, November 5, 2021 at 9:31:15 PM GMT\\">Nov 05, 9:31 PM</span></div><div class=\\"listen-controls\\"><button title=\\"Add to MusicBrainz\\" class=\\"btn-transparent\\" type=\\"button\\"><svg aria-hidden=\\"true\\" focusable=\\"false\\" data-prefix=\\"fas\\" data-icon=\\"plus\\" class=\\"svg-inline--fa fa-plus fa-w-14 fa-2x \\" role=\\"img\\" xmlns=\\"http://www.w3.org/2000/svg\\" viewBox=\\"0 0 448 512\\"><path fill=\\"currentColor\\" d=\\"M416 208H272V64c0-17.67-14.33-32-32-32h-32c-17.67 0-32 14.33-32 32v144H32c-17.67 0-32 14.33-32 32v32c0 17.67 14.33 32 32 32h144v144c0 17.67 14.33 32 32 32h32c17.67 0 32-14.33 32-32V304h144c17.67 0 32-14.33 32-32v-32c0-17.67-14.33-32-32-32z\\"></path></svg></button></div></div></div><div class=\\"event-content\\" style=\\"width: 100%;\\"><div class=\\"card listen-card row   \\"><div class=\\"listen-details\\"><div title=\\"Paya More Rama Naam Dhan\\" class=\\"ellipsis-2-lines\\">Paya More Rama Naam Dhan</div><span class=\\"small text-muted ellipsis\\" title=\\"Mogubai Kurdikar\\">Mogubai Kurdikar</span></div><div class=\\"username-and-timestamp\\"><span class=\\"listen-time\\" title=\\"Friday, November 5, 2021 at 9:27:37 PM GMT\\">Nov 05, 9:27 PM</span></div><div class=\\"listen-controls\\"><button title=\\"Add to MusicBrainz\\" class=\\"btn-transparent\\" type=\\"button\\"><svg aria-hidden=\\"true\\" focusable=\\"false\\" data-prefix=\\"fas\\" data-icon=\\"plus\\" class=\\"svg-inline--fa fa-plus fa-w-14 fa-2x \\" role=\\"img\\" xmlns=\\"http://www.w3.org/2000/svg\\" viewBox=\\"0 0 448 512\\"><path fill=\\"currentColor\\" d=\\"M416 208H272V64c0-17.67-14.33-32-32-32h-32c-17.67 0-32 14.33-32 32v144H32c-17.67 0-32 14.33-32 32v32c0 17.67 14.33 32 32 32h144v144c0 17.67 14.33 32 32 32h32c17.67 0 32-14.33 32-32V304h144c17.67 0 32-14.33 32-32v-32c0-17.67-14.33-32-32-32z\\"></path></svg></button></div></div></div><div class=\\"event-content\\" style=\\"width: 100%;\\"><div class=\\"card listen-card row   \\"><div class=\\"listen-details\\"><div title=\\"Show Me\\" class=\\"ellipsis-2-lines\\">Show Me</div><span class=\\"small text-muted ellipsis\\" title=\\"Kidshot, Encore ABJ\\">Kidshot, Encore ABJ</span></div><div class=\\"username-and-timestamp\\"><span class=\\"listen-time\\" title=\\"Friday, November 5, 2021 at 8:15:50 PM GMT\\">Nov 05, 8:15 PM</span></div><div class=\\"listen-controls\\"><button title=\\"Add to MusicBrainz\\" class=\\"btn-transparent\\" type=\\"button\\"><svg aria-hidden=\\"true\\" focusable=\\"false\\" data-prefix=\\"fas\\" data-icon=\\"plus\\" class=\\"svg-inline--fa fa-plus fa-w-14 fa-2x \\" role=\\"img\\" xmlns=\\"http://www.w3.org/2000/svg\\" viewBox=\\"0 0 448 512\\"><path fill=\\"currentColor\\" d=\\"M416 208H272V64c0-17.67-14.33-32-32-32h-32c-17.67 0-32 14.33-32 32v144H32c-17.67 0-32 14.33-32 32v32c0 17.67 14.33 32 32 32h144v144c0 17.67 14.33 32 32 32h32c17.67 0 32-14.33 32-32V304h144c17.67 0 32-14.33 32-32v-32c0-17.67-14.33-32-32-32z\\"></path></svg></button></div></div></div><div class=\\"event-content\\" style=\\"width: 100%;\\"><div class=\\"card listen-card row   \\"><div class=\\"listen-details\\"><div title=\\"Sangharsh\\" class=\\"ellipsis-2-lines\\">Sangharsh</div><span class=\\"small text-muted ellipsis\\" title=\\"Kidshot\\">Kidshot</span></div><div class=\\"username-and-timestamp\\"><span class=\\"listen-time\\" title=\\"Friday, November 5, 2021 at 7:27:08 PM GMT\\">Nov 05, 7:27 PM</span></div><div class=\\"listen-controls\\"><button title=\\"Add to MusicBrainz\\" class=\\"btn-transparent\\" type=\\"button\\"><svg aria-hidden=\\"true\\" focusable=\\"false\\" data-prefix=\\"fas\\" data-icon=\\"plus\\" class=\\"svg-inline--fa fa-plus fa-w-14 fa-2x \\" role=\\"img\\" xmlns=\\"http://www.w3.org/2000/svg\\" viewBox=\\"0 0 448 512\\"><path fill=\\"currentColor\\" d=\\"M416 208H272V64c0-17.67-14.33-32-32-32h-32c-17.67 0-32 14.33-32 32v144H32c-17.67 0-32 14.33-32 32v32c0 17.67 14.33 32 32 32h144v144c0 17.67 14.33 32 32 32h32c17.67 0 32-14.33 32-32V304h144c17.67 0 32-14.33 32-32v-32c0-17.67-14.33-32-32-32z\\"></path></svg></button></div></div></div><div class=\\"event-content\\" style=\\"width: 100%;\\"><div class=\\"card listen-card row   \\"><div class=\\"listen-details\\"><div title=\\"Shor Sharaba\\" class=\\"ellipsis-2-lines\\">Shor Sharaba</div><span class=\\"small text-muted ellipsis\\" title=\\"Ravator, Paradox\\">Ravator, Paradox</span></div><div class=\\"username-and-timestamp\\"><span class=\\"listen-time\\" title=\\"Friday, November 5, 2021 at 7:11:37 PM GMT\\">Nov 05, 7:11 PM</span></div><div class=\\"listen-controls\\"><button title=\\"Add to MusicBrainz\\" class=\\"btn-transparent\\" type=\\"button\\"><svg aria-hidden=\\"true\\" focusable=\\"false\\" data-prefix=\\"fas\\" data-icon=\\"plus\\" class=\\"svg-inline--fa fa-plus fa-w-14 fa-2x \\" role=\\"img\\" xmlns=\\"http://www.w3.org/2000/svg\\" viewBox=\\"0 0 448 512\\"><path fill=\\"currentColor\\" d=\\"M416 208H272V64c0-17.67-14.33-32-32-32h-32c-17.67 0-32 14.33-32 32v144H32c-17.67 0-32 14.33-32 32v32c0 17.67 14.33 32 32 32h144v144c0 17.67 14.33 32 32 32h32c17.67 0 32-14.33 32-32V304h144c17.67 0 32-14.33 32-32v-32c0-17.67-14.33-32-32-32z\\"></path></svg></button></div></div></div><div class=\\"event-content\\" style=\\"width: 100%;\\"><div class=\\"card listen-card row   \\"><div class=\\"listen-details\\"><div title=\\"Mohre\\" class=\\"ellipsis-2-lines\\">Mohre</div><span class=\\"small text-muted ellipsis\\" title=\\"Gravity\\">Gravity</span></div><div class=\\"username-and-timestamp\\"><span class=\\"listen-time\\" title=\\"Friday, November 5, 2021 at 7:02:07 PM GMT\\">Nov 05, 7:02 PM</span></div><div class=\\"listen-controls\\"><button title=\\"Add to MusicBrainz\\" class=\\"btn-transparent\\" type=\\"button\\"><svg aria-hidden=\\"true\\" focusable=\\"false\\" data-prefix=\\"fas\\" data-icon=\\"plus\\" class=\\"svg-inline--fa fa-plus fa-w-14 fa-2x \\" role=\\"img\\" xmlns=\\"http://www.w3.org/2000/svg\\" viewBox=\\"0 0 448 512\\"><path fill=\\"currentColor\\" d=\\"M416 208H272V64c0-17.67-14.33-32-32-32h-32c-17.67 0-32 14.33-32 32v144H32c-17.67 0-32 14.33-32 32v32c0 17.67 14.33 32 32 32h144v144c0 17.67 14.33 32 32 32h32c17.67 0 32-14.33 32-32V304h144c17.67 0 32-14.33 32-32v-32c0-17.67-14.33-32-32-32z\\"></path></svg></button></div></div></div><div class=\\"event-content\\" style=\\"width: 100%;\\"><div class=\\"card listen-card row   \\"><div class=\\"listen-details\\"><div title=\\"See You Tomorrow\\" class=\\"ellipsis-2-lines\\">See You Tomorrow</div><span class=\\"small text-muted ellipsis\\" title=\\"FrankJavCee\\">FrankJavCee</span></div><div class=\\"username-and-timestamp\\"><span class=\\"listen-time\\" title=\\"Friday, November 5, 2021 at 6:24:53 PM GMT\\">Nov 05, 6:24 PM</span></div><div class=\\"listen-controls\\"><button title=\\"Add to MusicBrainz\\" class=\\"btn-transparent\\" type=\\"button\\"><svg aria-hidden=\\"true\\" focusable=\\"false\\" data-prefix=\\"fas\\" data-icon=\\"plus\\" class=\\"svg-inline--fa fa-plus fa-w-14 fa-2x \\" role=\\"img\\" xmlns=\\"http://www.w3.org/2000/svg\\" viewBox=\\"0 0 448 512\\"><path fill=\\"currentColor\\" d=\\"M416 208H272V64c0-17.67-14.33-32-32-32h-32c-17.67 0-32 14.33-32 32v144H32c-17.67 0-32 14.33-32 32v32c0 17.67 14.33 32 32 32h144v144c0 17.67 14.33 32 32 32h32c17.67 0 32-14.33 32-32V304h144c17.67 0 32-14.33 32-32v-32c0-17.67-14.33-32-32-32z\\"></path></svg></button></div></div></div><div class=\\"event-content\\" style=\\"width: 100%;\\"><div class=\\"card listen-card row   \\"><div class=\\"listen-details\\"><div title=\\"Fictional Animals\\" class=\\"ellipsis-2-lines\\">Fictional Animals</div><span class=\\"small text-muted ellipsis\\" title=\\"FrankJavCee, NothinButLag\\">FrankJavCee, NothinButLag</span></div><div class=\\"username-and-timestamp\\"><span class=\\"listen-time\\" title=\\"Friday, November 5, 2021 at 6:20:32 PM GMT\\">Nov 05, 6:20 PM</span></div><div class=\\"listen-controls\\"><button title=\\"Add to MusicBrainz\\" class=\\"btn-transparent\\" type=\\"button\\"><svg aria-hidden=\\"true\\" focusable=\\"false\\" data-prefix=\\"fas\\" data-icon=\\"plus\\" class=\\"svg-inline--fa fa-plus fa-w-14 fa-2x \\" role=\\"img\\" xmlns=\\"http://www.w3.org/2000/svg\\" viewBox=\\"0 0 448 512\\"><path fill=\\"currentColor\\" d=\\"M416 208H272V64c0-17.67-14.33-32-32-32h-32c-17.67 0-32 14.33-32 32v144H32c-17.67 0-32 14.33-32 32v32c0 17.67 14.33 32 32 32h144v144c0 17.67 14.33 32 32 32h32c17.67 0 32-14.33 32-32V304h144c17.67 0 32-14.33 32-32v-32c0-17.67-14.33-32-32-32z\\"></path></svg></button></div></div></div><div class=\\"event-content\\" style=\\"width: 100%;\\"><div class=\\"card listen-card row   \\"><div class=\\"listen-details\\"><div title=\\"Enter The Land Of Dreams\\" class=\\"ellipsis-2-lines\\">Enter The Land Of Dreams</div><span class=\\"small text-muted ellipsis\\" title=\\"Torino Sky\\">Torino Sky</span></div><div class=\\"username-and-timestamp\\"><span class=\\"listen-time\\" title=\\"Monday, November 8, 2021 at 10:07:56 PM GMT\\">Nov 08, 10:07 PM</span></div><div class=\\"listen-controls\\"><button title=\\"Add to MusicBrainz\\" class=\\"btn-transparent\\" type=\\"button\\"><svg aria-hidden=\\"true\\" focusable=\\"false\\" data-prefix=\\"fas\\" data-icon=\\"plus\\" class=\\"svg-inline--fa fa-plus fa-w-14 fa-2x \\" role=\\"img\\" xmlns=\\"http://www.w3.org/2000/svg\\" viewBox=\\"0 0 448 512\\"><path fill=\\"currentColor\\" d=\\"M416 208H272V64c0-17.67-14.33-32-32-32h-32c-17.67 0-32 14.33-32 32v144H32c-17.67 0-32 14.33-32 32v32c0 17.67 14.33 32 32 32h144v144c0 17.67 14.33 32 32 32h32c17.67 0 32-14.33 32-32V304h144c17.67 0 32-14.33 32-32v-32c0-17.67-14.33-32-32-32z\\"></path></svg></button></div></div></div><div class=\\"event-content\\" style=\\"width: 100%;\\"><div class=\\"card listen-card row   \\"><div class=\\"listen-details\\"><div title=\\"retire (final)\\" class=\\"ellipsis-2-lines\\">retire (final)</div><span class=\\"small text-muted ellipsis\\" title=\\"Alvedon\\">Alvedon</span></div><div class=\\"username-and-timestamp\\"><span class=\\"listen-time\\" title=\\"Monday, November 8, 2021 at 10:04:51 PM GMT\\">Nov 08, 10:04 PM</span></div><div class=\\"listen-controls\\"><button title=\\"Add to MusicBrainz\\" class=\\"btn-transparent\\" type=\\"button\\"><svg aria-hidden=\\"true\\" focusable=\\"false\\" data-prefix=\\"fas\\" data-icon=\\"plus\\" class=\\"svg-inline--fa fa-plus fa-w-14 fa-2x \\" role=\\"img\\" xmlns=\\"http://www.w3.org/2000/svg\\" viewBox=\\"0 0 448 512\\"><path fill=\\"currentColor\\" d=\\"M416 208H272V64c0-17.67-14.33-32-32-32h-32c-17.67 0-32 14.33-32 32v144H32c-17.67 0-32 14.33-32 32v32c0 17.67 14.33 32 32 32h144v144c0 17.67 14.33 32 32 32h32c17.67 0 32-14.33 32-32V304h144c17.67 0 32-14.33 32-32v-32c0-17.67-14.33-32-32-32z\\"></path></svg></button></div></div></div></div><ul class=\\"pager\\" style=\\"display: flex;\\"><li class=\\"previous hidden\\"><a role=\\"button\\" tabindex=\\"0\\">← Previous</a></li><li class=\\"next \\" style=\\"margin-left: auto;\\"><a role=\\"button\\" tabindex=\\"0\\">Next →</a></li></ul></div></div></div></div></div>"`;
