// Jest Snapshot v1, https://goo.gl/fbAQLP

exports[`RecentListens renders correctly on the profile page 1`] = `"<div><div class=\\"AlertContainer-container-0-1-10 AlertContainer-bottom-right-0-1-13\\"><div><div></div></div></div><div class=\\"row\\"><div class=\\"col-md-8\\"><h3> Statistics </h3><table class=\\"table table-border table-condensed table-striped\\"><tbody><tr><td>Listen count</td><td>72,662</td></tr></tbody></table></div></div><div class=\\"row\\"><div class=\\"col-md-8\\"><h3>Recent listens</h3><div><table class=\\"table table-condensed table-striped listens-table\\" id=\\"listens\\"><thead><tr><th>Track</th><th>Artist</th><th>Time</th><th style=\\"width:50px\\"></th></tr></thead><tbody><tr class=\\"listen  \\"><td>Superpower (feat. Frank Ocean)</td><td>Beyoncé, Frank Ocean</td><td><abbr title=\\"2020-04-09T15:08:13Z\\">1 day ago</abbr></td><td class=\\"playButton\\"><button title=\\"Play\\" class=\\"btn-link\\" type=\\"button\\"><svg aria-hidden=\\"true\\" focusable=\\"false\\" data-prefix=\\"fas\\" data-icon=\\"play-circle\\" class=\\"svg-inline--fa fa-play-circle fa-w-16 fa-2x \\" role=\\"img\\" xmlns=\\"http://www.w3.org/2000/svg\\" viewBox=\\"0 0 512 512\\"><path fill=\\"currentColor\\" d=\\"M256 8C119 8 8 119 8 256s111 248 248 248 248-111 248-248S393 8 256 8zm115.7 272l-176 101c-15.8 8.8-35.7-2.5-35.7-21V152c0-18.4 19.8-29.8 35.7-21l176 107c16.4 9.2 16.4 32.9 0 42z\\"></path></svg></button></td></tr><tr class=\\"listen  \\"><td>Falling</td><td>SOHN</td><td><abbr title=\\"2020-04-10T10:12:04Z\\">1 day ago</abbr></td><td class=\\"playButton\\"><button title=\\"Play\\" class=\\"btn-link\\" type=\\"button\\"><svg aria-hidden=\\"true\\" focusable=\\"false\\" data-prefix=\\"fas\\" data-icon=\\"play-circle\\" class=\\"svg-inline--fa fa-play-circle fa-w-16 fa-2x \\" role=\\"img\\" xmlns=\\"http://www.w3.org/2000/svg\\" viewBox=\\"0 0 512 512\\"><path fill=\\"currentColor\\" d=\\"M256 8C119 8 8 119 8 256s111 248 248 248 248-111 248-248S393 8 256 8zm115.7 272l-176 101c-15.8 8.8-35.7-2.5-35.7-21V152c0-18.4 19.8-29.8 35.7-21l176 107c16.4 9.2 16.4 32.9 0 42z\\"></path></svg></button></td></tr><tr class=\\"listen  \\"><td>Primary</td><td>SOHN</td><td><abbr title=\\"2020-04-10T10:04:18Z\\">1 day ago</abbr></td><td class=\\"playButton\\"><button title=\\"Play\\" class=\\"btn-link\\" type=\\"button\\"><svg aria-hidden=\\"true\\" focusable=\\"false\\" data-prefix=\\"fas\\" data-icon=\\"play-circle\\" class=\\"svg-inline--fa fa-play-circle fa-w-16 fa-2x \\" role=\\"img\\" xmlns=\\"http://www.w3.org/2000/svg\\" viewBox=\\"0 0 512 512\\"><path fill=\\"currentColor\\" d=\\"M256 8C119 8 8 119 8 256s111 248 248 248 248-111 248-248S393 8 256 8zm115.7 272l-176 101c-15.8 8.8-35.7-2.5-35.7-21V152c0-18.4 19.8-29.8 35.7-21l176 107c16.4 9.2 16.4 32.9 0 42z\\"></path></svg></button></td></tr><tr class=\\"listen  \\"><td>Dead Wrong</td><td>SOHN</td><td><abbr title=\\"2020-04-10T10:00:51Z\\">1 day ago</abbr></td><td class=\\"playButton\\"><button title=\\"Play\\" class=\\"btn-link\\" type=\\"button\\"><svg aria-hidden=\\"true\\" focusable=\\"false\\" data-prefix=\\"fas\\" data-icon=\\"play-circle\\" class=\\"svg-inline--fa fa-play-circle fa-w-16 fa-2x \\" role=\\"img\\" xmlns=\\"http://www.w3.org/2000/svg\\" viewBox=\\"0 0 512 512\\"><path fill=\\"currentColor\\" d=\\"M256 8C119 8 8 119 8 256s111 248 248 248 248-111 248-248S393 8 256 8zm115.7 272l-176 101c-15.8 8.8-35.7-2.5-35.7-21V152c0-18.4 19.8-29.8 35.7-21l176 107c16.4 9.2 16.4 32.9 0 42z\\"></path></svg></button></td></tr><tr class=\\"listen  \\"><td>Signal</td><td>SOHN</td><td><abbr title=\\"2020-04-10T09:57:47Z\\">1 day ago</abbr></td><td class=\\"playButton\\"><button title=\\"Play\\" class=\\"btn-link\\" type=\\"button\\"><svg aria-hidden=\\"true\\" focusable=\\"false\\" data-prefix=\\"fas\\" data-icon=\\"play-circle\\" class=\\"svg-inline--fa fa-play-circle fa-w-16 fa-2x \\" role=\\"img\\" xmlns=\\"http://www.w3.org/2000/svg\\" viewBox=\\"0 0 512 512\\"><path fill=\\"currentColor\\" d=\\"M256 8C119 8 8 119 8 256s111 248 248 248 248-111 248-248S393 8 256 8zm115.7 272l-176 101c-15.8 8.8-35.7-2.5-35.7-21V152c0-18.4 19.8-29.8 35.7-21l176 107c16.4 9.2 16.4 32.9 0 42z\\"></path></svg></button></td></tr><tr class=\\"listen  \\"><td>Conrad</td><td>SOHN</td><td><abbr title=\\"2020-04-10T09:53:20Z\\">1 day ago</abbr></td><td class=\\"playButton\\"><button title=\\"Play\\" class=\\"btn-link\\" type=\\"button\\"><svg aria-hidden=\\"true\\" focusable=\\"false\\" data-prefix=\\"fas\\" data-icon=\\"play-circle\\" class=\\"svg-inline--fa fa-play-circle fa-w-16 fa-2x \\" role=\\"img\\" xmlns=\\"http://www.w3.org/2000/svg\\" viewBox=\\"0 0 512 512\\"><path fill=\\"currentColor\\" d=\\"M256 8C119 8 8 119 8 256s111 248 248 248 248-111 248-248S393 8 256 8zm115.7 272l-176 101c-15.8 8.8-35.7-2.5-35.7-21V152c0-18.4 19.8-29.8 35.7-21l176 107c16.4 9.2 16.4 32.9 0 42z\\"></path></svg></button></td></tr><tr class=\\"listen  \\"><td>Hard Liquor</td><td>SOHN</td><td><abbr title=\\"2020-04-10T09:49:37Z\\">1 day ago</abbr></td><td class=\\"playButton\\"><button title=\\"Play\\" class=\\"btn-link\\" type=\\"button\\"><svg aria-hidden=\\"true\\" focusable=\\"false\\" data-prefix=\\"fas\\" data-icon=\\"play-circle\\" class=\\"svg-inline--fa fa-play-circle fa-w-16 fa-2x \\" role=\\"img\\" xmlns=\\"http://www.w3.org/2000/svg\\" viewBox=\\"0 0 512 512\\"><path fill=\\"currentColor\\" d=\\"M256 8C119 8 8 119 8 256s111 248 248 248 248-111 248-248S393 8 256 8zm115.7 272l-176 101c-15.8 8.8-35.7-2.5-35.7-21V152c0-18.4 19.8-29.8 35.7-21l176 107c16.4 9.2 16.4 32.9 0 42z\\"></path></svg></button></td></tr><tr class=\\"listen  \\"><td>Chaak Girebaan</td><td>Ankur Tewari</td><td><abbr title=\\"2020-04-10T09:41:59Z\\">1 day ago</abbr></td><td class=\\"playButton\\"><button title=\\"Play\\" class=\\"btn-link\\" type=\\"button\\"><svg aria-hidden=\\"true\\" focusable=\\"false\\" data-prefix=\\"fas\\" data-icon=\\"play-circle\\" class=\\"svg-inline--fa fa-play-circle fa-w-16 fa-2x \\" role=\\"img\\" xmlns=\\"http://www.w3.org/2000/svg\\" viewBox=\\"0 0 512 512\\"><path fill=\\"currentColor\\" d=\\"M256 8C119 8 8 119 8 256s111 248 248 248 248-111 248-248S393 8 256 8zm115.7 272l-176 101c-15.8 8.8-35.7-2.5-35.7-21V152c0-18.4 19.8-29.8 35.7-21l176 107c16.4 9.2 16.4 32.9 0 42z\\"></path></svg></button></td></tr><tr class=\\"listen  \\"><td>Rehne Do Na</td><td>Ankur Tewari</td><td><abbr title=\\"2020-04-10T09:38:19Z\\">1 day ago</abbr></td><td class=\\"playButton\\"><button title=\\"Play\\" class=\\"btn-link\\" type=\\"button\\"><svg aria-hidden=\\"true\\" focusable=\\"false\\" data-prefix=\\"fas\\" data-icon=\\"play-circle\\" class=\\"svg-inline--fa fa-play-circle fa-w-16 fa-2x \\" role=\\"img\\" xmlns=\\"http://www.w3.org/2000/svg\\" viewBox=\\"0 0 512 512\\"><path fill=\\"currentColor\\" d=\\"M256 8C119 8 8 119 8 256s111 248 248 248 248-111 248-248S393 8 256 8zm115.7 272l-176 101c-15.8 8.8-35.7-2.5-35.7-21V152c0-18.4 19.8-29.8 35.7-21l176 107c16.4 9.2 16.4 32.9 0 42z\\"></path></svg></button></td></tr><tr class=\\"listen  \\"><td>***Flawless (feat. Chimamanda Ngozi Adichie)</td><td>Beyoncé, Chimamanda Ngozi Adichie</td><td><abbr title=\\"2020-04-09T16:11:01Z\\">1 day ago</abbr></td><td class=\\"playButton\\"><button title=\\"Play\\" class=\\"btn-link\\" type=\\"button\\"><svg aria-hidden=\\"true\\" focusable=\\"false\\" data-prefix=\\"fas\\" data-icon=\\"play-circle\\" class=\\"svg-inline--fa fa-play-circle fa-w-16 fa-2x \\" role=\\"img\\" xmlns=\\"http://www.w3.org/2000/svg\\" viewBox=\\"0 0 512 512\\"><path fill=\\"currentColor\\" d=\\"M256 8C119 8 8 119 8 256s111 248 248 248 248-111 248-248S393 8 256 8zm115.7 272l-176 101c-15.8 8.8-35.7-2.5-35.7-21V152c0-18.4 19.8-29.8 35.7-21l176 107c16.4 9.2 16.4 32.9 0 42z\\"></path></svg></button></td></tr><tr class=\\"listen  \\"><td>Blue (feat. Blue Ivy)</td><td>Beyoncé, Blue Ivy</td><td><abbr title=\\"2020-04-09T15:16:31Z\\">1 day ago</abbr></td><td class=\\"playButton\\"><button title=\\"Play\\" class=\\"btn-link\\" type=\\"button\\"><svg aria-hidden=\\"true\\" focusable=\\"false\\" data-prefix=\\"fas\\" data-icon=\\"play-circle\\" class=\\"svg-inline--fa fa-play-circle fa-w-16 fa-2x \\" role=\\"img\\" xmlns=\\"http://www.w3.org/2000/svg\\" viewBox=\\"0 0 512 512\\"><path fill=\\"currentColor\\" d=\\"M256 8C119 8 8 119 8 256s111 248 248 248 248-111 248-248S393 8 256 8zm115.7 272l-176 101c-15.8 8.8-35.7-2.5-35.7-21V152c0-18.4 19.8-29.8 35.7-21l176 107c16.4 9.2 16.4 32.9 0 42z\\"></path></svg></button></td></tr><tr class=\\"listen  \\"><td>Heaven</td><td>Beyoncé</td><td><abbr title=\\"2020-04-09T15:12:04Z\\">1 day ago</abbr></td><td class=\\"playButton\\"><button title=\\"Play\\" class=\\"btn-link\\" type=\\"button\\"><svg aria-hidden=\\"true\\" focusable=\\"false\\" data-prefix=\\"fas\\" data-icon=\\"play-circle\\" class=\\"svg-inline--fa fa-play-circle fa-w-16 fa-2x \\" role=\\"img\\" xmlns=\\"http://www.w3.org/2000/svg\\" viewBox=\\"0 0 512 512\\"><path fill=\\"currentColor\\" d=\\"M256 8C119 8 8 119 8 256s111 248 248 248 248-111 248-248S393 8 256 8zm115.7 272l-176 101c-15.8 8.8-35.7-2.5-35.7-21V152c0-18.4 19.8-29.8 35.7-21l176 107c16.4 9.2 16.4 32.9 0 42z\\"></path></svg></button></td></tr><tr class=\\"listen  \\"><td>Rennen</td><td>SOHN</td><td><abbr title=\\"2020-04-10T10:07:35Z\\">1 day ago</abbr></td><td class=\\"playButton\\"><button title=\\"Play\\" class=\\"btn-link\\" type=\\"button\\"><svg aria-hidden=\\"true\\" focusable=\\"false\\" data-prefix=\\"fas\\" data-icon=\\"play-circle\\" class=\\"svg-inline--fa fa-play-circle fa-w-16 fa-2x \\" role=\\"img\\" xmlns=\\"http://www.w3.org/2000/svg\\" viewBox=\\"0 0 512 512\\"><path fill=\\"currentColor\\" d=\\"M256 8C119 8 8 119 8 256s111 248 248 248 248-111 248-248S393 8 256 8zm115.7 272l-176 101c-15.8 8.8-35.7-2.5-35.7-21V152c0-18.4 19.8-29.8 35.7-21l176 107c16.4 9.2 16.4 32.9 0 42z\\"></path></svg></button></td></tr><tr class=\\"listen  \\"><td>***Flawless (feat. Chimamanda Ngozi Adichie)</td><td>Beyoncé, Chimamanda Ngozi Adichie</td><td><abbr title=\\"2020-04-09T15:03:36Z\\">1 day ago</abbr></td><td class=\\"playButton\\"><button title=\\"Play\\" class=\\"btn-link\\" type=\\"button\\"><svg aria-hidden=\\"true\\" focusable=\\"false\\" data-prefix=\\"fas\\" data-icon=\\"play-circle\\" class=\\"svg-inline--fa fa-play-circle fa-w-16 fa-2x \\" role=\\"img\\" xmlns=\\"http://www.w3.org/2000/svg\\" viewBox=\\"0 0 512 512\\"><path fill=\\"currentColor\\" d=\\"M256 8C119 8 8 119 8 256s111 248 248 248 248-111 248-248S393 8 256 8zm115.7 272l-176 101c-15.8 8.8-35.7-2.5-35.7-21V152c0-18.4 19.8-29.8 35.7-21l176 107c16.4 9.2 16.4 32.9 0 42z\\"></path></svg></button></td></tr><tr class=\\"listen  \\"><td>Trust Issues</td><td>Drake</td><td><abbr title=\\"2020-04-09T14:50:17Z\\">1 day ago</abbr></td><td class=\\"playButton\\"><button title=\\"Play\\" class=\\"btn-link\\" type=\\"button\\"><svg aria-hidden=\\"true\\" focusable=\\"false\\" data-prefix=\\"fas\\" data-icon=\\"play-circle\\" class=\\"svg-inline--fa fa-play-circle fa-w-16 fa-2x \\" role=\\"img\\" xmlns=\\"http://www.w3.org/2000/svg\\" viewBox=\\"0 0 512 512\\"><path fill=\\"currentColor\\" d=\\"M256 8C119 8 8 119 8 256s111 248 248 248 248-111 248-248S393 8 256 8zm115.7 272l-176 101c-15.8 8.8-35.7-2.5-35.7-21V152c0-18.4 19.8-29.8 35.7-21l176 107c16.4 9.2 16.4 32.9 0 42z\\"></path></svg></button></td></tr><tr class=\\"listen  \\"><td>How Bout Now</td><td>Drake</td><td><abbr title=\\"2020-04-09T14:45:35Z\\">1 day ago</abbr></td><td class=\\"playButton\\"><button title=\\"Play\\" class=\\"btn-link\\" type=\\"button\\"><svg aria-hidden=\\"true\\" focusable=\\"false\\" data-prefix=\\"fas\\" data-icon=\\"play-circle\\" class=\\"svg-inline--fa fa-play-circle fa-w-16 fa-2x \\" role=\\"img\\" xmlns=\\"http://www.w3.org/2000/svg\\" viewBox=\\"0 0 512 512\\"><path fill=\\"currentColor\\" d=\\"M256 8C119 8 8 119 8 256s111 248 248 248 248-111 248-248S393 8 256 8zm115.7 272l-176 101c-15.8 8.8-35.7-2.5-35.7-21V152c0-18.4 19.8-29.8 35.7-21l176 107c16.4 9.2 16.4 32.9 0 42z\\"></path></svg></button></td></tr><tr class=\\"listen  \\"><td>Touchscreen Navigation - From Swaecation</td><td>Rae Sremmurd, Swae Lee, Slim Jxmmi</td><td><abbr title=\\"2020-04-09T14:39:13Z\\">1 day ago</abbr></td><td class=\\"playButton\\"><button title=\\"Play\\" class=\\"btn-link\\" type=\\"button\\"><svg aria-hidden=\\"true\\" focusable=\\"false\\" data-prefix=\\"fas\\" data-icon=\\"play-circle\\" class=\\"svg-inline--fa fa-play-circle fa-w-16 fa-2x \\" role=\\"img\\" xmlns=\\"http://www.w3.org/2000/svg\\" viewBox=\\"0 0 512 512\\"><path fill=\\"currentColor\\" d=\\"M256 8C119 8 8 119 8 256s111 248 248 248 248-111 248-248S393 8 256 8zm115.7 272l-176 101c-15.8 8.8-35.7-2.5-35.7-21V152c0-18.4 19.8-29.8 35.7-21l176 107c16.4 9.2 16.4 32.9 0 42z\\"></path></svg></button></td></tr><tr class=\\"listen  \\"><td>Get It Together</td><td>Drake, Black Coffee, Jorja Smith</td><td><abbr title=\\"2020-04-09T14:34:30Z\\">1 day ago</abbr></td><td class=\\"playButton\\"><button title=\\"Play\\" class=\\"btn-link\\" type=\\"button\\"><svg aria-hidden=\\"true\\" focusable=\\"false\\" data-prefix=\\"fas\\" data-icon=\\"play-circle\\" class=\\"svg-inline--fa fa-play-circle fa-w-16 fa-2x \\" role=\\"img\\" xmlns=\\"http://www.w3.org/2000/svg\\" viewBox=\\"0 0 512 512\\"><path fill=\\"currentColor\\" d=\\"M256 8C119 8 8 119 8 256s111 248 248 248 248-111 248-248S393 8 256 8zm115.7 272l-176 101c-15.8 8.8-35.7-2.5-35.7-21V152c0-18.4 19.8-29.8 35.7-21l176 107c16.4 9.2 16.4 32.9 0 42z\\"></path></svg></button></td></tr><tr class=\\"listen  \\"><td>Jorja Interlude</td><td>Drake</td><td><abbr title=\\"2020-04-09T14:30:19Z\\">1 day ago</abbr></td><td class=\\"playButton\\"><button title=\\"Play\\" class=\\"btn-link\\" type=\\"button\\"><svg aria-hidden=\\"true\\" focusable=\\"false\\" data-prefix=\\"fas\\" data-icon=\\"play-circle\\" class=\\"svg-inline--fa fa-play-circle fa-w-16 fa-2x \\" role=\\"img\\" xmlns=\\"http://www.w3.org/2000/svg\\" viewBox=\\"0 0 512 512\\"><path fill=\\"currentColor\\" d=\\"M256 8C119 8 8 119 8 256s111 248 248 248 248-111 248-248S393 8 256 8zm115.7 272l-176 101c-15.8 8.8-35.7-2.5-35.7-21V152c0-18.4 19.8-29.8 35.7-21l176 107c16.4 9.2 16.4 32.9 0 42z\\"></path></svg></button></td></tr><tr class=\\"listen  \\"><td>Passionfruit</td><td>Drake</td><td><abbr title=\\"2020-04-09T14:28:32Z\\">1 day ago</abbr></td><td class=\\"playButton\\"><button title=\\"Play\\" class=\\"btn-link\\" type=\\"button\\"><svg aria-hidden=\\"true\\" focusable=\\"false\\" data-prefix=\\"fas\\" data-icon=\\"play-circle\\" class=\\"svg-inline--fa fa-play-circle fa-w-16 fa-2x \\" role=\\"img\\" xmlns=\\"http://www.w3.org/2000/svg\\" viewBox=\\"0 0 512 512\\"><path fill=\\"currentColor\\" d=\\"M256 8C119 8 8 119 8 256s111 248 248 248 248-111 248-248S393 8 256 8zm115.7 272l-176 101c-15.8 8.8-35.7-2.5-35.7-21V152c0-18.4 19.8-29.8 35.7-21l176 107c16.4 9.2 16.4 32.9 0 42z\\"></path></svg></button></td></tr><tr class=\\"listen  \\"><td>Someone Said</td><td>Swae Lee</td><td><abbr title=\\"2020-04-09T14:20:57Z\\">1 day ago</abbr></td><td class=\\"playButton\\"><button title=\\"Play\\" class=\\"btn-link\\" type=\\"button\\"><svg aria-hidden=\\"true\\" focusable=\\"false\\" data-prefix=\\"fas\\" data-icon=\\"play-circle\\" class=\\"svg-inline--fa fa-play-circle fa-w-16 fa-2x \\" role=\\"img\\" xmlns=\\"http://www.w3.org/2000/svg\\" viewBox=\\"0 0 512 512\\"><path fill=\\"currentColor\\" d=\\"M256 8C119 8 8 119 8 256s111 248 248 248 248-111 248-248S393 8 256 8zm115.7 272l-176 101c-15.8 8.8-35.7-2.5-35.7-21V152c0-18.4 19.8-29.8 35.7-21l176 107c16.4 9.2 16.4 32.9 0 42z\\"></path></svg></button></td></tr><tr class=\\"listen  \\"><td>Yes Indeed</td><td>Lil Baby, Drake</td><td><abbr title=\\"2020-04-09T14:13:14Z\\">1 day ago</abbr></td><td class=\\"playButton\\"><button title=\\"Play\\" class=\\"btn-link\\" type=\\"button\\"><svg aria-hidden=\\"true\\" focusable=\\"false\\" data-prefix=\\"fas\\" data-icon=\\"play-circle\\" class=\\"svg-inline--fa fa-play-circle fa-w-16 fa-2x \\" role=\\"img\\" xmlns=\\"http://www.w3.org/2000/svg\\" viewBox=\\"0 0 512 512\\"><path fill=\\"currentColor\\" d=\\"M256 8C119 8 8 119 8 256s111 248 248 248 248-111 248-248S393 8 256 8zm115.7 272l-176 101c-15.8 8.8-35.7-2.5-35.7-21V152c0-18.4 19.8-29.8 35.7-21l176 107c16.4 9.2 16.4 32.9 0 42z\\"></path></svg></button></td></tr><tr class=\\"listen  \\"><td>One Dance</td><td>Drake, WizKid, Kyla</td><td><abbr title=\\"2020-04-09T14:10:51Z\\">1 day ago</abbr></td><td class=\\"playButton\\"><button title=\\"Play\\" class=\\"btn-link\\" type=\\"button\\"><svg aria-hidden=\\"true\\" focusable=\\"false\\" data-prefix=\\"fas\\" data-icon=\\"play-circle\\" class=\\"svg-inline--fa fa-play-circle fa-w-16 fa-2x \\" role=\\"img\\" xmlns=\\"http://www.w3.org/2000/svg\\" viewBox=\\"0 0 512 512\\"><path fill=\\"currentColor\\" d=\\"M256 8C119 8 8 119 8 256s111 248 248 248 248-111 248-248S393 8 256 8zm115.7 272l-176 101c-15.8 8.8-35.7-2.5-35.7-21V152c0-18.4 19.8-29.8 35.7-21l176 107c16.4 9.2 16.4 32.9 0 42z\\"></path></svg></button></td></tr><tr class=\\"listen  \\"><td>7 rings</td><td>Ariana Grande</td><td><abbr title=\\"2020-04-09T14:06:35Z\\">1 day ago</abbr></td><td class=\\"playButton\\"><button title=\\"Play\\" class=\\"btn-link\\" type=\\"button\\"><svg aria-hidden=\\"true\\" focusable=\\"false\\" data-prefix=\\"fas\\" data-icon=\\"play-circle\\" class=\\"svg-inline--fa fa-play-circle fa-w-16 fa-2x \\" role=\\"img\\" xmlns=\\"http://www.w3.org/2000/svg\\" viewBox=\\"0 0 512 512\\"><path fill=\\"currentColor\\" d=\\"M256 8C119 8 8 119 8 256s111 248 248 248 248-111 248-248S393 8 256 8zm115.7 272l-176 101c-15.8 8.8-35.7-2.5-35.7-21V152c0-18.4 19.8-29.8 35.7-21l176 107c16.4 9.2 16.4 32.9 0 42z\\"></path></svg></button></td></tr><tr class=\\"listen  \\"><td>for your time</td><td>Prateek Kuhad</td><td><abbr title=\\"2020-04-09T13:55:36Z\\">1 day ago</abbr></td><td class=\\"playButton\\"><button title=\\"Play\\" class=\\"btn-link\\" type=\\"button\\"><svg aria-hidden=\\"true\\" focusable=\\"false\\" data-prefix=\\"fas\\" data-icon=\\"play-circle\\" class=\\"svg-inline--fa fa-play-circle fa-w-16 fa-2x \\" role=\\"img\\" xmlns=\\"http://www.w3.org/2000/svg\\" viewBox=\\"0 0 512 512\\"><path fill=\\"currentColor\\" d=\\"M256 8C119 8 8 119 8 256s111 248 248 248 248-111 248-248S393 8 256 8zm115.7 272l-176 101c-15.8 8.8-35.7-2.5-35.7-21V152c0-18.4 19.8-29.8 35.7-21l176 107c16.4 9.2 16.4 32.9 0 42z\\"></path></svg></button></td></tr></tbody></table><ul class=\\"pager\\"><li class=\\"previous \\"><a href=\\"/user/iliekcomputers?min_ts=1586513524\\">← Previous</a></li><li class=\\"next \\"><a href=\\"/user/iliekcomputers?max_ts=1586440536\\">Next →</a></li></ul></div><br/></div><div class=\\"col-md-4\\" style=\\"position:sticky;top:20px\\"><div><div id=\\"music-player\\" aria-label=\\"Playback control\\"><div class=\\"album\\"><div class=\\"noAlbumArt\\">No album art</div></div><div class=\\"info showControls\\"><div class=\\"currently-playing\\"><h2 class=\\"song-name\\">—</h2><h3 class=\\"artist-name\\"></h3><div class=\\"progress\\" aria-label=\\"Audio Progress Control\\" role=\\"progressbar\\" aria-valuemin=\\"0\\" aria-valuemax=\\"100\\" aria-valuenow=\\"NaN\\" tabindex=\\"0\\"><div class=\\"progress-bar\\" style=\\"width:NaN%\\"></div></div></div><div class=\\"controls\\"><div class=\\"left btn btn-xs\\" title=\\"Always show controls\\" role=\\"button\\" tabindex=\\"0\\"><svg aria-hidden=\\"true\\" focusable=\\"false\\" data-prefix=\\"fas\\" data-icon=\\"eye-slash\\" class=\\"svg-inline--fa fa-eye-slash fa-w-20 \\" role=\\"img\\" xmlns=\\"http://www.w3.org/2000/svg\\" viewBox=\\"0 0 640 512\\"><path fill=\\"currentColor\\" d=\\"M320 400c-75.85 0-137.25-58.71-142.9-133.11L72.2 185.82c-13.79 17.3-26.48 35.59-36.72 55.59a32.35 32.35 0 0 0 0 29.19C89.71 376.41 197.07 448 320 448c26.91 0 52.87-4 77.89-10.46L346 397.39a144.13 144.13 0 0 1-26 2.61zm313.82 58.1l-110.55-85.44a331.25 331.25 0 0 0 81.25-102.07 32.35 32.35 0 0 0 0-29.19C550.29 135.59 442.93 64 320 64a308.15 308.15 0 0 0-147.32 37.7L45.46 3.37A16 16 0 0 0 23 6.18L3.37 31.45A16 16 0 0 0 6.18 53.9l588.36 454.73a16 16 0 0 0 22.46-2.81l19.64-25.27a16 16 0 0 0-2.82-22.45zm-183.72-142l-39.3-30.38A94.75 94.75 0 0 0 416 256a94.76 94.76 0 0 0-121.31-92.21A47.65 47.65 0 0 1 304 192a46.64 46.64 0 0 1-1.54 10l-73.61-56.89A142.31 142.31 0 0 1 320 112a143.92 143.92 0 0 1 144 144c0 21.63-5.29 41.79-13.9 60.11z\\"></path></svg></div><div class=\\"previous btn btn-xs\\" title=\\"Previous\\" role=\\"button\\" tabindex=\\"0\\"><svg aria-hidden=\\"true\\" focusable=\\"false\\" data-prefix=\\"fas\\" data-icon=\\"fast-backward\\" class=\\"svg-inline--fa fa-fast-backward fa-w-16 \\" role=\\"img\\" xmlns=\\"http://www.w3.org/2000/svg\\" viewBox=\\"0 0 512 512\\"><path fill=\\"currentColor\\" d=\\"M0 436V76c0-6.6 5.4-12 12-12h40c6.6 0 12 5.4 12 12v151.9L235.5 71.4C256.1 54.3 288 68.6 288 96v131.9L459.5 71.4C480.1 54.3 512 68.6 512 96v320c0 27.4-31.9 41.7-52.5 24.6L288 285.3V416c0 27.4-31.9 41.7-52.5 24.6L64 285.3V436c0 6.6-5.4 12-12 12H12c-6.6 0-12-5.4-12-12z\\"></path></svg></div><div class=\\"play btn\\" title=\\"Play\\" role=\\"button\\" tabindex=\\"0\\"><svg aria-hidden=\\"true\\" focusable=\\"false\\" data-prefix=\\"fas\\" data-icon=\\"play-circle\\" class=\\"svg-inline--fa fa-play-circle fa-w-16 fa-2x \\" role=\\"img\\" xmlns=\\"http://www.w3.org/2000/svg\\" viewBox=\\"0 0 512 512\\"><path fill=\\"currentColor\\" d=\\"M256 8C119 8 8 119 8 256s111 248 248 248 248-111 248-248S393 8 256 8zm115.7 272l-176 101c-15.8 8.8-35.7-2.5-35.7-21V152c0-18.4 19.8-29.8 35.7-21l176 107c16.4 9.2 16.4 32.9 0 42z\\"></path></svg></div><div class=\\"next btn btn-xs\\" title=\\"Next\\" role=\\"button\\" tabindex=\\"0\\"><svg aria-hidden=\\"true\\" focusable=\\"false\\" data-prefix=\\"fas\\" data-icon=\\"fast-forward\\" class=\\"svg-inline--fa fa-fast-forward fa-w-16 \\" role=\\"img\\" xmlns=\\"http://www.w3.org/2000/svg\\" viewBox=\\"0 0 512 512\\"><path fill=\\"currentColor\\" d=\\"M512 76v360c0 6.6-5.4 12-12 12h-40c-6.6 0-12-5.4-12-12V284.1L276.5 440.6c-20.6 17.2-52.5 2.8-52.5-24.6V284.1L52.5 440.6C31.9 457.8 0 443.4 0 416V96c0-27.4 31.9-41.7 52.5-24.6L224 226.8V96c0-27.4 31.9-41.7 52.5-24.6L448 226.8V76c0-6.6 5.4-12 12-12h40c6.6 0 12 5.4 12 12z\\"></path></svg></div><div class=\\"right btn btn-xs\\" title=\\"Play up\\" role=\\"button\\" tabindex=\\"0\\"><svg aria-hidden=\\"true\\" focusable=\\"false\\" data-prefix=\\"fas\\" data-icon=\\"sort-amount-down\\" class=\\"svg-inline--fa fa-sort-amount-down fa-w-16 \\" role=\\"img\\" xmlns=\\"http://www.w3.org/2000/svg\\" viewBox=\\"0 0 512 512\\"><path fill=\\"currentColor\\" d=\\"M304 416h-64a16 16 0 0 0-16 16v32a16 16 0 0 0 16 16h64a16 16 0 0 0 16-16v-32a16 16 0 0 0-16-16zm-128-64h-48V48a16 16 0 0 0-16-16H80a16 16 0 0 0-16 16v304H16c-14.19 0-21.37 17.24-11.29 27.31l80 96a16 16 0 0 0 22.62 0l80-96C197.35 369.26 190.22 352 176 352zm256-192H240a16 16 0 0 0-16 16v32a16 16 0 0 0 16 16h192a16 16 0 0 0 16-16v-32a16 16 0 0 0-16-16zm-64 128H240a16 16 0 0 0-16 16v32a16 16 0 0 0 16 16h128a16 16 0 0 0 16-16v-32a16 16 0 0 0-16-16zM496 32H240a16 16 0 0 0-16 16v32a16 16 0 0 0 16 16h256a16 16 0 0 0 16-16V48a16 16 0 0 0-16-16z\\"></path></svg></div></div></div></div></div></div></div></div>"`;
