// Jest Snapshot v1, https://goo.gl/fbAQLP

exports[`UserFeedback renders correctly 1`] = `
"<div role=\\"main\\"><div class=\\"row\\"><div class=\\"col-md-8\\"><h3 style=\\"display: inline-block; margin-right: 0.5em; vertical-align: sub;\\">Tracks mr_monkey</h3><button type=\\"button\\" style=\\"background: rgb(53, 48, 112); border: 2px solid #353070; font-weight: 700; color: white; border-radius: 24px; outline: none; padding: 3px 12px; margin: 2px 6px 12px 6px; box-sizing: border-box;\\"><svg aria-hidden=\\"true\\" focusable=\\"false\\" data-prefix=\\"fas\\" data-icon=\\"heart\\" class=\\"svg-inline--fa fa-heart fa-w-16 \\" role=\\"img\\" xmlns=\\"http://www.w3.org/2000/svg\\" viewBox=\\"0 0 512 512\\"><path fill=\\"currentColor\\" d=\\"M462.3 62.6C407.5 15.9 326 24.3 275.7 76.2L256 96.5l-19.7-20.3C186.1 24.3 104.5 15.9 49.7 62.6c-62.8 53.6-66.1 149.8-9.9 207.9l193.5 199.8c12.5 12.9 32.8 12.9 45.3 0l193.5-199.8c56.3-58.1 53-154.3-9.8-207.9z\\"></path></svg> Loved</button><button type=\\"button\\" style=\\"background: transparent; border: 2px solid #bbbbbb; color: rgb(187, 187, 187); border-radius: 24px; outline: none; padding: 3px 12px; margin: 2px 6px 12px 6px; box-sizing: border-box;\\"><svg aria-hidden=\\"true\\" focusable=\\"false\\" data-prefix=\\"fas\\" data-icon=\\"heart-broken\\" class=\\"svg-inline--fa fa-heart-broken fa-w-16 \\" role=\\"img\\" xmlns=\\"http://www.w3.org/2000/svg\\" viewBox=\\"0 0 512 512\\"><path fill=\\"currentColor\\" d=\\"M473.7 73.8l-2.4-2.5c-46-47-118-51.7-169.6-14.8L336 159.9l-96 64 48 128-144-144 96-64-28.6-86.5C159.7 19.6 87 24 40.7 71.4l-2.4 2.4C-10.4 123.6-12.5 202.9 31 256l212.1 218.6c7.1 7.3 18.6 7.3 25.7 0L481 255.9c43.5-53 41.4-132.3-7.3-182.1z\\"></path></svg> Hated</button><div><div style=\\"height: 0px; position: sticky; top: 50%; z-index: 1;\\"></div><div id=\\"listens\\" style=\\"opacity: 1;\\"><div style=\\"background: rgb(255, 255, 255); border: 1px solid #eeeeee; box-sizing: border-box; box-shadow: 0 1px 1px rgba(192,192,192,0.1), 0 2px 2px rgba(192,192,192,0.15), 0 4px 4px rgba(192,192,192,0.20); border-radius: 8px; height: 100%;\\" class=\\"listen-card row  
		 \\"><div class=\\"listen-details  col-xs-12\\"></div><div class=\\"col-xs-4 col-sm-3 listen-controls-container\\"><div class=\\"listen-controls\\"><button title=\\"Play\\" class=\\"btn-transparent play-button\\" type=\\"button\\"><svg aria-hidden=\\"true\\" focusable=\\"false\\" data-prefix=\\"far\\" data-icon=\\"play-circle\\" class=\\"svg-inline--fa fa-play-circle fa-w-16 fa-2x \\" role=\\"img\\" xmlns=\\"http://www.w3.org/2000/svg\\" viewBox=\\"0 0 512 512\\"><path fill=\\"currentColor\\" d=\\"M371.7 238l-176-107c-15.8-8.8-35.7 2.5-35.7 21v208c0 18.4 19.8 29.8 35.7 21l176-101c16.4-9.1 16.4-32.8 0-42zM504 256C504 119 393 8 256 8S8 119 8 256s111 248 248 248 248-111 248-248zm-448 0c0-110.5 89.5-200 200-200s200 89.5 200 200-89.5 200-200 200S56 366.5 56 256z\\"></path></svg></button></div></div></div><div style=\\"background: rgb(255, 255, 255); border: 1px solid #eeeeee; box-sizing: border-box; box-shadow: 0 1px 1px rgba(192,192,192,0.1), 0 2px 2px rgba(192,192,192,0.15), 0 4px 4px rgba(192,192,192,0.20); border-radius: 8px; height: 100%;\\" class=\\"listen-card row  
		 \\"><div class=\\"listen-details  col-xs-12\\"></div><div class=\\"col-xs-4 col-sm-3 listen-controls-container\\"><div class=\\"listen-controls\\"><button title=\\"Play\\" class=\\"btn-transparent play-button\\" type=\\"button\\"><svg aria-hidden=\\"true\\" focusable=\\"false\\" data-prefix=\\"far\\" data-icon=\\"play-circle\\" class=\\"svg-inline--fa fa-play-circle fa-w-16 fa-2x \\" role=\\"img\\" xmlns=\\"http://www.w3.org/2000/svg\\" viewBox=\\"0 0 512 512\\"><path fill=\\"currentColor\\" d=\\"M371.7 238l-176-107c-15.8-8.8-35.7 2.5-35.7 21v208c0 18.4 19.8 29.8 35.7 21l176-101c16.4-9.1 16.4-32.8 0-42zM504 256C504 119 393 8 256 8S8 119 8 256s111 248 248 248 248-111 248-248zm-448 0c0-110.5 89.5-200 200-200s200 89.5 200 200-89.5 200-200 200S56 366.5 56 256z\\"></path></svg></button></div></div></div><div style=\\"background: rgb(255, 255, 255); border: 1px solid #eeeeee; box-sizing: border-box; box-shadow: 0 1px 1px rgba(192,192,192,0.1), 0 2px 2px rgba(192,192,192,0.15), 0 4px 4px rgba(192,192,192,0.20); border-radius: 8px; height: 100%;\\" class=\\"listen-card row  
		 \\"><div class=\\"listen-details  col-xs-12\\"></div><div class=\\"col-xs-4 col-sm-3 listen-controls-container\\"><div class=\\"listen-controls\\"><button title=\\"Play\\" class=\\"btn-transparent play-button\\" type=\\"button\\"><svg aria-hidden=\\"true\\" focusable=\\"false\\" data-prefix=\\"far\\" data-icon=\\"play-circle\\" class=\\"svg-inline--fa fa-play-circle fa-w-16 fa-2x \\" role=\\"img\\" xmlns=\\"http://www.w3.org/2000/svg\\" viewBox=\\"0 0 512 512\\"><path fill=\\"currentColor\\" d=\\"M371.7 238l-176-107c-15.8-8.8-35.7 2.5-35.7 21v208c0 18.4 19.8 29.8 35.7 21l176-101c16.4-9.1 16.4-32.8 0-42zM504 256C504 119 393 8 256 8S8 119 8 256s111 248 248 248 248-111 248-248zm-448 0c0-110.5 89.5-200 200-200s200 89.5 200 200-89.5 200-200 200S56 366.5 56 256z\\"></path></svg></button></div></div></div><div style=\\"background: rgb(255, 255, 255); border: 1px solid #eeeeee; box-sizing: border-box; box-shadow: 0 1px 1px rgba(192,192,192,0.1), 0 2px 2px rgba(192,192,192,0.15), 0 4px 4px rgba(192,192,192,0.20); border-radius: 8px; height: 100%;\\" class=\\"listen-card row  
		 \\"><div class=\\"listen-details  col-xs-12\\"></div><div class=\\"col-xs-4 col-sm-3 listen-controls-container\\"><div class=\\"listen-controls\\"><button title=\\"Play\\" class=\\"btn-transparent play-button\\" type=\\"button\\"><svg aria-hidden=\\"true\\" focusable=\\"false\\" data-prefix=\\"far\\" data-icon=\\"play-circle\\" class=\\"svg-inline--fa fa-play-circle fa-w-16 fa-2x \\" role=\\"img\\" xmlns=\\"http://www.w3.org/2000/svg\\" viewBox=\\"0 0 512 512\\"><path fill=\\"currentColor\\" d=\\"M371.7 238l-176-107c-15.8-8.8-35.7 2.5-35.7 21v208c0 18.4 19.8 29.8 35.7 21l176-101c16.4-9.1 16.4-32.8 0-42zM504 256C504 119 393 8 256 8S8 119 8 256s111 248 248 248 248-111 248-248zm-448 0c0-110.5 89.5-200 200-200s200 89.5 200 200-89.5 200-200 200S56 366.5 56 256z\\"></path></svg></button></div></div></div><div style=\\"background: rgb(255, 255, 255); border: 1px solid #eeeeee; box-sizing: border-box; box-shadow: 0 1px 1px rgba(192,192,192,0.1), 0 2px 2px rgba(192,192,192,0.15), 0 4px 4px rgba(192,192,192,0.20); border-radius: 8px; height: 100%;\\" class=\\"listen-card row  
		 \\"><div class=\\"listen-details  col-xs-12\\"></div><div class=\\"col-xs-4 col-sm-3 listen-controls-container\\"><div class=\\"listen-controls\\"><button title=\\"Play\\" class=\\"btn-transparent play-button\\" type=\\"button\\"><svg aria-hidden=\\"true\\" focusable=\\"false\\" data-prefix=\\"far\\" data-icon=\\"play-circle\\" class=\\"svg-inline--fa fa-play-circle fa-w-16 fa-2x \\" role=\\"img\\" xmlns=\\"http://www.w3.org/2000/svg\\" viewBox=\\"0 0 512 512\\"><path fill=\\"currentColor\\" d=\\"M371.7 238l-176-107c-15.8-8.8-35.7 2.5-35.7 21v208c0 18.4 19.8 29.8 35.7 21l176-101c16.4-9.1 16.4-32.8 0-42zM504 256C504 119 393 8 256 8S8 119 8 256s111 248 248 248 248-111 248-248zm-448 0c0-110.5 89.5-200 200-200s200 89.5 200 200-89.5 200-200 200S56 366.5 56 256z\\"></path></svg></button></div></div></div><div style=\\"background: rgb(255, 255, 255); border: 1px solid #eeeeee; box-sizing: border-box; box-shadow: 0 1px 1px rgba(192,192,192,0.1), 0 2px 2px rgba(192,192,192,0.15), 0 4px 4px rgba(192,192,192,0.20); border-radius: 8px; height: 100%;\\" class=\\"listen-card row  
		 \\"><div class=\\"listen-details  col-xs-12\\"></div><div class=\\"col-xs-4 col-sm-3 listen-controls-container\\"><div class=\\"listen-controls\\"><button title=\\"Play\\" class=\\"btn-transparent play-button\\" type=\\"button\\"><svg aria-hidden=\\"true\\" focusable=\\"false\\" data-prefix=\\"far\\" data-icon=\\"play-circle\\" class=\\"svg-inline--fa fa-play-circle fa-w-16 fa-2x \\" role=\\"img\\" xmlns=\\"http://www.w3.org/2000/svg\\" viewBox=\\"0 0 512 512\\"><path fill=\\"currentColor\\" d=\\"M371.7 238l-176-107c-15.8-8.8-35.7 2.5-35.7 21v208c0 18.4 19.8 29.8 35.7 21l176-101c16.4-9.1 16.4-32.8 0-42zM504 256C504 119 393 8 256 8S8 119 8 256s111 248 248 248 248-111 248-248zm-448 0c0-110.5 89.5-200 200-200s200 89.5 200 200-89.5 200-200 200S56 366.5 56 256z\\"></path></svg></button></div></div></div><div style=\\"background: rgb(255, 255, 255); border: 1px solid #eeeeee; box-sizing: border-box; box-shadow: 0 1px 1px rgba(192,192,192,0.1), 0 2px 2px rgba(192,192,192,0.15), 0 4px 4px rgba(192,192,192,0.20); border-radius: 8px; height: 100%;\\" class=\\"listen-card row  
		 \\"><div class=\\"listen-details  col-xs-12\\"></div><div class=\\"col-xs-4 col-sm-3 listen-controls-container\\"><div class=\\"listen-controls\\"><button title=\\"Play\\" class=\\"btn-transparent play-button\\" type=\\"button\\"><svg aria-hidden=\\"true\\" focusable=\\"false\\" data-prefix=\\"far\\" data-icon=\\"play-circle\\" class=\\"svg-inline--fa fa-play-circle fa-w-16 fa-2x \\" role=\\"img\\" xmlns=\\"http://www.w3.org/2000/svg\\" viewBox=\\"0 0 512 512\\"><path fill=\\"currentColor\\" d=\\"M371.7 238l-176-107c-15.8-8.8-35.7 2.5-35.7 21v208c0 18.4 19.8 29.8 35.7 21l176-101c16.4-9.1 16.4-32.8 0-42zM504 256C504 119 393 8 256 8S8 119 8 256s111 248 248 248 248-111 248-248zm-448 0c0-110.5 89.5-200 200-200s200 89.5 200 200-89.5 200-200 200S56 366.5 56 256z\\"></path></svg></button></div></div></div><div style=\\"background: rgb(255, 255, 255); border: 1px solid #eeeeee; box-sizing: border-box; box-shadow: 0 1px 1px rgba(192,192,192,0.1), 0 2px 2px rgba(192,192,192,0.15), 0 4px 4px rgba(192,192,192,0.20); border-radius: 8px; height: 100%;\\" class=\\"listen-card row  
		 \\"><div class=\\"listen-details  col-xs-12\\"></div><div class=\\"col-xs-4 col-sm-3 listen-controls-container\\"><div class=\\"listen-controls\\"><button title=\\"Play\\" class=\\"btn-transparent play-button\\" type=\\"button\\"><svg aria-hidden=\\"true\\" focusable=\\"false\\" data-prefix=\\"far\\" data-icon=\\"play-circle\\" class=\\"svg-inline--fa fa-play-circle fa-w-16 fa-2x \\" role=\\"img\\" xmlns=\\"http://www.w3.org/2000/svg\\" viewBox=\\"0 0 512 512\\"><path fill=\\"currentColor\\" d=\\"M371.7 238l-176-107c-15.8-8.8-35.7 2.5-35.7 21v208c0 18.4 19.8 29.8 35.7 21l176-101c16.4-9.1 16.4-32.8 0-42zM504 256C504 119 393 8 256 8S8 119 8 256s111 248 248 248 248-111 248-248zm-448 0c0-110.5 89.5-200 200-200s200 89.5 200 200-89.5 200-200 200S56 366.5 56 256z\\"></path></svg></button></div></div></div><div style=\\"background: rgb(255, 255, 255); border: 1px solid #eeeeee; box-sizing: border-box; box-shadow: 0 1px 1px rgba(192,192,192,0.1), 0 2px 2px rgba(192,192,192,0.15), 0 4px 4px rgba(192,192,192,0.20); border-radius: 8px; height: 100%;\\" class=\\"listen-card row  
		 \\"><div class=\\"listen-details  col-xs-12\\"></div><div class=\\"col-xs-4 col-sm-3 listen-controls-container\\"><div class=\\"listen-controls\\"><button title=\\"Play\\" class=\\"btn-transparent play-button\\" type=\\"button\\"><svg aria-hidden=\\"true\\" focusable=\\"false\\" data-prefix=\\"far\\" data-icon=\\"play-circle\\" class=\\"svg-inline--fa fa-play-circle fa-w-16 fa-2x \\" role=\\"img\\" xmlns=\\"http://www.w3.org/2000/svg\\" viewBox=\\"0 0 512 512\\"><path fill=\\"currentColor\\" d=\\"M371.7 238l-176-107c-15.8-8.8-35.7 2.5-35.7 21v208c0 18.4 19.8 29.8 35.7 21l176-101c16.4-9.1 16.4-32.8 0-42zM504 256C504 119 393 8 256 8S8 119 8 256s111 248 248 248 248-111 248-248zm-448 0c0-110.5 89.5-200 200-200s200 89.5 200 200-89.5 200-200 200S56 366.5 56 256z\\"></path></svg></button></div></div></div><div style=\\"background: rgb(255, 255, 255); border: 1px solid #eeeeee; box-sizing: border-box; box-shadow: 0 1px 1px rgba(192,192,192,0.1), 0 2px 2px rgba(192,192,192,0.15), 0 4px 4px rgba(192,192,192,0.20); border-radius: 8px; height: 100%;\\" class=\\"listen-card row  
		 \\"><div class=\\"listen-details  col-xs-12\\"></div><div class=\\"col-xs-4 col-sm-3 listen-controls-container\\"><div class=\\"listen-controls\\"><button title=\\"Play\\" class=\\"btn-transparent play-button\\" type=\\"button\\"><svg aria-hidden=\\"true\\" focusable=\\"false\\" data-prefix=\\"far\\" data-icon=\\"play-circle\\" class=\\"svg-inline--fa fa-play-circle fa-w-16 fa-2x \\" role=\\"img\\" xmlns=\\"http://www.w3.org/2000/svg\\" viewBox=\\"0 0 512 512\\"><path fill=\\"currentColor\\" d=\\"M371.7 238l-176-107c-15.8-8.8-35.7 2.5-35.7 21v208c0 18.4 19.8 29.8 35.7 21l176-101c16.4-9.1 16.4-32.8 0-42zM504 256C504 119 393 8 256 8S8 119 8 256s111 248 248 248 248-111 248-248zm-448 0c0-110.5 89.5-200 200-200s200 89.5 200 200-89.5 200-200 200S56 366.5 56 256z\\"></path></svg></button></div></div></div><div style=\\"background: rgb(255, 255, 255); border: 1px solid #eeeeee; box-sizing: border-box; box-shadow: 0 1px 1px rgba(192,192,192,0.1), 0 2px 2px rgba(192,192,192,0.15), 0 4px 4px rgba(192,192,192,0.20); border-radius: 8px; height: 100%;\\" class=\\"listen-card row  
		 \\"><div class=\\"listen-details  col-xs-12\\"></div><div class=\\"col-xs-4 col-sm-3 listen-controls-container\\"><div class=\\"listen-controls\\"><button title=\\"Play\\" class=\\"btn-transparent play-button\\" type=\\"button\\"><svg aria-hidden=\\"true\\" focusable=\\"false\\" data-prefix=\\"far\\" data-icon=\\"play-circle\\" class=\\"svg-inline--fa fa-play-circle fa-w-16 fa-2x \\" role=\\"img\\" xmlns=\\"http://www.w3.org/2000/svg\\" viewBox=\\"0 0 512 512\\"><path fill=\\"currentColor\\" d=\\"M371.7 238l-176-107c-15.8-8.8-35.7 2.5-35.7 21v208c0 18.4 19.8 29.8 35.7 21l176-101c16.4-9.1 16.4-32.8 0-42zM504 256C504 119 393 8 256 8S8 119 8 256s111 248 248 248 248-111 248-248zm-448 0c0-110.5 89.5-200 200-200s200 89.5 200 200-89.5 200-200 200S56 366.5 56 256z\\"></path></svg></button></div></div></div><div style=\\"background: rgb(255, 255, 255); border: 1px solid #eeeeee; box-sizing: border-box; box-shadow: 0 1px 1px rgba(192,192,192,0.1), 0 2px 2px rgba(192,192,192,0.15), 0 4px 4px rgba(192,192,192,0.20); border-radius: 8px; height: 100%;\\" class=\\"listen-card row  
		 \\"><div class=\\"listen-details  col-xs-12\\"></div><div class=\\"col-xs-4 col-sm-3 listen-controls-container\\"><div class=\\"listen-controls\\"><button title=\\"Play\\" class=\\"btn-transparent play-button\\" type=\\"button\\"><svg aria-hidden=\\"true\\" focusable=\\"false\\" data-prefix=\\"far\\" data-icon=\\"play-circle\\" class=\\"svg-inline--fa fa-play-circle fa-w-16 fa-2x \\" role=\\"img\\" xmlns=\\"http://www.w3.org/2000/svg\\" viewBox=\\"0 0 512 512\\"><path fill=\\"currentColor\\" d=\\"M371.7 238l-176-107c-15.8-8.8-35.7 2.5-35.7 21v208c0 18.4 19.8 29.8 35.7 21l176-101c16.4-9.1 16.4-32.8 0-42zM504 256C504 119 393 8 256 8S8 119 8 256s111 248 248 248 248-111 248-248zm-448 0c0-110.5 89.5-200 200-200s200 89.5 200 200-89.5 200-200 200S56 366.5 56 256z\\"></path></svg></button></div></div></div><div style=\\"background: rgb(255, 255, 255); border: 1px solid #eeeeee; box-sizing: border-box; box-shadow: 0 1px 1px rgba(192,192,192,0.1), 0 2px 2px rgba(192,192,192,0.15), 0 4px 4px rgba(192,192,192,0.20); border-radius: 8px; height: 100%;\\" class=\\"listen-card row  
		 \\"><div class=\\"listen-details  col-xs-12\\"></div><div class=\\"col-xs-4 col-sm-3 listen-controls-container\\"><div class=\\"listen-controls\\"><button title=\\"Play\\" class=\\"btn-transparent play-button\\" type=\\"button\\"><svg aria-hidden=\\"true\\" focusable=\\"false\\" data-prefix=\\"far\\" data-icon=\\"play-circle\\" class=\\"svg-inline--fa fa-play-circle fa-w-16 fa-2x \\" role=\\"img\\" xmlns=\\"http://www.w3.org/2000/svg\\" viewBox=\\"0 0 512 512\\"><path fill=\\"currentColor\\" d=\\"M371.7 238l-176-107c-15.8-8.8-35.7 2.5-35.7 21v208c0 18.4 19.8 29.8 35.7 21l176-101c16.4-9.1 16.4-32.8 0-42zM504 256C504 119 393 8 256 8S8 119 8 256s111 248 248 248 248-111 248-248zm-448 0c0-110.5 89.5-200 200-200s200 89.5 200 200-89.5 200-200 200S56 366.5 56 256z\\"></path></svg></button></div></div></div><div style=\\"background: rgb(255, 255, 255); border: 1px solid #eeeeee; box-sizing: border-box; box-shadow: 0 1px 1px rgba(192,192,192,0.1), 0 2px 2px rgba(192,192,192,0.15), 0 4px 4px rgba(192,192,192,0.20); border-radius: 8px; height: 100%;\\" class=\\"listen-card row  
		 \\"><div class=\\"listen-details  col-xs-12\\"></div><div class=\\"col-xs-4 col-sm-3 listen-controls-container\\"><div class=\\"listen-controls\\"><button title=\\"Play\\" class=\\"btn-transparent play-button\\" type=\\"button\\"><svg aria-hidden=\\"true\\" focusable=\\"false\\" data-prefix=\\"far\\" data-icon=\\"play-circle\\" class=\\"svg-inline--fa fa-play-circle fa-w-16 fa-2x \\" role=\\"img\\" xmlns=\\"http://www.w3.org/2000/svg\\" viewBox=\\"0 0 512 512\\"><path fill=\\"currentColor\\" d=\\"M371.7 238l-176-107c-15.8-8.8-35.7 2.5-35.7 21v208c0 18.4 19.8 29.8 35.7 21l176-101c16.4-9.1 16.4-32.8 0-42zM504 256C504 119 393 8 256 8S8 119 8 256s111 248 248 248 248-111 248-248zm-448 0c0-110.5 89.5-200 200-200s200 89.5 200 200-89.5 200-200 200S56 366.5 56 256z\\"></path></svg></button></div></div></div><div style=\\"background: rgb(255, 255, 255); border: 1px solid #eeeeee; box-sizing: border-box; box-shadow: 0 1px 1px rgba(192,192,192,0.1), 0 2px 2px rgba(192,192,192,0.15), 0 4px 4px rgba(192,192,192,0.20); border-radius: 8px; height: 100%;\\" class=\\"listen-card row  
		 \\"><div class=\\"listen-details  col-xs-12\\"></div><div class=\\"col-xs-4 col-sm-3 listen-controls-container\\"><div class=\\"listen-controls\\"><button title=\\"Play\\" class=\\"btn-transparent play-button\\" type=\\"button\\"><svg aria-hidden=\\"true\\" focusable=\\"false\\" data-prefix=\\"far\\" data-icon=\\"play-circle\\" class=\\"svg-inline--fa fa-play-circle fa-w-16 fa-2x \\" role=\\"img\\" xmlns=\\"http://www.w3.org/2000/svg\\" viewBox=\\"0 0 512 512\\"><path fill=\\"currentColor\\" d=\\"M371.7 238l-176-107c-15.8-8.8-35.7 2.5-35.7 21v208c0 18.4 19.8 29.8 35.7 21l176-101c16.4-9.1 16.4-32.8 0-42zM504 256C504 119 393 8 256 8S8 119 8 256s111 248 248 248 248-111 248-248zm-448 0c0-110.5 89.5-200 200-200s200 89.5 200 200-89.5 200-200 200S56 366.5 56 256z\\"></path></svg></button></div></div></div></div><h5 class=\\"text-center\\">No more feedback to show</h5><ul class=\\"pager\\" id=\\"navigation\\"><li class=\\"previous disabled\\"><a role=\\"button\\" tabindex=\\"0\\">⇤</a></li><li class=\\"previous disabled\\"><a role=\\"button\\" tabindex=\\"0\\">← Newer</a></li><li class=\\"next disabled\\" style=\\"margin-left: auto;\\"><a role=\\"button\\" tabindex=\\"0\\">Older →</a></li><li class=\\"next disabled\\"><a role=\\"button\\" tabindex=\\"0\\">⇥</a></li></ul><div class=\\"modal fade\\" id=\\"PinRecordingModal\\" tabindex=\\"-1\\" role=\\"dialog\\" aria-labelledby=\\"PinRecordingModalLabel\\" data-backdrop=\\"static\\"><div class=\\"modal-dialog\\" role=\\"document\\"><form class=\\"modal-content\\"><div class=\\"modal-header\\"><button type=\\"button\\" class=\\"close\\" data-dismiss=\\"modal\\" aria-label=\\"Close\\"><span aria-hidden=\\"true\\">×</span></button><h4 class=\\"modal-title\\" id=\\"PinRecordingModalLabel\\">Pin This Recording to Your Profile</h4></div><div class=\\"modal-body\\"><p>Why do you love <b> Bird's lament by Hobocombo</b>? (Optional)</p><div class=\\"form-group\\"><textarea class=\\"form-control\\" id=\\"blurb-content\\" placeholder=\\"Let your followers know why you are showcasing this recording...\\" name=\\"blurb-content\\" rows=\\"4\\" style=\\"resize: vertical;\\" spellcheck=\\"false\\"></textarea></div><small style=\\"display: block; text-align: right;\\">0 / 280</small><small>Pinning this recording will replace any recording currently pinned. <br><b>Bird's lament by Hobocombo</b> will be unpinned from your profile in <b>one week</b>, on May 26, 1:00 AM.</small></div><div class=\\"modal-footer\\"><button type=\\"button\\" class=\\"btn btn-default\\" data-dismiss=\\"modal\\">Cancel</button><button type=\\"submit\\" class=\\"btn btn-success\\" data-dismiss=\\"modal\\">Pin Recording</button></div></form></div></div></div></div><div class=\\"col-md-4\\" style=\\"position: sticky; top: 20px;\\"><div><div id=\\"music-player\\" aria-label=\\"Playback control\\"><div class=\\"content\\"><div class=\\"connect-services-message\\">You need to <a href=\\"/profile/music-services/details/\\" target=\\"_blank\\">connect to a music service</a> and refresh this page in order to search for and play songs on ListenBrainz.</div><div class=\\"youtube hidden\\"><div class=\\"\\"><div></div></div></div><div class=\\"soundcloud hidden\\"><iframe id=\\"soundcloud-iframe\\" title=\\"Soundcloud player\\" width=\\"100%\\" height=\\"420px\\" scrolling=\\"no\\" frameborder=\\"no\\" allow=\\"autoplay\\" src=\\"https://w.soundcloud.com/player/?auto_play=false\\"></iframe></div><div class=\\"no-album-art\\"></div></div><div class=\\"info showControls\\"><div class=\\"currently-playing\\"><div class=\\"progress\\" aria-label=\\"Audio Progress Control\\" role=\\"progressbar\\" aria-valuemin=\\"0\\" aria-valuemax=\\"100\\" aria-valuenow=\\"NaN\\" tabindex=\\"0\\"><div class=\\"progress-bar\\"></div></div></div><div class=\\"controls\\"><div class=\\"left btn btn-xs\\" title=\\"Always show controls\\" role=\\"button\\" tabindex=\\"0\\"><svg aria-hidden=\\"true\\" focusable=\\"false\\" data-prefix=\\"fas\\" data-icon=\\"eye-slash\\" class=\\"svg-inline--fa fa-eye-slash fa-w-20 \\" role=\\"img\\" xmlns=\\"http://www.w3.org/2000/svg\\" viewBox=\\"0 0 640 512\\"><path fill=\\"currentColor\\" d=\\"M320 400c-75.85 0-137.25-58.71-142.9-133.11L72.2 185.82c-13.79 17.3-26.48 35.59-36.72 55.59a32.35 32.35 0 0 0 0 29.19C89.71 376.41 197.07 448 320 448c26.91 0 52.87-4 77.89-10.46L346 397.39a144.13 144.13 0 0 1-26 2.61zm313.82 58.1l-110.55-85.44a331.25 331.25 0 0 0 81.25-102.07 32.35 32.35 0 0 0 0-29.19C550.29 135.59 442.93 64 320 64a308.15 308.15 0 0 0-147.32 37.7L45.46 3.37A16 16 0 0 0 23 6.18L3.37 31.45A16 16 0 0 0 6.18 53.9l588.36 454.73a16 16 0 0 0 22.46-2.81l19.64-25.27a16 16 0 0 0-2.82-22.45zm-183.72-142l-39.3-30.38A94.75 94.75 0 0 0 416 256a94.76 94.76 0 0 0-121.31-92.21A47.65 47.65 0 0 1 304 192a46.64 46.64 0 0 1-1.54 10l-73.61-56.89A142.31 142.31 0 0 1 320 112a143.92 143.92 0 0 1 144 144c0 21.63-5.29 41.79-13.9 60.11z\\"></path></svg></div><div class=\\"previous btn btn-xs\\" title=\\"Previous\\" role=\\"button\\" tabindex=\\"0\\"><svg aria-hidden=\\"true\\" focusable=\\"false\\" data-prefix=\\"fas\\" data-icon=\\"fast-backward\\" class=\\"svg-inline--fa fa-fast-backward fa-w-16 \\" role=\\"img\\" xmlns=\\"http://www.w3.org/2000/svg\\" viewBox=\\"0 0 512 512\\"><path fill=\\"currentColor\\" d=\\"M0 436V76c0-6.6 5.4-12 12-12h40c6.6 0 12 5.4 12 12v151.9L235.5 71.4C256.1 54.3 288 68.6 288 96v131.9L459.5 71.4C480.1 54.3 512 68.6 512 96v320c0 27.4-31.9 41.7-52.5 24.6L288 285.3V416c0 27.4-31.9 41.7-52.5 24.6L64 285.3V436c0 6.6-5.4 12-12 12H12c-6.6 0-12-5.4-12-12z\\"></path></svg></div><div class=\\"play btn\\" title=\\"Play\\" role=\\"button\\" tabindex=\\"0\\"><svg aria-hidden=\\"true\\" focusable=\\"false\\" data-prefix=\\"fas\\" data-icon=\\"play-circle\\" class=\\"svg-inline--fa fa-play-circle fa-w-16 fa-2x \\" role=\\"img\\" xmlns=\\"http://www.w3.org/2000/svg\\" viewBox=\\"0 0 512 512\\"><path fill=\\"currentColor\\" d=\\"M256 8C119 8 8 119 8 256s111 248 248 248 248-111 248-248S393 8 256 8zm115.7 272l-176 101c-15.8 8.8-35.7-2.5-35.7-21V152c0-18.4 19.8-29.8 35.7-21l176 107c16.4 9.2 16.4 32.9 0 42z\\"></path></svg></div><div class=\\"next btn btn-xs\\" title=\\"Next\\" role=\\"button\\" tabindex=\\"0\\"><svg aria-hidden=\\"true\\" focusable=\\"false\\" data-prefix=\\"fas\\" data-icon=\\"fast-forward\\" class=\\"svg-inline--fa fa-fast-forward fa-w-16 \\" role=\\"img\\" xmlns=\\"http://www.w3.org/2000/svg\\" viewBox=\\"0 0 512 512\\"><path fill=\\"currentColor\\" d=\\"M512 76v360c0 6.6-5.4 12-12 12h-40c-6.6 0-12-5.4-12-12V284.1L276.5 440.6c-20.6 17.2-52.5 2.8-52.5-24.6V284.1L52.5 440.6C31.9 457.8 0 443.4 0 416V96c0-27.4 31.9-41.7 52.5-24.6L224 226.8V96c0-27.4 31.9-41.7 52.5-24.6L448 226.8V76c0-6.6 5.4-12 12-12h40c6.6 0 12 5.4 12 12z\\"></path></svg></div><div class=\\"right btn btn-xs\\" title=\\"Play up\\" role=\\"button\\" tabindex=\\"0\\"><svg aria-hidden=\\"true\\" focusable=\\"false\\" data-prefix=\\"fas\\" data-icon=\\"sort-amount-down\\" class=\\"svg-inline--fa fa-sort-amount-down fa-w-16 \\" role=\\"img\\" xmlns=\\"http://www.w3.org/2000/svg\\" viewBox=\\"0 0 512 512\\"><path fill=\\"currentColor\\" d=\\"M304 416h-64a16 16 0 0 0-16 16v32a16 16 0 0 0 16 16h64a16 16 0 0 0 16-16v-32a16 16 0 0 0-16-16zm-128-64h-48V48a16 16 0 0 0-16-16H80a16 16 0 0 0-16 16v304H16c-14.19 0-21.37 17.24-11.29 27.31l80 96a16 16 0 0 0 22.62 0l80-96C197.35 369.26 190.22 352 176 352zm256-192H240a16 16 0 0 0-16 16v32a16 16 0 0 0 16 16h192a16 16 0 0 0 16-16v-32a16 16 0 0 0-16-16zm-64 128H240a16 16 0 0 0-16 16v32a16 16 0 0 0 16 16h128a16 16 0 0 0 16-16v-32a16 16 0 0 0-16-16zM496 32H240a16 16 0 0 0-16 16v32a16 16 0 0 0 16 16h256a16 16 0 0 0 16-16V48a16 16 0 0 0-16-16z\\"></path></svg></div></div></div></div></div></div></div></div>"
`;
