// Jest Snapshot v1, https://goo.gl/fbAQLP

exports[`<UserFeed /> renders correctly 1`] = `"<h2>Latest activity</h2><div role=\\"main\\"><div class=\\"AlertContainer-container-0-1-10 AlertContainer-bottom-right-0-1-13\\"><div><div></div></div></div><div class=\\"row\\"><div class=\\"col-md-7\\"><div id=\\"timeline\\"><ul><li class=\\"timeline-event\\"><div class=\\"event-description\\"><span class=\\"event-icon recording_recommendation\\"><span class=\\"fa-layers\\"><svg aria-hidden=\\"true\\" focusable=\\"false\\" data-prefix=\\"fas\\" data-icon=\\"circle\\" class=\\"svg-inline--fa fa-circle fa-w-16 \\" role=\\"img\\" xmlns=\\"http://www.w3.org/2000/svg\\" viewBox=\\"0 0 512 512\\" style=\\"transform-origin:0.5em 0.5em\\"><g transform=\\"translate(256 256)\\"><g transform=\\"translate(0, 0)  scale(1.5, 1.5)  rotate(0 0 0)\\"><path fill=\\"currentColor\\" d=\\"M256 8C119 8 8 119 8 256s111 248 248 248 248-111 248-248S393 8 256 8z\\" transform=\\"translate(-256 -256)\\"></path></g></g></svg><svg aria-hidden=\\"true\\" focusable=\\"false\\" data-prefix=\\"fas\\" data-icon=\\"music\\" class=\\"svg-inline--fa fa-music fa-w-16 fa-inverse \\" role=\\"img\\" xmlns=\\"http://www.w3.org/2000/svg\\" viewBox=\\"0 0 512 512\\" style=\\"transform-origin:0.5em 0.5em\\"><g transform=\\"translate(256 256)\\"><g transform=\\"translate(0, 0)  scale(0.75, 0.75)  rotate(0 0 0)\\"><path fill=\\"currentColor\\" d=\\"M470.38 1.51L150.41 96A32 32 0 0 0 128 126.51v261.41A139 139 0 0 0 96 384c-53 0-96 28.66-96 64s43 64 96 64 96-28.66 96-64V214.32l256-75v184.61a138.4 138.4 0 0 0-32-3.93c-53 0-96 28.66-96 64s43 64 96 64 96-28.65 96-64V32a32 32 0 0 0-41.62-30.49z\\" transform=\\"translate(-256 -256)\\"></path></g></g></svg></span></span><span class=\\"event-description-text\\"><a href=\\"/user/reosarevok\\" target=\\"_blank\\" rel=\\"noopener noreferrer\\">reosarevok</a> recommended a song</span><span class=\\"event-time\\">Tue, Mar 2, 2021, 7 PM</span></div><div class=\\"event-content\\"><div style=\\"background:#FFFFFF;border:1px solid #EEEEEE;box-sizing:border-box;box-shadow:0 1px 1px rgba(192,192,192,0.1), 0 2px 2px rgba(192,192,192,0.15), 0 4px 4px rgba(192,192,192,0.20);border-radius:8px;height:100%\\" class=\\"listen-card row \\"><div class=\\"col-xs-9\\"><div class=\\"track-details\\"><p title=\\"Kust on tulnud muodike\\">Kust on tulnud muodike</p><p><small class=\\"text-muted\\" title=\\"Tintura + Arno Tamm\\">Tintura + Arno Tamm</small></p></div></div><div class=\\"col-xs-3\\"><div class=\\"text-muted\\" title=\\"Why am I seeing this?\\"><svg aria-hidden=\\"true\\" focusable=\\"false\\" data-prefix=\\"far\\" data-icon=\\"question-circle\\" class=\\"svg-inline--fa fa-question-circle fa-w-16 \\" role=\\"img\\" xmlns=\\"http://www.w3.org/2000/svg\\" viewBox=\\"0 0 512 512\\"><path fill=\\"currentColor\\" d=\\"M256 8C119.043 8 8 119.083 8 256c0 136.997 111.043 248 248 248s248-111.003 248-248C504 119.083 392.957 8 256 8zm0 448c-110.532 0-200-89.431-200-200 0-110.495 89.472-200 200-200 110.491 0 200 89.471 200 200 0 110.53-89.431 200-200 200zm107.244-255.2c0 67.052-72.421 68.084-72.421 92.863V300c0 6.627-5.373 12-12 12h-45.647c-6.627 0-12-5.373-12-12v-8.659c0-35.745 27.1-50.034 47.579-61.516 17.561-9.845 28.324-16.541 28.324-29.579 0-17.246-21.999-28.693-39.784-28.693-23.189 0-33.894 10.977-48.942 29.969-4.057 5.12-11.46 6.071-16.666 2.124l-27.824-21.098c-5.107-3.872-6.251-11.066-2.644-16.363C184.846 131.491 214.94 112 261.794 112c49.071 0 101.45 38.304 101.45 88.8zM298 368c0 23.159-18.841 42-42 42s-42-18.841-42-42 18.841-42 42-42 42 18.841 42 42z\\"></path></svg></div></div></div></div></li><li class=\\"timeline-event\\"><div class=\\"event-description\\"><span class=\\"event-icon recording_recommendation\\"><span class=\\"fa-layers\\"><svg aria-hidden=\\"true\\" focusable=\\"false\\" data-prefix=\\"fas\\" data-icon=\\"circle\\" class=\\"svg-inline--fa fa-circle fa-w-16 \\" role=\\"img\\" xmlns=\\"http://www.w3.org/2000/svg\\" viewBox=\\"0 0 512 512\\" style=\\"transform-origin:0.5em 0.5em\\"><g transform=\\"translate(256 256)\\"><g transform=\\"translate(0, 0)  scale(1.5, 1.5)  rotate(0 0 0)\\"><path fill=\\"currentColor\\" d=\\"M256 8C119 8 8 119 8 256s111 248 248 248 248-111 248-248S393 8 256 8z\\" transform=\\"translate(-256 -256)\\"></path></g></g></svg><svg aria-hidden=\\"true\\" focusable=\\"false\\" data-prefix=\\"fas\\" data-icon=\\"music\\" class=\\"svg-inline--fa fa-music fa-w-16 fa-inverse \\" role=\\"img\\" xmlns=\\"http://www.w3.org/2000/svg\\" viewBox=\\"0 0 512 512\\" style=\\"transform-origin:0.5em 0.5em\\"><g transform=\\"translate(256 256)\\"><g transform=\\"translate(0, 0)  scale(0.75, 0.75)  rotate(0 0 0)\\"><path fill=\\"currentColor\\" d=\\"M470.38 1.51L150.41 96A32 32 0 0 0 128 126.51v261.41A139 139 0 0 0 96 384c-53 0-96 28.66-96 64s43 64 96 64 96-28.66 96-64V214.32l256-75v184.61a138.4 138.4 0 0 0-32-3.93c-53 0-96 28.66-96 64s43 64 96 64 96-28.65 96-64V32a32 32 0 0 0-41.62-30.49z\\" transform=\\"translate(-256 -256)\\"></path></g></g></svg></span></span><span class=\\"event-description-text\\"><a href=\\"/user/reosarevok\\" target=\\"_blank\\" rel=\\"noopener noreferrer\\">reosarevok</a> recommended a song</span><span class=\\"event-time\\">Tue, Mar 2, 2021, 6 PM</span></div><div class=\\"event-content\\"><div style=\\"background:#FFFFFF;border:1px solid #EEEEEE;box-sizing:border-box;box-shadow:0 1px 1px rgba(192,192,192,0.1), 0 2px 2px rgba(192,192,192,0.15), 0 4px 4px rgba(192,192,192,0.20);border-radius:8px;height:100%\\" class=\\"listen-card row \\"><div class=\\"col-xs-9\\"><div class=\\"track-details\\"><p title=\\"Olin noor ja noorukene\\">Olin noor ja noorukene</p><p><small class=\\"text-muted\\" title=\\"Tintura + Arno Tamm\\">Tintura + Arno Tamm</small></p></div></div><div class=\\"col-xs-3\\"><div class=\\"text-muted\\" title=\\"Why am I seeing this?\\"><svg aria-hidden=\\"true\\" focusable=\\"false\\" data-prefix=\\"far\\" data-icon=\\"question-circle\\" class=\\"svg-inline--fa fa-question-circle fa-w-16 \\" role=\\"img\\" xmlns=\\"http://www.w3.org/2000/svg\\" viewBox=\\"0 0 512 512\\"><path fill=\\"currentColor\\" d=\\"M256 8C119.043 8 8 119.083 8 256c0 136.997 111.043 248 248 248s248-111.003 248-248C504 119.083 392.957 8 256 8zm0 448c-110.532 0-200-89.431-200-200 0-110.495 89.472-200 200-200 110.491 0 200 89.471 200 200 0 110.53-89.431 200-200 200zm107.244-255.2c0 67.052-72.421 68.084-72.421 92.863V300c0 6.627-5.373 12-12 12h-45.647c-6.627 0-12-5.373-12-12v-8.659c0-35.745 27.1-50.034 47.579-61.516 17.561-9.845 28.324-16.541 28.324-29.579 0-17.246-21.999-28.693-39.784-28.693-23.189 0-33.894 10.977-48.942 29.969-4.057 5.12-11.46 6.071-16.666 2.124l-27.824-21.098c-5.107-3.872-6.251-11.066-2.644-16.363C184.846 131.491 214.94 112 261.794 112c49.071 0 101.45 38.304 101.45 88.8zM298 368c0 23.159-18.841 42-42 42s-42-18.841-42-42 18.841-42 42-42 42 18.841 42 42z\\"></path></svg></div></div></div></div></li><li class=\\"timeline-event\\"><div class=\\"event-description\\"><span class=\\"event-icon like\\"><span class=\\"fa-layers\\"><svg aria-hidden=\\"true\\" focusable=\\"false\\" data-prefix=\\"fas\\" data-icon=\\"circle\\" class=\\"svg-inline--fa fa-circle fa-w-16 \\" role=\\"img\\" xmlns=\\"http://www.w3.org/2000/svg\\" viewBox=\\"0 0 512 512\\" style=\\"transform-origin:0.5em 0.5em\\"><g transform=\\"translate(256 256)\\"><g transform=\\"translate(0, 0)  scale(1.5, 1.5)  rotate(0 0 0)\\"><path fill=\\"currentColor\\" d=\\"M256 8C119 8 8 119 8 256s111 248 248 248 248-111 248-248S393 8 256 8z\\" transform=\\"translate(-256 -256)\\"></path></g></g></svg><svg aria-hidden=\\"true\\" focusable=\\"false\\" data-prefix=\\"fas\\" data-icon=\\"heart\\" class=\\"svg-inline--fa fa-heart fa-w-16 fa-inverse \\" role=\\"img\\" xmlns=\\"http://www.w3.org/2000/svg\\" viewBox=\\"0 0 512 512\\" style=\\"transform-origin:0.5em 0.5em\\"><g transform=\\"translate(256 256)\\"><g transform=\\"translate(0, 0)  scale(0.75, 0.75)  rotate(0 0 0)\\"><path fill=\\"currentColor\\" d=\\"M462.3 62.6C407.5 15.9 326 24.3 275.7 76.2L256 96.5l-19.7-20.3C186.1 24.3 104.5 15.9 49.7 62.6c-62.8 53.6-66.1 149.8-9.9 207.9l193.5 199.8c12.5 12.9 32.8 12.9 45.3 0l193.5-199.8c56.3-58.1 53-154.3-9.8-207.9z\\" transform=\\"translate(-256 -256)\\"></path></g></g></svg></span></span><span class=\\"event-description-text\\"><a href=\\"/user/reosarevok\\" target=\\"_blank\\" rel=\\"noopener noreferrer\\">reosarevok</a> added a song to their favorites</span><span class=\\"event-time\\">Tue, Mar 2, 2021, 11 AM</span></div><div class=\\"event-content\\"><div style=\\"background:#FFFFFF;border:1px solid #EEEEEE;box-sizing:border-box;box-shadow:0 1px 1px rgba(192,192,192,0.1), 0 2px 2px rgba(192,192,192,0.15), 0 4px 4px rgba(192,192,192,0.20);border-radius:8px;height:100%\\" class=\\"listen-card row \\"><div class=\\"col-xs-9\\"><div class=\\"track-details\\"><p title=\\"Kaks armastajat trehvasid\\">Kaks armastajat trehvasid</p><p><small class=\\"text-muted\\" title=\\"Tintura + Arno Tamm\\">Tintura + Arno Tamm</small></p></div></div><div class=\\"col-xs-3\\"><div class=\\"text-muted\\" title=\\"Why am I seeing this?\\"><svg aria-hidden=\\"true\\" focusable=\\"false\\" data-prefix=\\"far\\" data-icon=\\"question-circle\\" class=\\"svg-inline--fa fa-question-circle fa-w-16 \\" role=\\"img\\" xmlns=\\"http://www.w3.org/2000/svg\\" viewBox=\\"0 0 512 512\\"><path fill=\\"currentColor\\" d=\\"M256 8C119.043 8 8 119.083 8 256c0 136.997 111.043 248 248 248s248-111.003 248-248C504 119.083 392.957 8 256 8zm0 448c-110.532 0-200-89.431-200-200 0-110.495 89.472-200 200-200 110.491 0 200 89.471 200 200 0 110.53-89.431 200-200 200zm107.244-255.2c0 67.052-72.421 68.084-72.421 92.863V300c0 6.627-5.373 12-12 12h-45.647c-6.627 0-12-5.373-12-12v-8.659c0-35.745 27.1-50.034 47.579-61.516 17.561-9.845 28.324-16.541 28.324-29.579 0-17.246-21.999-28.693-39.784-28.693-23.189 0-33.894 10.977-48.942 29.969-4.057 5.12-11.46 6.071-16.666 2.124l-27.824-21.098c-5.107-3.872-6.251-11.066-2.644-16.363C184.846 131.491 214.94 112 261.794 112c49.071 0 101.45 38.304 101.45 88.8zM298 368c0 23.159-18.841 42-42 42s-42-18.841-42-42 18.841-42 42-42 42 18.841 42 42z\\"></path></svg></div></div></div></div></li><li class=\\"timeline-event\\"><div class=\\"event-description\\"><span class=\\"event-icon follow\\"><span class=\\"fa-layers\\"><svg aria-hidden=\\"true\\" focusable=\\"false\\" data-prefix=\\"fas\\" data-icon=\\"circle\\" class=\\"svg-inline--fa fa-circle fa-w-16 \\" role=\\"img\\" xmlns=\\"http://www.w3.org/2000/svg\\" viewBox=\\"0 0 512 512\\" style=\\"transform-origin:0.5em 0.5em\\"><g transform=\\"translate(256 256)\\"><g transform=\\"translate(0, 0)  scale(1.5, 1.5)  rotate(0 0 0)\\"><path fill=\\"currentColor\\" d=\\"M256 8C119 8 8 119 8 256s111 248 248 248 248-111 248-248S393 8 256 8z\\" transform=\\"translate(-256 -256)\\"></path></g></g></svg><svg aria-hidden=\\"true\\" focusable=\\"false\\" data-prefix=\\"fas\\" data-icon=\\"user-plus\\" class=\\"svg-inline--fa fa-user-plus fa-w-20 fa-inverse \\" role=\\"img\\" xmlns=\\"http://www.w3.org/2000/svg\\" viewBox=\\"0 0 640 512\\" style=\\"transform-origin:0.625em 0.5em\\"><g transform=\\"translate(320 256)\\"><g transform=\\"translate(0, 0)  scale(0.75, 0.75)  rotate(0 0 0)\\"><path fill=\\"currentColor\\" d=\\"M624 208h-64v-64c0-8.8-7.2-16-16-16h-32c-8.8 0-16 7.2-16 16v64h-64c-8.8 0-16 7.2-16 16v32c0 8.8 7.2 16 16 16h64v64c0 8.8 7.2 16 16 16h32c8.8 0 16-7.2 16-16v-64h64c8.8 0 16-7.2 16-16v-32c0-8.8-7.2-16-16-16zm-400 48c70.7 0 128-57.3 128-128S294.7 0 224 0 96 57.3 96 128s57.3 128 128 128zm89.6 32h-16.7c-22.2 10.2-46.9 16-72.9 16s-50.6-5.8-72.9-16h-16.7C60.2 288 0 348.2 0 422.4V464c0 26.5 21.5 48 48 48h352c26.5 0 48-21.5 48-48v-41.6c0-74.2-60.2-134.4-134.4-134.4z\\" transform=\\"translate(-320 -256)\\"></path></g></g></svg></span></span><span class=\\"event-description-text\\">You are now following <a href=\\"/user/reosarevok\\">reosarevok</a></span><span class=\\"event-time\\">Tue, Feb 16, 2021, 11 AM</span></div></li><li class=\\"timeline-event\\"><div class=\\"event-description\\"><span class=\\"event-icon follow\\"><span class=\\"fa-layers\\"><svg aria-hidden=\\"true\\" focusable=\\"false\\" data-prefix=\\"fas\\" data-icon=\\"circle\\" class=\\"svg-inline--fa fa-circle fa-w-16 \\" role=\\"img\\" xmlns=\\"http://www.w3.org/2000/svg\\" viewBox=\\"0 0 512 512\\" style=\\"transform-origin:0.5em 0.5em\\"><g transform=\\"translate(256 256)\\"><g transform=\\"translate(0, 0)  scale(1.5, 1.5)  rotate(0 0 0)\\"><path fill=\\"currentColor\\" d=\\"M256 8C119 8 8 119 8 256s111 248 248 248 248-111 248-248S393 8 256 8z\\" transform=\\"translate(-256 -256)\\"></path></g></g></svg><svg aria-hidden=\\"true\\" focusable=\\"false\\" data-prefix=\\"fas\\" data-icon=\\"user-plus\\" class=\\"svg-inline--fa fa-user-plus fa-w-20 fa-inverse \\" role=\\"img\\" xmlns=\\"http://www.w3.org/2000/svg\\" viewBox=\\"0 0 640 512\\" style=\\"transform-origin:0.625em 0.5em\\"><g transform=\\"translate(320 256)\\"><g transform=\\"translate(0, 0)  scale(0.75, 0.75)  rotate(0 0 0)\\"><path fill=\\"currentColor\\" d=\\"M624 208h-64v-64c0-8.8-7.2-16-16-16h-32c-8.8 0-16 7.2-16 16v64h-64c-8.8 0-16 7.2-16 16v32c0 8.8 7.2 16 16 16h64v64c0 8.8 7.2 16 16 16h32c8.8 0 16-7.2 16-16v-64h64c8.8 0 16-7.2 16-16v-32c0-8.8-7.2-16-16-16zm-400 48c70.7 0 128-57.3 128-128S294.7 0 224 0 96 57.3 96 128s57.3 128 128 128zm89.6 32h-16.7c-22.2 10.2-46.9 16-72.9 16s-50.6-5.8-72.9-16h-16.7C60.2 288 0 348.2 0 422.4V464c0 26.5 21.5 48 48 48h352c26.5 0 48-21.5 48-48v-41.6c0-74.2-60.2-134.4-134.4-134.4z\\" transform=\\"translate(-320 -256)\\"></path></g></g></svg></span></span><span class=\\"event-description-text\\"><a href=\\"/user/reosarevok\\">reosarevok</a> is now following you</span><span class=\\"event-time\\">Tue, Feb 16, 2021, 11 AM</span></div></li><li class=\\"timeline-event\\"><div class=\\"event-description\\"><span class=\\"event-icon playlist_created\\"><span class=\\"fa-layers\\"><svg aria-hidden=\\"true\\" focusable=\\"false\\" data-prefix=\\"fas\\" data-icon=\\"circle\\" class=\\"svg-inline--fa fa-circle fa-w-16 \\" role=\\"img\\" xmlns=\\"http://www.w3.org/2000/svg\\" viewBox=\\"0 0 512 512\\" style=\\"transform-origin:0.5em 0.5em\\"><g transform=\\"translate(256 256)\\"><g transform=\\"translate(0, 0)  scale(1.5, 1.5)  rotate(0 0 0)\\"><path fill=\\"currentColor\\" d=\\"M256 8C119 8 8 119 8 256s111 248 248 248 248-111 248-248S393 8 256 8z\\" transform=\\"translate(-256 -256)\\"></path></g></g></svg><svg aria-hidden=\\"true\\" focusable=\\"false\\" data-prefix=\\"fas\\" data-icon=\\"list-ul\\" class=\\"svg-inline--fa fa-list-ul fa-w-16 fa-inverse \\" role=\\"img\\" xmlns=\\"http://www.w3.org/2000/svg\\" viewBox=\\"0 0 512 512\\" style=\\"transform-origin:0.5em 0.5em\\"><g transform=\\"translate(256 256)\\"><g transform=\\"translate(0, 0)  scale(0.75, 0.75)  rotate(0 0 0)\\"><path fill=\\"currentColor\\" d=\\"M48 48a48 48 0 1 0 48 48 48 48 0 0 0-48-48zm0 160a48 48 0 1 0 48 48 48 48 0 0 0-48-48zm0 160a48 48 0 1 0 48 48 48 48 0 0 0-48-48zm448 16H176a16 16 0 0 0-16 16v32a16 16 0 0 0 16 16h320a16 16 0 0 0 16-16v-32a16 16 0 0 0-16-16zm0-320H176a16 16 0 0 0-16 16v32a16 16 0 0 0 16 16h320a16 16 0 0 0 16-16V80a16 16 0 0 0-16-16zm0 160H176a16 16 0 0 0-16 16v32a16 16 0 0 0 16 16h320a16 16 0 0 0 16-16v-32a16 16 0 0 0-16-16z\\" transform=\\"translate(-256 -256)\\"></path></g></g></svg></span></span><span class=\\"event-description-text\\">We created a playlist for you: <a href=\\"https://listenbrainz.org/playlist/4245ccd3-4f0d-4276-95d6-2e09d87b5546\\">My top discoveries of 2020</a></span><span class=\\"event-time\\">Tue, Feb 16, 2021, 11 AM</span></div></li><li class=\\"timeline-event\\"><div class=\\"event-description\\"><span class=\\"event-icon recording_recommendation\\"><span class=\\"fa-layers\\"><svg aria-hidden=\\"true\\" focusable=\\"false\\" data-prefix=\\"fas\\" data-icon=\\"circle\\" class=\\"svg-inline--fa fa-circle fa-w-16 \\" role=\\"img\\" xmlns=\\"http://www.w3.org/2000/svg\\" viewBox=\\"0 0 512 512\\" style=\\"transform-origin:0.5em 0.5em\\"><g transform=\\"translate(256 256)\\"><g transform=\\"translate(0, 0)  scale(1.5, 1.5)  rotate(0 0 0)\\"><path fill=\\"currentColor\\" d=\\"M256 8C119 8 8 119 8 256s111 248 248 248 248-111 248-248S393 8 256 8z\\" transform=\\"translate(-256 -256)\\"></path></g></g></svg><svg aria-hidden=\\"true\\" focusable=\\"false\\" data-prefix=\\"fas\\" data-icon=\\"music\\" class=\\"svg-inline--fa fa-music fa-w-16 fa-inverse \\" role=\\"img\\" xmlns=\\"http://www.w3.org/2000/svg\\" viewBox=\\"0 0 512 512\\" style=\\"transform-origin:0.5em 0.5em\\"><g transform=\\"translate(256 256)\\"><g transform=\\"translate(0, 0)  scale(0.75, 0.75)  rotate(0 0 0)\\"><path fill=\\"currentColor\\" d=\\"M470.38 1.51L150.41 96A32 32 0 0 0 128 126.51v261.41A139 139 0 0 0 96 384c-53 0-96 28.66-96 64s43 64 96 64 96-28.66 96-64V214.32l256-75v184.61a138.4 138.4 0 0 0-32-3.93c-53 0-96 28.66-96 64s43 64 96 64 96-28.65 96-64V32a32 32 0 0 0-41.62-30.49z\\" transform=\\"translate(-256 -256)\\"></path></g></g></svg></span></span><span class=\\"event-description-text\\"><a href=\\"/user/reosarevok\\" target=\\"_blank\\" rel=\\"noopener noreferrer\\">reosarevok</a> recommended a song</span><span class=\\"event-time\\">Tue, Feb 16, 2021, 11 AM</span></div><div class=\\"event-content\\"><div style=\\"background:#FFFFFF;border:1px solid #EEEEEE;box-sizing:border-box;box-shadow:0 1px 1px rgba(192,192,192,0.1), 0 2px 2px rgba(192,192,192,0.15), 0 4px 4px rgba(192,192,192,0.20);border-radius:8px;height:100%\\" class=\\"listen-card row \\"><div class=\\"col-xs-9\\"><div class=\\"track-details\\"><p title=\\"Kui lauba õhta jõudis\\">Kui lauba õhta jõudis</p><p><small class=\\"text-muted\\" title=\\"Tintura + Arno Tamm\\">Tintura + Arno Tamm</small></p></div></div><div class=\\"col-xs-3\\"><div class=\\"text-muted\\" title=\\"Why am I seeing this?\\"><svg aria-hidden=\\"true\\" focusable=\\"false\\" data-prefix=\\"far\\" data-icon=\\"question-circle\\" class=\\"svg-inline--fa fa-question-circle fa-w-16 \\" role=\\"img\\" xmlns=\\"http://www.w3.org/2000/svg\\" viewBox=\\"0 0 512 512\\"><path fill=\\"currentColor\\" d=\\"M256 8C119.043 8 8 119.083 8 256c0 136.997 111.043 248 248 248s248-111.003 248-248C504 119.083 392.957 8 256 8zm0 448c-110.532 0-200-89.431-200-200 0-110.495 89.472-200 200-200 110.491 0 200 89.471 200 200 0 110.53-89.431 200-200 200zm107.244-255.2c0 67.052-72.421 68.084-72.421 92.863V300c0 6.627-5.373 12-12 12h-45.647c-6.627 0-12-5.373-12-12v-8.659c0-35.745 27.1-50.034 47.579-61.516 17.561-9.845 28.324-16.541 28.324-29.579 0-17.246-21.999-28.693-39.784-28.693-23.189 0-33.894 10.977-48.942 29.969-4.057 5.12-11.46 6.071-16.666 2.124l-27.824-21.098c-5.107-3.872-6.251-11.066-2.644-16.363C184.846 131.491 214.94 112 261.794 112c49.071 0 101.45 38.304 101.45 88.8zM298 368c0 23.159-18.841 42-42 42s-42-18.841-42-42 18.841-42 42-42 42 18.841 42 42z\\"></path></svg></div></div></div></div></li><li class=\\"timeline-event\\"><div class=\\"event-description\\"><span class=\\"event-icon recording_recommendation\\"><span class=\\"fa-layers\\"><svg aria-hidden=\\"true\\" focusable=\\"false\\" data-prefix=\\"fas\\" data-icon=\\"circle\\" class=\\"svg-inline--fa fa-circle fa-w-16 \\" role=\\"img\\" xmlns=\\"http://www.w3.org/2000/svg\\" viewBox=\\"0 0 512 512\\" style=\\"transform-origin:0.5em 0.5em\\"><g transform=\\"translate(256 256)\\"><g transform=\\"translate(0, 0)  scale(1.5, 1.5)  rotate(0 0 0)\\"><path fill=\\"currentColor\\" d=\\"M256 8C119 8 8 119 8 256s111 248 248 248 248-111 248-248S393 8 256 8z\\" transform=\\"translate(-256 -256)\\"></path></g></g></svg><svg aria-hidden=\\"true\\" focusable=\\"false\\" data-prefix=\\"fas\\" data-icon=\\"music\\" class=\\"svg-inline--fa fa-music fa-w-16 fa-inverse \\" role=\\"img\\" xmlns=\\"http://www.w3.org/2000/svg\\" viewBox=\\"0 0 512 512\\" style=\\"transform-origin:0.5em 0.5em\\"><g transform=\\"translate(256 256)\\"><g transform=\\"translate(0, 0)  scale(0.75, 0.75)  rotate(0 0 0)\\"><path fill=\\"currentColor\\" d=\\"M470.38 1.51L150.41 96A32 32 0 0 0 128 126.51v261.41A139 139 0 0 0 96 384c-53 0-96 28.66-96 64s43 64 96 64 96-28.66 96-64V214.32l256-75v184.61a138.4 138.4 0 0 0-32-3.93c-53 0-96 28.66-96 64s43 64 96 64 96-28.65 96-64V32a32 32 0 0 0-41.62-30.49z\\" transform=\\"translate(-256 -256)\\"></path></g></g></svg></span></span><span class=\\"event-description-text\\"><a href=\\"/user/reosarevok\\" target=\\"_blank\\" rel=\\"noopener noreferrer\\">reosarevok</a> recommended a song</span><span class=\\"event-time\\">Tue, Feb 16, 2021, 11 AM</span></div><div class=\\"event-content\\"><div style=\\"background:#FFFFFF;border:1px solid #EEEEEE;box-sizing:border-box;box-shadow:0 1px 1px rgba(192,192,192,0.1), 0 2px 2px rgba(192,192,192,0.15), 0 4px 4px rgba(192,192,192,0.20);border-radius:8px;height:100%\\" class=\\"listen-card row \\"><div class=\\"col-xs-9\\"><div class=\\"track-details\\"><p title=\\"Jumalaga, üksik talu\\">Jumalaga, üksik talu</p><p><small class=\\"text-muted\\" title=\\"Tintura + Arno Tamm\\">Tintura + Arno Tamm</small></p></div></div><div class=\\"col-xs-3\\"><div class=\\"text-muted\\" title=\\"Why am I seeing this?\\"><svg aria-hidden=\\"true\\" focusable=\\"false\\" data-prefix=\\"far\\" data-icon=\\"question-circle\\" class=\\"svg-inline--fa fa-question-circle fa-w-16 \\" role=\\"img\\" xmlns=\\"http://www.w3.org/2000/svg\\" viewBox=\\"0 0 512 512\\"><path fill=\\"currentColor\\" d=\\"M256 8C119.043 8 8 119.083 8 256c0 136.997 111.043 248 248 248s248-111.003 248-248C504 119.083 392.957 8 256 8zm0 448c-110.532 0-200-89.431-200-200 0-110.495 89.472-200 200-200 110.491 0 200 89.471 200 200 0 110.53-89.431 200-200 200zm107.244-255.2c0 67.052-72.421 68.084-72.421 92.863V300c0 6.627-5.373 12-12 12h-45.647c-6.627 0-12-5.373-12-12v-8.659c0-35.745 27.1-50.034 47.579-61.516 17.561-9.845 28.324-16.541 28.324-29.579 0-17.246-21.999-28.693-39.784-28.693-23.189 0-33.894 10.977-48.942 29.969-4.057 5.12-11.46 6.071-16.666 2.124l-27.824-21.098c-5.107-3.872-6.251-11.066-2.644-16.363C184.846 131.491 214.94 112 261.794 112c49.071 0 101.45 38.304 101.45 88.8zM298 368c0 23.159-18.841 42-42 42s-42-18.841-42-42 18.841-42 42-42 42 18.841 42 42z\\"></path></svg></div></div></div></div></li><li class=\\"timeline-event\\"><div class=\\"event-description\\"><span class=\\"event-icon recording_recommendation\\"><span class=\\"fa-layers\\"><svg aria-hidden=\\"true\\" focusable=\\"false\\" data-prefix=\\"fas\\" data-icon=\\"circle\\" class=\\"svg-inline--fa fa-circle fa-w-16 \\" role=\\"img\\" xmlns=\\"http://www.w3.org/2000/svg\\" viewBox=\\"0 0 512 512\\" style=\\"transform-origin:0.5em 0.5em\\"><g transform=\\"translate(256 256)\\"><g transform=\\"translate(0, 0)  scale(1.5, 1.5)  rotate(0 0 0)\\"><path fill=\\"currentColor\\" d=\\"M256 8C119 8 8 119 8 256s111 248 248 248 248-111 248-248S393 8 256 8z\\" transform=\\"translate(-256 -256)\\"></path></g></g></svg><svg aria-hidden=\\"true\\" focusable=\\"false\\" data-prefix=\\"fas\\" data-icon=\\"music\\" class=\\"svg-inline--fa fa-music fa-w-16 fa-inverse \\" role=\\"img\\" xmlns=\\"http://www.w3.org/2000/svg\\" viewBox=\\"0 0 512 512\\" style=\\"transform-origin:0.5em 0.5em\\"><g transform=\\"translate(256 256)\\"><g transform=\\"translate(0, 0)  scale(0.75, 0.75)  rotate(0 0 0)\\"><path fill=\\"currentColor\\" d=\\"M470.38 1.51L150.41 96A32 32 0 0 0 128 126.51v261.41A139 139 0 0 0 96 384c-53 0-96 28.66-96 64s43 64 96 64 96-28.66 96-64V214.32l256-75v184.61a138.4 138.4 0 0 0-32-3.93c-53 0-96 28.66-96 64s43 64 96 64 96-28.65 96-64V32a32 32 0 0 0-41.62-30.49z\\" transform=\\"translate(-256 -256)\\"></path></g></g></svg></span></span><span class=\\"event-description-text\\"><a href=\\"/user/reosarevok\\" target=\\"_blank\\" rel=\\"noopener noreferrer\\">reosarevok</a> recommended a song</span><span class=\\"event-time\\">Tue, Feb 16, 2021, 10 AM</span></div><div class=\\"event-content\\"><div style=\\"background:#FFFFFF;border:1px solid #EEEEEE;box-sizing:border-box;box-shadow:0 1px 1px rgba(192,192,192,0.1), 0 2px 2px rgba(192,192,192,0.15), 0 4px 4px rgba(192,192,192,0.20);border-radius:8px;height:100%\\" class=\\"listen-card row \\"><div class=\\"col-xs-9\\"><div class=\\"track-details\\"><p title=\\"Trühvlid\\">Trühvlid</p><p><small class=\\"text-muted\\" title=\\"Pitsa, Reket, kohver, boipepperoni\\">Pitsa, Reket, kohver, boipepperoni</small></p></div></div><div class=\\"col-xs-3\\"><div class=\\"text-muted\\" title=\\"Why am I seeing this?\\"><svg aria-hidden=\\"true\\" focusable=\\"false\\" data-prefix=\\"far\\" data-icon=\\"question-circle\\" class=\\"svg-inline--fa fa-question-circle fa-w-16 \\" role=\\"img\\" xmlns=\\"http://www.w3.org/2000/svg\\" viewBox=\\"0 0 512 512\\"><path fill=\\"currentColor\\" d=\\"M256 8C119.043 8 8 119.083 8 256c0 136.997 111.043 248 248 248s248-111.003 248-248C504 119.083 392.957 8 256 8zm0 448c-110.532 0-200-89.431-200-200 0-110.495 89.472-200 200-200 110.491 0 200 89.471 200 200 0 110.53-89.431 200-200 200zm107.244-255.2c0 67.052-72.421 68.084-72.421 92.863V300c0 6.627-5.373 12-12 12h-45.647c-6.627 0-12-5.373-12-12v-8.659c0-35.745 27.1-50.034 47.579-61.516 17.561-9.845 28.324-16.541 28.324-29.579 0-17.246-21.999-28.693-39.784-28.693-23.189 0-33.894 10.977-48.942 29.969-4.057 5.12-11.46 6.071-16.666 2.124l-27.824-21.098c-5.107-3.872-6.251-11.066-2.644-16.363C184.846 131.491 214.94 112 261.794 112c49.071 0 101.45 38.304 101.45 88.8zM298 368c0 23.159-18.841 42-42 42s-42-18.841-42-42 18.841-42 42-42 42 18.841 42 42z\\"></path></svg></div></div></div></div></li><li class=\\"timeline-event\\"><div class=\\"event-description\\"><span class=\\"event-icon recording_recommendation\\"><span class=\\"fa-layers\\"><svg aria-hidden=\\"true\\" focusable=\\"false\\" data-prefix=\\"fas\\" data-icon=\\"circle\\" class=\\"svg-inline--fa fa-circle fa-w-16 \\" role=\\"img\\" xmlns=\\"http://www.w3.org/2000/svg\\" viewBox=\\"0 0 512 512\\" style=\\"transform-origin:0.5em 0.5em\\"><g transform=\\"translate(256 256)\\"><g transform=\\"translate(0, 0)  scale(1.5, 1.5)  rotate(0 0 0)\\"><path fill=\\"currentColor\\" d=\\"M256 8C119 8 8 119 8 256s111 248 248 248 248-111 248-248S393 8 256 8z\\" transform=\\"translate(-256 -256)\\"></path></g></g></svg><svg aria-hidden=\\"true\\" focusable=\\"false\\" data-prefix=\\"fas\\" data-icon=\\"music\\" class=\\"svg-inline--fa fa-music fa-w-16 fa-inverse \\" role=\\"img\\" xmlns=\\"http://www.w3.org/2000/svg\\" viewBox=\\"0 0 512 512\\" style=\\"transform-origin:0.5em 0.5em\\"><g transform=\\"translate(256 256)\\"><g transform=\\"translate(0, 0)  scale(0.75, 0.75)  rotate(0 0 0)\\"><path fill=\\"currentColor\\" d=\\"M470.38 1.51L150.41 96A32 32 0 0 0 128 126.51v261.41A139 139 0 0 0 96 384c-53 0-96 28.66-96 64s43 64 96 64 96-28.66 96-64V214.32l256-75v184.61a138.4 138.4 0 0 0-32-3.93c-53 0-96 28.66-96 64s43 64 96 64 96-28.65 96-64V32a32 32 0 0 0-41.62-30.49z\\" transform=\\"translate(-256 -256)\\"></path></g></g></svg></span></span><span class=\\"event-description-text\\"><a href=\\"/user/reosarevok\\" target=\\"_blank\\" rel=\\"noopener noreferrer\\">reosarevok</a> recommended a song</span><span class=\\"event-time\\">Tue, Feb 16, 2021, 10 AM</span></div><div class=\\"event-content\\"><div style=\\"background:#FFFFFF;border:1px solid #EEEEEE;box-sizing:border-box;box-shadow:0 1px 1px rgba(192,192,192,0.1), 0 2px 2px rgba(192,192,192,0.15), 0 4px 4px rgba(192,192,192,0.20);border-radius:8px;height:100%\\" class=\\"listen-card row \\"><div class=\\"col-xs-9\\"><div class=\\"track-details\\"><p title=\\"animemaja\\">animemaja</p><p><small class=\\"text-muted\\" title=\\"Pitsa, Reket, kohver, boipepperoni\\">Pitsa, Reket, kohver, boipepperoni</small></p></div></div><div class=\\"col-xs-3\\"><div class=\\"text-muted\\" title=\\"Why am I seeing this?\\"><svg aria-hidden=\\"true\\" focusable=\\"false\\" data-prefix=\\"far\\" data-icon=\\"question-circle\\" class=\\"svg-inline--fa fa-question-circle fa-w-16 \\" role=\\"img\\" xmlns=\\"http://www.w3.org/2000/svg\\" viewBox=\\"0 0 512 512\\"><path fill=\\"currentColor\\" d=\\"M256 8C119.043 8 8 119.083 8 256c0 136.997 111.043 248 248 248s248-111.003 248-248C504 119.083 392.957 8 256 8zm0 448c-110.532 0-200-89.431-200-200 0-110.495 89.472-200 200-200 110.491 0 200 89.471 200 200 0 110.53-89.431 200-200 200zm107.244-255.2c0 67.052-72.421 68.084-72.421 92.863V300c0 6.627-5.373 12-12 12h-45.647c-6.627 0-12-5.373-12-12v-8.659c0-35.745 27.1-50.034 47.579-61.516 17.561-9.845 28.324-16.541 28.324-29.579 0-17.246-21.999-28.693-39.784-28.693-23.189 0-33.894 10.977-48.942 29.969-4.057 5.12-11.46 6.071-16.666 2.124l-27.824-21.098c-5.107-3.872-6.251-11.066-2.644-16.363C184.846 131.491 214.94 112 261.794 112c49.071 0 101.45 38.304 101.45 88.8zM298 368c0 23.159-18.841 42-42 42s-42-18.841-42-42 18.841-42 42-42 42 18.841 42 42z\\"></path></svg></div></div></div></div></li><li class=\\"timeline-event\\"><div class=\\"event-description\\"><span class=\\"event-icon recording_recommendation\\"><span class=\\"fa-layers\\"><svg aria-hidden=\\"true\\" focusable=\\"false\\" data-prefix=\\"fas\\" data-icon=\\"circle\\" class=\\"svg-inline--fa fa-circle fa-w-16 \\" role=\\"img\\" xmlns=\\"http://www.w3.org/2000/svg\\" viewBox=\\"0 0 512 512\\" style=\\"transform-origin:0.5em 0.5em\\"><g transform=\\"translate(256 256)\\"><g transform=\\"translate(0, 0)  scale(1.5, 1.5)  rotate(0 0 0)\\"><path fill=\\"currentColor\\" d=\\"M256 8C119 8 8 119 8 256s111 248 248 248 248-111 248-248S393 8 256 8z\\" transform=\\"translate(-256 -256)\\"></path></g></g></svg><svg aria-hidden=\\"true\\" focusable=\\"false\\" data-prefix=\\"fas\\" data-icon=\\"music\\" class=\\"svg-inline--fa fa-music fa-w-16 fa-inverse \\" role=\\"img\\" xmlns=\\"http://www.w3.org/2000/svg\\" viewBox=\\"0 0 512 512\\" style=\\"transform-origin:0.5em 0.5em\\"><g transform=\\"translate(256 256)\\"><g transform=\\"translate(0, 0)  scale(0.75, 0.75)  rotate(0 0 0)\\"><path fill=\\"currentColor\\" d=\\"M470.38 1.51L150.41 96A32 32 0 0 0 128 126.51v261.41A139 139 0 0 0 96 384c-53 0-96 28.66-96 64s43 64 96 64 96-28.66 96-64V214.32l256-75v184.61a138.4 138.4 0 0 0-32-3.93c-53 0-96 28.66-96 64s43 64 96 64 96-28.65 96-64V32a32 32 0 0 0-41.62-30.49z\\" transform=\\"translate(-256 -256)\\"></path></g></g></svg></span></span><span class=\\"event-description-text\\"><a href=\\"/user/reosarevok\\" target=\\"_blank\\" rel=\\"noopener noreferrer\\">reosarevok</a> recommended a song</span><span class=\\"event-time\\">Tue, Feb 16, 2021, 10 AM</span></div><div class=\\"event-content\\"><div style=\\"background:#FFFFFF;border:1px solid #EEEEEE;box-sizing:border-box;box-shadow:0 1px 1px rgba(192,192,192,0.1), 0 2px 2px rgba(192,192,192,0.15), 0 4px 4px rgba(192,192,192,0.20);border-radius:8px;height:100%\\" class=\\"listen-card row \\"><div class=\\"col-xs-9\\"><div class=\\"track-details\\"><p title=\\"üksi lennukis\\">üksi lennukis</p><p><small class=\\"text-muted\\" title=\\"Pitsa, Reket, kohver, boipepperoni\\">Pitsa, Reket, kohver, boipepperoni</small></p></div></div><div class=\\"col-xs-3\\"><div class=\\"text-muted\\" title=\\"Why am I seeing this?\\"><svg aria-hidden=\\"true\\" focusable=\\"false\\" data-prefix=\\"far\\" data-icon=\\"question-circle\\" class=\\"svg-inline--fa fa-question-circle fa-w-16 \\" role=\\"img\\" xmlns=\\"http://www.w3.org/2000/svg\\" viewBox=\\"0 0 512 512\\"><path fill=\\"currentColor\\" d=\\"M256 8C119.043 8 8 119.083 8 256c0 136.997 111.043 248 248 248s248-111.003 248-248C504 119.083 392.957 8 256 8zm0 448c-110.532 0-200-89.431-200-200 0-110.495 89.472-200 200-200 110.491 0 200 89.471 200 200 0 110.53-89.431 200-200 200zm107.244-255.2c0 67.052-72.421 68.084-72.421 92.863V300c0 6.627-5.373 12-12 12h-45.647c-6.627 0-12-5.373-12-12v-8.659c0-35.745 27.1-50.034 47.579-61.516 17.561-9.845 28.324-16.541 28.324-29.579 0-17.246-21.999-28.693-39.784-28.693-23.189 0-33.894 10.977-48.942 29.969-4.057 5.12-11.46 6.071-16.666 2.124l-27.824-21.098c-5.107-3.872-6.251-11.066-2.644-16.363C184.846 131.491 214.94 112 261.794 112c49.071 0 101.45 38.304 101.45 88.8zM298 368c0 23.159-18.841 42-42 42s-42-18.841-42-42 18.841-42 42-42 42 18.841 42 42z\\"></path></svg></div></div></div></div></li></ul></div></div><div class=\\"col-md-offset-1 col-md-4\\"><div class=\\"text-center follower-following-pills\\"><div class=\\"btn-group btn-group-justified\\" role=\\"group\\"><button type=\\"button\\" style=\\"background:#353070;border:2px solid #353070;font-weight:700;color:white;border-radius:24px;outline:none;padding:3px 12px;margin:2px 6px 12px 6px;box-sizing:border-box\\">Followers (0)</button><button type=\\"button\\" style=\\"background:transparent;border:2px solid #BBBBBB;color:#BBBBBB;border-radius:24px;outline:none;padding:3px 12px;margin:2px 6px 12px 6px;box-sizing:border-box\\">Following (0)</button></div></div><div class=\\"follower-following-list\\"></div><div><div id=\\"music-player\\" aria-label=\\"Playback control\\"><div class=\\"content\\"><div class=\\"youtube hidden\\"><div class=\\"\\"><div></div></div></div><div class=\\"soundcloud hidden\\"><iframe id=\\"soundcloud-iframe\\" title=\\"Soundcloud player\\" width=\\"100%\\" height=\\"420px\\" scrolling=\\"no\\" frameBorder=\\"no\\" allow=\\"autoplay\\" src=\\"https://w.soundcloud.com/player/?url=\\"></iframe></div><div class=\\"no-album-art\\">No album art</div></div><div class=\\"info showControls\\"><div class=\\"currently-playing\\"><div class=\\"progress\\" aria-label=\\"Audio Progress Control\\" role=\\"progressbar\\" aria-valuemin=\\"0\\" aria-valuemax=\\"100\\" aria-valuenow=\\"NaN\\" tabindex=\\"0\\"><div class=\\"progress-bar\\" style=\\"width:NaN%\\"></div></div></div><div class=\\"controls\\"><div class=\\"left btn btn-xs\\" title=\\"Always show controls\\" role=\\"button\\" tabindex=\\"0\\"><svg aria-hidden=\\"true\\" focusable=\\"false\\" data-prefix=\\"fas\\" data-icon=\\"eye-slash\\" class=\\"svg-inline--fa fa-eye-slash fa-w-20 \\" role=\\"img\\" xmlns=\\"http://www.w3.org/2000/svg\\" viewBox=\\"0 0 640 512\\"><path fill=\\"currentColor\\" d=\\"M320 400c-75.85 0-137.25-58.71-142.9-133.11L72.2 185.82c-13.79 17.3-26.48 35.59-36.72 55.59a32.35 32.35 0 0 0 0 29.19C89.71 376.41 197.07 448 320 448c26.91 0 52.87-4 77.89-10.46L346 397.39a144.13 144.13 0 0 1-26 2.61zm313.82 58.1l-110.55-85.44a331.25 331.25 0 0 0 81.25-102.07 32.35 32.35 0 0 0 0-29.19C550.29 135.59 442.93 64 320 64a308.15 308.15 0 0 0-147.32 37.7L45.46 3.37A16 16 0 0 0 23 6.18L3.37 31.45A16 16 0 0 0 6.18 53.9l588.36 454.73a16 16 0 0 0 22.46-2.81l19.64-25.27a16 16 0 0 0-2.82-22.45zm-183.72-142l-39.3-30.38A94.75 94.75 0 0 0 416 256a94.76 94.76 0 0 0-121.31-92.21A47.65 47.65 0 0 1 304 192a46.64 46.64 0 0 1-1.54 10l-73.61-56.89A142.31 142.31 0 0 1 320 112a143.92 143.92 0 0 1 144 144c0 21.63-5.29 41.79-13.9 60.11z\\"></path></svg></div><div class=\\"previous btn btn-xs\\" title=\\"Previous\\" role=\\"button\\" tabindex=\\"0\\"><svg aria-hidden=\\"true\\" focusable=\\"false\\" data-prefix=\\"fas\\" data-icon=\\"fast-backward\\" class=\\"svg-inline--fa fa-fast-backward fa-w-16 \\" role=\\"img\\" xmlns=\\"http://www.w3.org/2000/svg\\" viewBox=\\"0 0 512 512\\"><path fill=\\"currentColor\\" d=\\"M0 436V76c0-6.6 5.4-12 12-12h40c6.6 0 12 5.4 12 12v151.9L235.5 71.4C256.1 54.3 288 68.6 288 96v131.9L459.5 71.4C480.1 54.3 512 68.6 512 96v320c0 27.4-31.9 41.7-52.5 24.6L288 285.3V416c0 27.4-31.9 41.7-52.5 24.6L64 285.3V436c0 6.6-5.4 12-12 12H12c-6.6 0-12-5.4-12-12z\\"></path></svg></div><div class=\\"play btn\\" title=\\"Play\\" role=\\"button\\" tabindex=\\"0\\"><svg aria-hidden=\\"true\\" focusable=\\"false\\" data-prefix=\\"fas\\" data-icon=\\"play-circle\\" class=\\"svg-inline--fa fa-play-circle fa-w-16 fa-2x \\" role=\\"img\\" xmlns=\\"http://www.w3.org/2000/svg\\" viewBox=\\"0 0 512 512\\"><path fill=\\"currentColor\\" d=\\"M256 8C119 8 8 119 8 256s111 248 248 248 248-111 248-248S393 8 256 8zm115.7 272l-176 101c-15.8 8.8-35.7-2.5-35.7-21V152c0-18.4 19.8-29.8 35.7-21l176 107c16.4 9.2 16.4 32.9 0 42z\\"></path></svg></div><div class=\\"next btn btn-xs\\" title=\\"Next\\" role=\\"button\\" tabindex=\\"0\\"><svg aria-hidden=\\"true\\" focusable=\\"false\\" data-prefix=\\"fas\\" data-icon=\\"fast-forward\\" class=\\"svg-inline--fa fa-fast-forward fa-w-16 \\" role=\\"img\\" xmlns=\\"http://www.w3.org/2000/svg\\" viewBox=\\"0 0 512 512\\"><path fill=\\"currentColor\\" d=\\"M512 76v360c0 6.6-5.4 12-12 12h-40c-6.6 0-12-5.4-12-12V284.1L276.5 440.6c-20.6 17.2-52.5 2.8-52.5-24.6V284.1L52.5 440.6C31.9 457.8 0 443.4 0 416V96c0-27.4 31.9-41.7 52.5-24.6L224 226.8V96c0-27.4 31.9-41.7 52.5-24.6L448 226.8V76c0-6.6 5.4-12 12-12h40c6.6 0 12 5.4 12 12z\\"></path></svg></div><div class=\\"right btn btn-xs\\" title=\\"Play up\\" role=\\"button\\" tabindex=\\"0\\"><svg aria-hidden=\\"true\\" focusable=\\"false\\" data-prefix=\\"fas\\" data-icon=\\"sort-amount-down\\" class=\\"svg-inline--fa fa-sort-amount-down fa-w-16 \\" role=\\"img\\" xmlns=\\"http://www.w3.org/2000/svg\\" viewBox=\\"0 0 512 512\\"><path fill=\\"currentColor\\" d=\\"M304 416h-64a16 16 0 0 0-16 16v32a16 16 0 0 0 16 16h64a16 16 0 0 0 16-16v-32a16 16 0 0 0-16-16zm-128-64h-48V48a16 16 0 0 0-16-16H80a16 16 0 0 0-16 16v304H16c-14.19 0-21.37 17.24-11.29 27.31l80 96a16 16 0 0 0 22.62 0l80-96C197.35 369.26 190.22 352 176 352zm256-192H240a16 16 0 0 0-16 16v32a16 16 0 0 0 16 16h192a16 16 0 0 0 16-16v-32a16 16 0 0 0-16-16zm-64 128H240a16 16 0 0 0-16 16v32a16 16 0 0 0 16 16h128a16 16 0 0 0 16-16v-32a16 16 0 0 0-16-16zM496 32H240a16 16 0 0 0-16 16v32a16 16 0 0 0 16 16h256a16 16 0 0 0 16-16V48a16 16 0 0 0-16-16z\\"></path></svg></div></div></div></div></div></div></div></div>"`;
