// Jest Snapshot v1, https://goo.gl/fbAQLP

exports[`Card renders correctly 1`] = `
<ForwardRef>
  <div
    className="card "
  >
    Test
  </div>
</ForwardRef>
`;
