// Jest Snapshot v1, https://goo.gl/fbAQLP

exports[`Loader renders child component when "isLoading" is false 1`] = `
<Loader
  isLoading={false}
>
  <ChildComponent>
    <div>
      Child Component
    </div>
  </ChildComponent>
</Loader>
`;

exports[`Loader renders loader when "isLoading" is true 1`] = `
<Loader
  isLoading={true}
>
  <div
    className="text-center "
    style={
      Object {
        "alignItems": "center",
        "display": "flex",
        "flexDirection": "column",
        "justifyContent": "center",
        "minHeight": "inherit",
      }
    }
  >
    <Loader
      className=""
      color="#cccccc"
      height={30}
      style={Object {}}
      timeout={0}
      type="Oval"
      visible={true}
      width={30}
    >
      <div
        aria-busy="true"
        className=""
        style={Object {}}
      >
        <Oval
          className=""
          color="#cccccc"
          height={30}
          label="audio-loading"
          radius={18}
          style={Object {}}
          timeout={0}
          type="Oval"
          visible={true}
          width={30}
        >
          <svg
            aria-label="audio-loading"
            height={30}
            stroke="#cccccc"
            viewBox="0 0 38 38"
            width={30}
            xmlns="http://www.w3.org/2000/svg"
          >
            <g
              fill="none"
              fillRule="evenodd"
            >
              <g
                strokeWidth="2"
                transform="translate(1 1)"
              >
                <circle
                  cx="18"
                  cy="18"
                  r={18}
                  strokeOpacity=".5"
                />
                <path
                  d="M36 18c0-9.94-8.06-18-18-18"
                >
                  <animateTransform
                    attributeName="transform"
                    dur="1s"
                    from="0 18 18"
                    repeatCount="indefinite"
                    to="360 18 18"
                    type="rotate"
                  />
                </path>
              </g>
            </g>
          </svg>
        </Oval>
      </div>
    </Loader>
  </div>
</Loader>
`;
