// Jest Snapshot v1, https://goo.gl/fbAQLP

exports[`FreshReleases renders filters correctly 1`] = `"<div id=\\"filters-container\\"><div id=\\"coverart-checkbox\\"><button type=\\"button\\" style=\\"background: transparent; border: 2px solid #8d8d8d; color: rgb(141, 141, 141); border-radius: 24px; outline: none; padding: 4px 12px; margin: 6px; box-sizing: border-box;\\">Hide releases without coverart</button></div><div id=\\"release-filters\\"><div id=\\"title-container\\"><div id=\\"type-title\\" class=\\"text-muted\\">Filters</div><div id=\\"clearall-btn-inactive\\" class=\\"text-muted\\" role=\\"button\\" aria-hidden=\\"true\\">×</div></div><div id=\\"filters-list\\"><span><input id=\\"filters-item-0\\" class=\\"type-container\\" type=\\"checkbox\\" aria-hidden=\\"true\\" aria-checked=\\"false\\" value=\\"EP\\"><label for=\\"filters-item-0\\" class=\\"type-name-inactive\\">EP</label></span><span><input id=\\"filters-item-1\\" class=\\"type-container\\" type=\\"checkbox\\" aria-hidden=\\"true\\" aria-checked=\\"false\\" value=\\"Soundtrack\\"><label for=\\"filters-item-1\\" class=\\"type-name-inactive\\">Soundtrack</label></span><span><input id=\\"filters-item-2\\" class=\\"type-container\\" type=\\"checkbox\\" aria-hidden=\\"true\\" aria-checked=\\"false\\" value=\\"Single\\"><label for=\\"filters-item-2\\" class=\\"type-name-inactive\\">Single</label></span><span><input id=\\"filters-item-3\\" class=\\"type-container\\" type=\\"checkbox\\" aria-hidden=\\"true\\" aria-checked=\\"false\\" value=\\"Demo\\"><label for=\\"filters-item-3\\" class=\\"type-name-inactive\\">Demo</label></span><span><input id=\\"filters-item-4\\" class=\\"type-container\\" type=\\"checkbox\\" aria-hidden=\\"true\\" aria-checked=\\"false\\" value=\\"Album\\"><label for=\\"filters-item-4\\" class=\\"type-name-inactive\\">Album</label></span><span><input id=\\"filters-item-5\\" class=\\"type-container\\" type=\\"checkbox\\" aria-hidden=\\"true\\" aria-checked=\\"false\\" value=\\"Live\\"><label for=\\"filters-item-5\\" class=\\"type-name-inactive\\">Live</label></span><span><input id=\\"filters-item-6\\" class=\\"type-container\\" type=\\"checkbox\\" aria-hidden=\\"true\\" aria-checked=\\"false\\" value=\\"DJ-mix\\"><label for=\\"filters-item-6\\" class=\\"type-name-inactive\\">DJ-mix</label></span><span><input id=\\"filters-item-7\\" class=\\"type-container\\" type=\\"checkbox\\" aria-hidden=\\"true\\" aria-checked=\\"false\\" value=\\"Remix\\"><label for=\\"filters-item-7\\" class=\\"type-name-inactive\\">Remix</label></span><span><input id=\\"filters-item-8\\" class=\\"type-container\\" type=\\"checkbox\\" aria-hidden=\\"true\\" aria-checked=\\"false\\" value=\\"Compilation\\"><label for=\\"filters-item-8\\" class=\\"type-name-inactive\\">Compilation</label></span><span><input id=\\"filters-item-9\\" class=\\"type-container\\" type=\\"checkbox\\" aria-hidden=\\"true\\" aria-checked=\\"false\\" value=\\"Mixtape/Street\\"><label for=\\"filters-item-9\\" class=\\"type-name-inactive\\">Mixtape/Street</label></span></div></div></div>"`;

exports[`FreshReleases renders filters, card grid, and timeline components on the page 1`] = `"<h2 id=\\"fr-heading\\">Fresh Releases</h2><h3 id=\\"fr-subheading\\">Discover new music from artists you listen to</h3><div id=\\"fr-pill-row\\"><button type=\\"button\\" style=\\"background: rgb(235, 116, 59); border: 2px solid #eb743b; font-weight: 700; color: rgb(255, 255, 255); border-radius: 24px; outline: none; padding: 3px 12px; margin: 2px 6px 12px 6px; box-sizing: border-box;\\">All Releases</button><button type=\\"button\\" style=\\"background: transparent; border: 2px solid #8d8d8d; color: rgb(141, 141, 141); border-radius: 24px; outline: none; padding: 3px 12px; margin: 2px 6px 12px 6px; box-sizing: border-box;\\">Releases For You</button></div><div class=\\"releases-page row\\"><div class=\\"filters-main col-xs-12 col-md-1\\"><div id=\\"filters-container\\"><div id=\\"coverart-checkbox\\"><button type=\\"button\\" style=\\"background: transparent; border: 2px solid #8d8d8d; color: rgb(141, 141, 141); border-radius: 24px; outline: none; padding: 4px 12px; margin: 6px; box-sizing: border-box;\\">Hide releases without coverart</button></div><div id=\\"release-filters\\"><div id=\\"title-container\\"><div id=\\"type-title\\" class=\\"text-muted\\">Filters</div><div id=\\"clearall-btn-inactive\\" class=\\"text-muted\\" role=\\"button\\" aria-hidden=\\"true\\">×</div></div><div id=\\"filters-list\\"></div></div></div></div><div id=\\"release-cards-grid\\" class=\\"col-xs-12 col-md-10\\"></div><div class=\\"releases-timeline col-xs-12 col-md-1\\"></div></div>"`;
