// Jest Snapshot v1, https://goo.gl/fbAQLP

exports[`UserDailyActivity renders corectly when range is invalid 1`] = `
<UserDailyActivity
  apiUrl="barfoo"
  range="invalid_range"
  user={
    Object {
      "name": "foobar",
    }
  }
>
  <ForwardRef
    style={
      Object {
        "marginTop": 20,
        "minHeight": 480,
      }
    }
  >
    <div
      style={
        Object {
          "background": "#FFFFFF",
          "border": "1px solid #EEEEEE",
          "borderRadius": "8px",
          "boxShadow": "0 1px 1px rgba(192,192,192,0.1), 0 2px 2px rgba(192,192,192,0.15), 0 4px 4px rgba(192,192,192,0.20)",
          "boxSizing": "border-box",
          "height": "100%",
          "marginTop": 20,
          "minHeight": 480,
        }
      }
    >
      <div
        className="row"
      >
        <div
          className="col-xs-10"
        >
          <h3
            className="capitalize-bold"
            style={
              Object {
                "marginLeft": 20,
              }
            }
          >
            Daily Activity
          </h3>
        </div>
        <div
          className="col-xs-2 text-right"
        >
          <h4
            style={
              Object {
                "marginTop": 20,
              }
            }
          >
            <a
              href="#daily-activity"
            >
              <FontAwesomeIcon
                border={false}
                className=""
                color="#000000"
                fixedWidth={false}
                flip={null}
                icon={
                  Object {
                    "icon": Array [
                      512,
                      512,
                      Array [],
                      "f0c1",
                      "M326.612 185.391c59.747 59.809 58.927 155.698.36 214.59-.11.12-.24.25-.36.37l-67.2 67.2c-59.27 59.27-155.699 59.262-214.96 0-59.27-59.26-59.27-155.7 0-214.96l37.106-37.106c9.84-9.84 26.786-3.3 27.294 10.606.648 17.722 3.826 35.527 9.69 52.721 1.986 5.822.567 12.262-3.783 16.612l-13.087 13.087c-28.026 28.026-28.905 73.66-1.155 101.96 28.024 28.579 74.086 28.749 102.325.51l67.2-67.19c28.191-28.191 28.073-73.757 0-101.83-3.701-3.694-7.429-6.564-10.341-8.569a16.037 16.037 0 0 1-6.947-12.606c-.396-10.567 3.348-21.456 11.698-29.806l21.054-21.055c5.521-5.521 14.182-6.199 20.584-1.731a152.482 152.482 0 0 1 20.522 17.197zM467.547 44.449c-59.261-59.262-155.69-59.27-214.96 0l-67.2 67.2c-.12.12-.25.25-.36.37-58.566 58.892-59.387 154.781.36 214.59a152.454 152.454 0 0 0 20.521 17.196c6.402 4.468 15.064 3.789 20.584-1.731l21.054-21.055c8.35-8.35 12.094-19.239 11.698-29.806a16.037 16.037 0 0 0-6.947-12.606c-2.912-2.005-6.64-4.875-10.341-8.569-28.073-28.073-28.191-73.639 0-101.83l67.2-67.19c28.239-28.239 74.3-28.069 102.325.51 27.75 28.3 26.872 73.934-1.155 101.96l-13.087 13.087c-4.35 4.35-5.769 10.79-3.783 16.612 5.864 17.194 9.042 34.999 9.69 52.721.509 13.906 17.454 20.446 27.294 10.606l37.106-37.106c59.271-59.259 59.271-155.699.001-214.959z",
                    ],
                    "iconName": "link",
                    "prefix": "fas",
                  }
                }
                inverse={false}
                listItem={false}
                mask={null}
                pull={null}
                pulse={false}
                rotation={null}
                size="sm"
                spin={false}
                style={
                  Object {
                    "marginRight": 20,
                  }
                }
                swapOpacity={false}
                symbol={false}
                title=""
                transform={null}
              >
                <svg
                  aria-hidden="true"
                  className="svg-inline--fa fa-link fa-w-16 fa-sm "
                  color="#000000"
                  data-icon="link"
                  data-prefix="fas"
                  focusable="false"
                  role="img"
                  style={
                    Object {
                      "marginRight": 20,
                    }
                  }
                  viewBox="0 0 512 512"
                  xmlns="http://www.w3.org/2000/svg"
                >
                  <path
                    d="M326.612 185.391c59.747 59.809 58.927 155.698.36 214.59-.11.12-.24.25-.36.37l-67.2 67.2c-59.27 59.27-155.699 59.262-214.96 0-59.27-59.26-59.27-155.7 0-214.96l37.106-37.106c9.84-9.84 26.786-3.3 27.294 10.606.648 17.722 3.826 35.527 9.69 52.721 1.986 5.822.567 12.262-3.783 16.612l-13.087 13.087c-28.026 28.026-28.905 73.66-1.155 101.96 28.024 28.579 74.086 28.749 102.325.51l67.2-67.19c28.191-28.191 28.073-73.757 0-101.83-3.701-3.694-7.429-6.564-10.341-8.569a16.037 16.037 0 0 1-6.947-12.606c-.396-10.567 3.348-21.456 11.698-29.806l21.054-21.055c5.521-5.521 14.182-6.199 20.584-1.731a152.482 152.482 0 0 1 20.522 17.197zM467.547 44.449c-59.261-59.262-155.69-59.27-214.96 0l-67.2 67.2c-.12.12-.25.25-.36.37-58.566 58.892-59.387 154.781.36 214.59a152.454 152.454 0 0 0 20.521 17.196c6.402 4.468 15.064 3.789 20.584-1.731l21.054-21.055c8.35-8.35 12.094-19.239 11.698-29.806a16.037 16.037 0 0 0-6.947-12.606c-2.912-2.005-6.64-4.875-10.341-8.569-28.073-28.073-28.191-73.639 0-101.83l67.2-67.19c28.239-28.239 74.3-28.069 102.325.51 27.75 28.3 26.872 73.934-1.155 101.96l-13.087 13.087c-4.35 4.35-5.769 10.79-3.783 16.612 5.864 17.194 9.042 34.999 9.69 52.721.509 13.906 17.454 20.446 27.294 10.606l37.106-37.106c59.271-59.259 59.271-155.699.001-214.959z"
                    fill="currentColor"
                    style={Object {}}
                  />
                </svg>
              </FontAwesomeIcon>
            </a>
          </h4>
        </div>
      </div>
      <Loader
        isLoading={false}
      >
        <div
          style={
            Object {
              "alignItems": "center",
              "display": "flex",
              "justifyContent": "center",
              "minHeight": "inherit",
            }
          }
        >
          <span
            style={
              Object {
                "fontSize": 24,
              }
            }
          >
            <FontAwesomeIcon
              border={false}
              className=""
              fixedWidth={false}
              flip={null}
              icon={
                Object {
                  "icon": Array [
                    512,
                    512,
                    Array [],
                    "f06a",
                    "M504 256c0 136.997-111.043 248-248 248S8 392.997 8 256C8 119.083 119.043 8 256 8s248 111.083 248 248zm-248 50c-25.405 0-46 20.595-46 46s20.595 46 46 46 46-20.595 46-46-20.595-46-46-46zm-43.673-165.346l7.418 136c.347 6.364 5.609 11.346 11.982 11.346h48.546c6.373 0 11.635-4.982 11.982-11.346l7.418-136c.375-6.874-5.098-12.654-11.982-12.654h-63.383c-6.884 0-12.356 5.78-11.981 12.654z",
                  ],
                  "iconName": "exclamation-circle",
                  "prefix": "fas",
                }
              }
              inverse={false}
              listItem={false}
              mask={null}
              pull={null}
              pulse={false}
              rotation={null}
              size={null}
              spin={false}
              swapOpacity={false}
              symbol={false}
              title=""
              transform={null}
            >
              <svg
                aria-hidden="true"
                className="svg-inline--fa fa-exclamation-circle fa-w-16 "
                data-icon="exclamation-circle"
                data-prefix="fas"
                focusable="false"
                role="img"
                style={Object {}}
                viewBox="0 0 512 512"
                xmlns="http://www.w3.org/2000/svg"
              >
                <path
                  d="M504 256c0 136.997-111.043 248-248 248S8 392.997 8 256C8 119.083 119.043 8 256 8s248 111.083 248 248zm-248 50c-25.405 0-46 20.595-46 46s20.595 46 46 46 46-20.595 46-46-20.595-46-46-46zm-43.673-165.346l7.418 136c.347 6.364 5.609 11.346 11.982 11.346h48.546c6.373 0 11.635-4.982 11.982-11.346l7.418-136c.375-6.874-5.098-12.654-11.982-12.654h-63.383c-6.884 0-12.356 5.78-11.981 12.654z"
                  fill="currentColor"
                  style={Object {}}
                />
              </svg>
            </FontAwesomeIcon>
             
            Invalid range: invalid_range
          </span>
        </div>
      </Loader>
    </div>
  </ForwardRef>
</UserDailyActivity>
`;

exports[`UserDailyActivity renders correctly 1`] = `
<ForwardRef
  style={
    Object {
      "marginTop": 20,
      "minHeight": 480,
    }
  }
>
  <div
    className="row"
  >
    <div
      className="col-xs-10"
    >
      <h3
        className="capitalize-bold"
        style={
          Object {
            "marginLeft": 20,
          }
        }
      >
        Daily Activity
      </h3>
    </div>
    <div
      className="col-xs-2 text-right"
    >
      <h4
        style={
          Object {
            "marginTop": 20,
          }
        }
      >
        <a
          href="#daily-activity"
        >
          <FontAwesomeIcon
            border={false}
            className=""
            color="#000000"
            fixedWidth={false}
            flip={null}
            icon={
              Object {
                "icon": Array [
                  512,
                  512,
                  Array [],
                  "f0c1",
                  "M326.612 185.391c59.747 59.809 58.927 155.698.36 214.59-.11.12-.24.25-.36.37l-67.2 67.2c-59.27 59.27-155.699 59.262-214.96 0-59.27-59.26-59.27-155.7 0-214.96l37.106-37.106c9.84-9.84 26.786-3.3 27.294 10.606.648 17.722 3.826 35.527 9.69 52.721 1.986 5.822.567 12.262-3.783 16.612l-13.087 13.087c-28.026 28.026-28.905 73.66-1.155 101.96 28.024 28.579 74.086 28.749 102.325.51l67.2-67.19c28.191-28.191 28.073-73.757 0-101.83-3.701-3.694-7.429-6.564-10.341-8.569a16.037 16.037 0 0 1-6.947-12.606c-.396-10.567 3.348-21.456 11.698-29.806l21.054-21.055c5.521-5.521 14.182-6.199 20.584-1.731a152.482 152.482 0 0 1 20.522 17.197zM467.547 44.449c-59.261-59.262-155.69-59.27-214.96 0l-67.2 67.2c-.12.12-.25.25-.36.37-58.566 58.892-59.387 154.781.36 214.59a152.454 152.454 0 0 0 20.521 17.196c6.402 4.468 15.064 3.789 20.584-1.731l21.054-21.055c8.35-8.35 12.094-19.239 11.698-29.806a16.037 16.037 0 0 0-6.947-12.606c-2.912-2.005-6.64-4.875-10.341-8.569-28.073-28.073-28.191-73.639 0-101.83l67.2-67.19c28.239-28.239 74.3-28.069 102.325.51 27.75 28.3 26.872 73.934-1.155 101.96l-13.087 13.087c-4.35 4.35-5.769 10.79-3.783 16.612 5.864 17.194 9.042 34.999 9.69 52.721.509 13.906 17.454 20.446 27.294 10.606l37.106-37.106c59.271-59.259 59.271-155.699.001-214.959z",
                ],
                "iconName": "link",
                "prefix": "fas",
              }
            }
            inverse={false}
            listItem={false}
            mask={null}
            pull={null}
            pulse={false}
            rotation={null}
            size="sm"
            spin={false}
            style={
              Object {
                "marginRight": 20,
              }
            }
            swapOpacity={false}
            symbol={false}
            title=""
            transform={null}
          />
        </a>
      </h4>
    </div>
  </div>
  <Loader
    isLoading={false}
  >
    <div
      className="row"
    >
      <div
        className="col-xs-12"
      >
        <Heatmap
          data={
            Array [
              Object {
                "0": 16,
                "1": 8,
                "10": 39,
                "11": 51,
                "12": 59,
                "13": 33,
                "14": 34,
                "15": 39,
                "16": 60,
                "17": 68,
                "18": 39,
                "19": 51,
                "2": 1,
                "20": 32,
                "21": 50,
                "22": 37,
                "23": 26,
                "3": 0,
                "4": 0,
                "5": 0,
                "6": 0,
                "7": 5,
                "8": 20,
                "9": 25,
                "day": "Average",
              },
              Object {
                "0": 19,
                "1": 12,
                "10": 56,
                "11": 60,
                "12": 71,
                "13": 42,
                "14": 30,
                "15": 46,
                "16": 72,
                "17": 52,
                "18": 41,
                "19": 58,
                "2": 2,
                "20": 37,
                "21": 63,
                "22": 48,
                "23": 32,
                "3": 0,
                "4": 0,
                "5": 0,
                "6": 0,
                "7": 1,
                "8": 35,
                "9": 36,
                "day": "Monday",
              },
              Object {
                "0": 19,
                "1": 8,
                "10": 50,
                "11": 33,
                "12": 46,
                "13": 33,
                "14": 44,
                "15": 42,
                "16": 67,
                "17": 60,
                "18": 50,
                "19": 56,
                "2": 0,
                "20": 28,
                "21": 34,
                "22": 47,
                "23": 14,
                "3": 0,
                "4": 0,
                "5": 0,
                "6": 0,
                "7": 0,
                "8": 17,
                "9": 60,
                "day": "Tuesday",
              },
              Object {
                "0": 2,
                "1": 1,
                "10": 45,
                "11": 47,
                "12": 82,
                "13": 45,
                "14": 14,
                "15": 37,
                "16": 52,
                "17": 64,
                "18": 54,
                "19": 63,
                "2": 0,
                "20": 29,
                "21": 56,
                "22": 26,
                "23": 30,
                "3": 0,
                "4": 0,
                "5": 0,
                "6": 0,
                "7": 0,
                "8": 29,
                "9": 20,
                "day": "Wednesday",
              },
              Object {
                "0": 28,
                "1": 7,
                "10": 14,
                "11": 62,
                "12": 85,
                "13": 21,
                "14": 45,
                "15": 57,
                "16": 84,
                "17": 79,
                "18": 29,
                "19": 50,
                "2": 0,
                "20": 33,
                "21": 57,
                "22": 33,
                "23": 21,
                "3": 0,
                "4": 0,
                "5": 0,
                "6": 0,
                "7": 16,
                "8": 16,
                "9": 17,
                "day": "Thursday",
              },
              Object {
                "0": 8,
                "1": 15,
                "10": 53,
                "11": 57,
                "12": 39,
                "13": 31,
                "14": 48,
                "15": 45,
                "16": 79,
                "17": 133,
                "18": 56,
                "19": 39,
                "2": 1,
                "20": 31,
                "21": 43,
                "22": 51,
                "23": 26,
                "3": 0,
                "4": 0,
                "5": 0,
                "6": 0,
                "7": 5,
                "8": 30,
                "9": 30,
                "day": "Friday",
              },
              Object {
                "0": 20,
                "1": 12,
                "10": 26,
                "11": 44,
                "12": 56,
                "13": 29,
                "14": 28,
                "15": 23,
                "16": 25,
                "17": 55,
                "18": 18,
                "19": 57,
                "2": 1,
                "20": 37,
                "21": 80,
                "22": 29,
                "23": 22,
                "3": 0,
                "4": 0,
                "5": 0,
                "6": 0,
                "7": 0,
                "8": 7,
                "9": 11,
                "day": "Saturday",
              },
              Object {
                "0": 10,
                "1": 0,
                "10": 26,
                "11": 52,
                "12": 30,
                "13": 24,
                "14": 25,
                "15": 17,
                "16": 36,
                "17": 30,
                "18": 24,
                "19": 29,
                "2": 0,
                "20": 28,
                "21": 16,
                "22": 24,
                "23": 35,
                "3": 0,
                "4": 0,
                "5": 0,
                "6": 0,
                "7": 8,
                "8": 2,
                "9": 0,
                "day": "Sunday",
              },
            ]
          }
          width={1200}
        />
      </div>
    </div>
  </Loader>
</ForwardRef>
`;
