// Jest Snapshot v1, https://goo.gl/fbAQLP

exports[`PersonalRecommendationModal renders everything right 1`] = `"<div class=\\"modal fade\\" id=\\"PersonalRecommendationModal\\" tabindex=\\"-1\\" role=\\"dialog\\" aria-labelledby=\\"PersonalRecommendationModalLabel\\" data-backdrop=\\"static\\"><div class=\\"modal-dialog\\" role=\\"document\\"><form class=\\"modal-content\\"><div class=\\"modal-header\\"><button type=\\"button\\" class=\\"close\\" data-dismiss=\\"modal\\" aria-label=\\"Close\\"><span aria-hidden=\\"true\\">×</span></button><h4 class=\\"modal-title\\" id=\\"PersonalRecommendationModalLabel\\">Recommend <b>Feel Special</b></h4></div><div class=\\"modal-body\\"><input type=\\"text\\" class=\\"form-control\\" placeholder=\\"Add followers*\\"><div class=\\"searchdropdown\\"></div><p>Leave a message (optional)</p><div class=\\"form-group\\"><textarea class=\\"form-control\\" id=\\"blurb-content\\" placeholder=\\"You will love this song because...\\" name=\\"blurb-content\\" rows=\\"4\\" style=\\"resize: vertical;\\"></textarea></div><small class=\\"character-count\\">0 / 280<br>*Can’t find a user? Make sure they are following you, and then try again.</small></div><div class=\\"modal-footer\\"><button type=\\"button\\" class=\\"btn btn-default\\" data-dismiss=\\"modal\\">Cancel</button><button type=\\"submit\\" class=\\"btn btn-success\\" data-dismiss=\\"modal\\" disabled=\\"\\">Send Recommendation</button></div></form></div></div>"`;
