// Jest Snapshot v1, https://goo.gl/fbAQLP

exports[`Recommendations renders correctly on the recommendations page 1`] = `"<div role=\\"main\\"><div class=\\"AlertContainer-container-0-1-10 AlertContainer-bottom-right-0-1-13\\"><div><div></div></div></div><div class=\\"row\\"><div class=\\"col-md-8\\"><div><div style=\\"height:0;position:sticky;top:50%;z-index:1\\"></div><div id=\\"recommendations\\" style=\\"opacity:1\\"><div style=\\"background:#FFFFFF;border:1px solid #EEEEEE;box-sizing:border-box;box-shadow:0 1px 1px rgba(192,192,192,0.1), 0 2px 2px rgba(192,192,192,0.15), 0 4px 4px rgba(192,192,192,0.20);border-radius:8px;height:100%\\" class=\\"recommendation-card row \\"><div class=\\"track-details\\"><div title=\\"Alchemy\\"><a href=\\"https://musicbrainz.org/recording/cdae1a9e-de70-46b1-9189-5d857bc40c67\\" target=\\"_blank\\" rel=\\"noopener noreferrer\\">Alchemy</a></div><small class=\\"text-muted\\" title=\\"Pastelle &amp; Reflekshun\\"><a href=\\"http://musicbrainz.org/artist/4bdf1367-3fe4-4612-99ae-83dd3cd8f7a3\\" target=\\"_blank\\" rel=\\"noopener noreferrer\\">Pastelle &amp; Reflekshun</a></small></div></div><div style=\\"background:#FFFFFF;border:1px solid #EEEEEE;box-sizing:border-box;box-shadow:0 1px 1px rgba(192,192,192,0.1), 0 2px 2px rgba(192,192,192,0.15), 0 4px 4px rgba(192,192,192,0.20);border-radius:8px;height:100%\\" class=\\"recommendation-card row \\"><div class=\\"track-details\\"><div title=\\"Butterfly Water\\"><a href=\\"https://musicbrainz.org/recording/96b34c7d-d9fc-4db8-a94f-abc9fa3a6759\\" target=\\"_blank\\" rel=\\"noopener noreferrer\\">Butterfly Water</a></div><small class=\\"text-muted\\" title=\\"Pastelle &amp; My City Glory\\"><a href=\\"http://musicbrainz.org/artist/5eeeefb9-5dbb-493f-b373-78c63888a8b8\\" target=\\"_blank\\" rel=\\"noopener noreferrer\\">Pastelle &amp; My City Glory</a></small></div></div><div style=\\"background:#FFFFFF;border:1px solid #EEEEEE;box-sizing:border-box;box-shadow:0 1px 1px rgba(192,192,192,0.1), 0 2px 2px rgba(192,192,192,0.15), 0 4px 4px rgba(192,192,192,0.20);border-radius:8px;height:100%\\" class=\\"recommendation-card row \\"><div class=\\"track-details\\"><div title=\\"Sea Foam\\"><a href=\\"https://musicbrainz.org/recording/6309a2cd-3fcf-4a5e-bfc8-3189e00ca2a8\\" target=\\"_blank\\" rel=\\"noopener noreferrer\\">Sea Foam</a></div><small class=\\"text-muted\\" title=\\"Pastelle &amp; My City Glory\\"><a href=\\"http://musicbrainz.org/artist/8f87ab42-f445-4565-8812-e64636c1e61b\\" target=\\"_blank\\" rel=\\"noopener noreferrer\\">Pastelle &amp; My City Glory</a></small></div></div><div style=\\"background:#FFFFFF;border:1px solid #EEEEEE;box-sizing:border-box;box-shadow:0 1px 1px rgba(192,192,192,0.1), 0 2px 2px rgba(192,192,192,0.15), 0 4px 4px rgba(192,192,192,0.20);border-radius:8px;height:100%\\" class=\\"recommendation-card row \\"><div class=\\"track-details\\"><div title=\\"Close to Eden\\"><a href=\\"https://musicbrainz.org/recording/6309a2cd-3fcf-4a5e-bfc8-3189e00ca2a8\\" target=\\"_blank\\" rel=\\"noopener noreferrer\\">Close to Eden</a></div><small class=\\"text-muted\\" title=\\"Pastelle &amp; Reflekshun\\"><a href=\\"http://musicbrainz.org/artist/d56e0081-e2b3-4733-8b2b-122e0bea6671\\" target=\\"_blank\\" rel=\\"noopener noreferrer\\">Pastelle &amp; Reflekshun</a></small></div></div><div style=\\"background:#FFFFFF;border:1px solid #EEEEEE;box-sizing:border-box;box-shadow:0 1px 1px rgba(192,192,192,0.1), 0 2px 2px rgba(192,192,192,0.15), 0 4px 4px rgba(192,192,192,0.20);border-radius:8px;height:100%\\" class=\\"recommendation-card row \\"><div class=\\"track-details\\"><div title=\\"Jute Mill Song\\"><a href=\\"https://musicbrainz.org/recording/06fbadfe-d928-47fc-af91-b6edb935ca71\\" target=\\"_blank\\" rel=\\"noopener noreferrer\\">Jute Mill Song</a></div><small class=\\"text-muted\\" title=\\"Ewan McLennan\\"><a href=\\"http://musicbrainz.org/artist/37cd9536-cf29-4ec3-bc11-7180557b3774\\" target=\\"_blank\\" rel=\\"noopener noreferrer\\">Ewan McLennan</a></small></div></div><div style=\\"background:#FFFFFF;border:1px solid #EEEEEE;box-sizing:border-box;box-shadow:0 1px 1px rgba(192,192,192,0.1), 0 2px 2px rgba(192,192,192,0.15), 0 4px 4px rgba(192,192,192,0.20);border-radius:8px;height:100%\\" class=\\"recommendation-card row \\"><div class=\\"track-details\\"><div title=\\"Chi Mi Bhuam (I See from Me)\\"><a href=\\"https://musicbrainz.org/recording/3ca82758-a539-48be-84ba-1c3ccb2031ee\\" target=\\"_blank\\" rel=\\"noopener noreferrer\\">Chi Mi Bhuam (I See from Me)</a></div><small class=\\"text-muted\\" title=\\"Karen Matheson\\"><a href=\\"http://musicbrainz.org/artist/266cf15f-482b-4904-91af-ae8473878151\\" target=\\"_blank\\" rel=\\"noopener noreferrer\\">Karen Matheson</a></small></div></div><div style=\\"background:#FFFFFF;border:1px solid #EEEEEE;box-sizing:border-box;box-shadow:0 1px 1px rgba(192,192,192,0.1), 0 2px 2px rgba(192,192,192,0.15), 0 4px 4px rgba(192,192,192,0.20);border-radius:8px;height:100%\\" class=\\"recommendation-card row \\"><div class=\\"track-details\\"><div title=\\"Liberty&#x27;s Sweet Shore\\"><a href=\\"https://musicbrainz.org/recording/1e90c596-06ea-4fbe-9df5-4c4180cefd4f\\" target=\\"_blank\\" rel=\\"noopener noreferrer\\">Liberty&#x27;s Sweet Shore</a></div><small class=\\"text-muted\\" title=\\"John Doyle\\"><a href=\\"http://musicbrainz.org/artist/5abb4d91-5cb7-429f-bc89-067507fc5416\\" target=\\"_blank\\" rel=\\"noopener noreferrer\\">John Doyle</a></small></div></div><div style=\\"background:#FFFFFF;border:1px solid #EEEEEE;box-sizing:border-box;box-shadow:0 1px 1px rgba(192,192,192,0.1), 0 2px 2px rgba(192,192,192,0.15), 0 4px 4px rgba(192,192,192,0.20);border-radius:8px;height:100%\\" class=\\"recommendation-card row \\"><div class=\\"track-details\\"><div title=\\"Father Dermot\\"><a href=\\"https://musicbrainz.org/recording/f62e83c3-a7da-41f2-a268-cccb19113d06\\" target=\\"_blank\\" rel=\\"noopener noreferrer\\">Father Dermot</a></div><small class=\\"text-muted\\" title=\\"Aly Bain, Michael McGoldrick\\"><a href=\\"http://musicbrainz.org/artist/917174d5-c7be-4dda-8c3f-8a4d7885931f\\" target=\\"_blank\\" rel=\\"noopener noreferrer\\">Aly Bain, Michael McGoldrick</a></small></div></div><div style=\\"background:#FFFFFF;border:1px solid #EEEEEE;box-sizing:border-box;box-shadow:0 1px 1px rgba(192,192,192,0.1), 0 2px 2px rgba(192,192,192,0.15), 0 4px 4px rgba(192,192,192,0.20);border-radius:8px;height:100%\\" class=\\"recommendation-card row \\"><div class=\\"track-details\\"><div title=\\"Delilah\\"><a href=\\"https://musicbrainz.org/recording/76efdaa3-b2bd-4d09-a2af-fb1ddd6cc45b\\" target=\\"_blank\\" rel=\\"noopener noreferrer\\">Delilah</a></div><small class=\\"text-muted\\" title=\\"Teddy Thompson\\"><a href=\\"http://musicbrainz.org/artist/ce181211-c678-4cce-a305-a0bed57b422d\\" target=\\"_blank\\" rel=\\"noopener noreferrer\\">Teddy Thompson</a></small></div></div><div style=\\"background:#FFFFFF;border:1px solid #EEEEEE;box-sizing:border-box;box-shadow:0 1px 1px rgba(192,192,192,0.1), 0 2px 2px rgba(192,192,192,0.15), 0 4px 4px rgba(192,192,192,0.20);border-radius:8px;height:100%\\" class=\\"recommendation-card row \\"><div class=\\"track-details\\"><div title=\\"Alchemy\\"><a href=\\"https://musicbrainz.org/recording/cdae1a9e-de70-46b1-9189-5d857bc40c67\\" target=\\"_blank\\" rel=\\"noopener noreferrer\\">Alchemy</a></div><small class=\\"text-muted\\" title=\\"Pastelle &amp; Reflekshun\\"><a href=\\"http://musicbrainz.org/artist/4bdf1367-3fe4-4612-99ae-83dd3cd8f7a3\\" target=\\"_blank\\" rel=\\"noopener noreferrer\\">Pastelle &amp; Reflekshun</a></small></div></div><div style=\\"background:#FFFFFF;border:1px solid #EEEEEE;box-sizing:border-box;box-shadow:0 1px 1px rgba(192,192,192,0.1), 0 2px 2px rgba(192,192,192,0.15), 0 4px 4px rgba(192,192,192,0.20);border-radius:8px;height:100%\\" class=\\"recommendation-card row \\"><div class=\\"track-details\\"><div title=\\"Butterfly Water\\"><a href=\\"https://musicbrainz.org/recording/96b34c7d-d9fc-4db8-a94f-abc9fa3a6759\\" target=\\"_blank\\" rel=\\"noopener noreferrer\\">Butterfly Water</a></div><small class=\\"text-muted\\" title=\\"Pastelle &amp; My City Glory\\"><a href=\\"http://musicbrainz.org/artist/5eeeefb9-5dbb-493f-b373-78c63888a8b8\\" target=\\"_blank\\" rel=\\"noopener noreferrer\\">Pastelle &amp; My City Glory</a></small></div></div><div style=\\"background:#FFFFFF;border:1px solid #EEEEEE;box-sizing:border-box;box-shadow:0 1px 1px rgba(192,192,192,0.1), 0 2px 2px rgba(192,192,192,0.15), 0 4px 4px rgba(192,192,192,0.20);border-radius:8px;height:100%\\" class=\\"recommendation-card row \\"><div class=\\"track-details\\"><div title=\\"Sea Foam\\"><a href=\\"https://musicbrainz.org/recording/6309a2cd-3fcf-4a5e-bfc8-3189e00ca2a8\\" target=\\"_blank\\" rel=\\"noopener noreferrer\\">Sea Foam</a></div><small class=\\"text-muted\\" title=\\"Pastelle &amp; My City Glory\\"><a href=\\"http://musicbrainz.org/artist/8f87ab42-f445-4565-8812-e64636c1e61b\\" target=\\"_blank\\" rel=\\"noopener noreferrer\\">Pastelle &amp; My City Glory</a></small></div></div><div style=\\"background:#FFFFFF;border:1px solid #EEEEEE;box-sizing:border-box;box-shadow:0 1px 1px rgba(192,192,192,0.1), 0 2px 2px rgba(192,192,192,0.15), 0 4px 4px rgba(192,192,192,0.20);border-radius:8px;height:100%\\" class=\\"recommendation-card row \\"><div class=\\"track-details\\"><div title=\\"Close to Eden\\"><a href=\\"https://musicbrainz.org/recording/6309a2cd-3fcf-4a5e-bfc8-3189e00ca2a8\\" target=\\"_blank\\" rel=\\"noopener noreferrer\\">Close to Eden</a></div><small class=\\"text-muted\\" title=\\"Pastelle &amp; Reflekshun\\"><a href=\\"http://musicbrainz.org/artist/d56e0081-e2b3-4733-8b2b-122e0bea6671\\" target=\\"_blank\\" rel=\\"noopener noreferrer\\">Pastelle &amp; Reflekshun</a></small></div></div><div style=\\"background:#FFFFFF;border:1px solid #EEEEEE;box-sizing:border-box;box-shadow:0 1px 1px rgba(192,192,192,0.1), 0 2px 2px rgba(192,192,192,0.15), 0 4px 4px rgba(192,192,192,0.20);border-radius:8px;height:100%\\" class=\\"recommendation-card row \\"><div class=\\"track-details\\"><div title=\\"Jute Mill Song\\"><a href=\\"https://musicbrainz.org/recording/06fbadfe-d928-47fc-af91-b6edb935ca71\\" target=\\"_blank\\" rel=\\"noopener noreferrer\\">Jute Mill Song</a></div><small class=\\"text-muted\\" title=\\"Ewan McLennan\\"><a href=\\"http://musicbrainz.org/artist/37cd9536-cf29-4ec3-bc11-7180557b3774\\" target=\\"_blank\\" rel=\\"noopener noreferrer\\">Ewan McLennan</a></small></div></div><div style=\\"background:#FFFFFF;border:1px solid #EEEEEE;box-sizing:border-box;box-shadow:0 1px 1px rgba(192,192,192,0.1), 0 2px 2px rgba(192,192,192,0.15), 0 4px 4px rgba(192,192,192,0.20);border-radius:8px;height:100%\\" class=\\"recommendation-card row \\"><div class=\\"track-details\\"><div title=\\"Chi Mi Bhuam (I See from Me)\\"><a href=\\"https://musicbrainz.org/recording/3ca82758-a539-48be-84ba-1c3ccb2031ee\\" target=\\"_blank\\" rel=\\"noopener noreferrer\\">Chi Mi Bhuam (I See from Me)</a></div><small class=\\"text-muted\\" title=\\"Karen Matheson\\"><a href=\\"http://musicbrainz.org/artist/266cf15f-482b-4904-91af-ae8473878151\\" target=\\"_blank\\" rel=\\"noopener noreferrer\\">Karen Matheson</a></small></div></div><div style=\\"background:#FFFFFF;border:1px solid #EEEEEE;box-sizing:border-box;box-shadow:0 1px 1px rgba(192,192,192,0.1), 0 2px 2px rgba(192,192,192,0.15), 0 4px 4px rgba(192,192,192,0.20);border-radius:8px;height:100%\\" class=\\"recommendation-card row \\"><div class=\\"track-details\\"><div title=\\"Liberty&#x27;s Sweet Shore\\"><a href=\\"https://musicbrainz.org/recording/1e90c596-06ea-4fbe-9df5-4c4180cefd4f\\" target=\\"_blank\\" rel=\\"noopener noreferrer\\">Liberty&#x27;s Sweet Shore</a></div><small class=\\"text-muted\\" title=\\"John Doyle\\"><a href=\\"http://musicbrainz.org/artist/5abb4d91-5cb7-429f-bc89-067507fc5416\\" target=\\"_blank\\" rel=\\"noopener noreferrer\\">John Doyle</a></small></div></div><div style=\\"background:#FFFFFF;border:1px solid #EEEEEE;box-sizing:border-box;box-shadow:0 1px 1px rgba(192,192,192,0.1), 0 2px 2px rgba(192,192,192,0.15), 0 4px 4px rgba(192,192,192,0.20);border-radius:8px;height:100%\\" class=\\"recommendation-card row \\"><div class=\\"track-details\\"><div title=\\"Father Dermot\\"><a href=\\"https://musicbrainz.org/recording/f62e83c3-a7da-41f2-a268-cccb19113d06\\" target=\\"_blank\\" rel=\\"noopener noreferrer\\">Father Dermot</a></div><small class=\\"text-muted\\" title=\\"Aly Bain, Michael McGoldrick\\"><a href=\\"http://musicbrainz.org/artist/917174d5-c7be-4dda-8c3f-8a4d7885931f\\" target=\\"_blank\\" rel=\\"noopener noreferrer\\">Aly Bain, Michael McGoldrick</a></small></div></div><div style=\\"background:#FFFFFF;border:1px solid #EEEEEE;box-sizing:border-box;box-shadow:0 1px 1px rgba(192,192,192,0.1), 0 2px 2px rgba(192,192,192,0.15), 0 4px 4px rgba(192,192,192,0.20);border-radius:8px;height:100%\\" class=\\"recommendation-card row \\"><div class=\\"track-details\\"><div title=\\"Delilah\\"><a href=\\"https://musicbrainz.org/recording/76efdaa3-b2bd-4d09-a2af-fb1ddd6cc45b\\" target=\\"_blank\\" rel=\\"noopener noreferrer\\">Delilah</a></div><small class=\\"text-muted\\" title=\\"Teddy Thompson\\"><a href=\\"http://musicbrainz.org/artist/ce181211-c678-4cce-a305-a0bed57b422d\\" target=\\"_blank\\" rel=\\"noopener noreferrer\\">Teddy Thompson</a></small></div></div><div style=\\"background:#FFFFFF;border:1px solid #EEEEEE;box-sizing:border-box;box-shadow:0 1px 1px rgba(192,192,192,0.1), 0 2px 2px rgba(192,192,192,0.15), 0 4px 4px rgba(192,192,192,0.20);border-radius:8px;height:100%\\" class=\\"recommendation-card row \\"><div class=\\"track-details\\"><div title=\\"Alchemy\\"><a href=\\"https://musicbrainz.org/recording/cdae1a9e-de70-46b1-9189-5d857bc40c67\\" target=\\"_blank\\" rel=\\"noopener noreferrer\\">Alchemy</a></div><small class=\\"text-muted\\" title=\\"Pastelle &amp; Reflekshun\\"><a href=\\"http://musicbrainz.org/artist/4bdf1367-3fe4-4612-99ae-83dd3cd8f7a3\\" target=\\"_blank\\" rel=\\"noopener noreferrer\\">Pastelle &amp; Reflekshun</a></small></div></div><div style=\\"background:#FFFFFF;border:1px solid #EEEEEE;box-sizing:border-box;box-shadow:0 1px 1px rgba(192,192,192,0.1), 0 2px 2px rgba(192,192,192,0.15), 0 4px 4px rgba(192,192,192,0.20);border-radius:8px;height:100%\\" class=\\"recommendation-card row \\"><div class=\\"track-details\\"><div title=\\"Butterfly Water\\"><a href=\\"https://musicbrainz.org/recording/96b34c7d-d9fc-4db8-a94f-abc9fa3a6759\\" target=\\"_blank\\" rel=\\"noopener noreferrer\\">Butterfly Water</a></div><small class=\\"text-muted\\" title=\\"Pastelle &amp; My City Glory\\"><a href=\\"http://musicbrainz.org/artist/5eeeefb9-5dbb-493f-b373-78c63888a8b8\\" target=\\"_blank\\" rel=\\"noopener noreferrer\\">Pastelle &amp; My City Glory</a></small></div></div><div style=\\"background:#FFFFFF;border:1px solid #EEEEEE;box-sizing:border-box;box-shadow:0 1px 1px rgba(192,192,192,0.1), 0 2px 2px rgba(192,192,192,0.15), 0 4px 4px rgba(192,192,192,0.20);border-radius:8px;height:100%\\" class=\\"recommendation-card row \\"><div class=\\"track-details\\"><div title=\\"Sea Foam\\"><a href=\\"https://musicbrainz.org/recording/6309a2cd-3fcf-4a5e-bfc8-3189e00ca2a8\\" target=\\"_blank\\" rel=\\"noopener noreferrer\\">Sea Foam</a></div><small class=\\"text-muted\\" title=\\"Pastelle &amp; My City Glory\\"><a href=\\"http://musicbrainz.org/artist/8f87ab42-f445-4565-8812-e64636c1e61b\\" target=\\"_blank\\" rel=\\"noopener noreferrer\\">Pastelle &amp; My City Glory</a></small></div></div><div style=\\"background:#FFFFFF;border:1px solid #EEEEEE;box-sizing:border-box;box-shadow:0 1px 1px rgba(192,192,192,0.1), 0 2px 2px rgba(192,192,192,0.15), 0 4px 4px rgba(192,192,192,0.20);border-radius:8px;height:100%\\" class=\\"recommendation-card row \\"><div class=\\"track-details\\"><div title=\\"Close to Eden\\"><a href=\\"https://musicbrainz.org/recording/6309a2cd-3fcf-4a5e-bfc8-3189e00ca2a8\\" target=\\"_blank\\" rel=\\"noopener noreferrer\\">Close to Eden</a></div><small class=\\"text-muted\\" title=\\"Pastelle &amp; Reflekshun\\"><a href=\\"http://musicbrainz.org/artist/d56e0081-e2b3-4733-8b2b-122e0bea6671\\" target=\\"_blank\\" rel=\\"noopener noreferrer\\">Pastelle &amp; Reflekshun</a></small></div></div><div style=\\"background:#FFFFFF;border:1px solid #EEEEEE;box-sizing:border-box;box-shadow:0 1px 1px rgba(192,192,192,0.1), 0 2px 2px rgba(192,192,192,0.15), 0 4px 4px rgba(192,192,192,0.20);border-radius:8px;height:100%\\" class=\\"recommendation-card row \\"><div class=\\"track-details\\"><div title=\\"Jute Mill Song\\"><a href=\\"https://musicbrainz.org/recording/06fbadfe-d928-47fc-af91-b6edb935ca71\\" target=\\"_blank\\" rel=\\"noopener noreferrer\\">Jute Mill Song</a></div><small class=\\"text-muted\\" title=\\"Ewan McLennan\\"><a href=\\"http://musicbrainz.org/artist/37cd9536-cf29-4ec3-bc11-7180557b3774\\" target=\\"_blank\\" rel=\\"noopener noreferrer\\">Ewan McLennan</a></small></div></div><div style=\\"background:#FFFFFF;border:1px solid #EEEEEE;box-sizing:border-box;box-shadow:0 1px 1px rgba(192,192,192,0.1), 0 2px 2px rgba(192,192,192,0.15), 0 4px 4px rgba(192,192,192,0.20);border-radius:8px;height:100%\\" class=\\"recommendation-card row \\"><div class=\\"track-details\\"><div title=\\"Chi Mi Bhuam (I See from Me)\\"><a href=\\"https://musicbrainz.org/recording/3ca82758-a539-48be-84ba-1c3ccb2031ee\\" target=\\"_blank\\" rel=\\"noopener noreferrer\\">Chi Mi Bhuam (I See from Me)</a></div><small class=\\"text-muted\\" title=\\"Karen Matheson\\"><a href=\\"http://musicbrainz.org/artist/266cf15f-482b-4904-91af-ae8473878151\\" target=\\"_blank\\" rel=\\"noopener noreferrer\\">Karen Matheson</a></small></div></div><div style=\\"background:#FFFFFF;border:1px solid #EEEEEE;box-sizing:border-box;box-shadow:0 1px 1px rgba(192,192,192,0.1), 0 2px 2px rgba(192,192,192,0.15), 0 4px 4px rgba(192,192,192,0.20);border-radius:8px;height:100%\\" class=\\"recommendation-card row \\"><div class=\\"track-details\\"><div title=\\"Liberty&#x27;s Sweet Shore\\"><a href=\\"https://musicbrainz.org/recording/1e90c596-06ea-4fbe-9df5-4c4180cefd4f\\" target=\\"_blank\\" rel=\\"noopener noreferrer\\">Liberty&#x27;s Sweet Shore</a></div><small class=\\"text-muted\\" title=\\"John Doyle\\"><a href=\\"http://musicbrainz.org/artist/5abb4d91-5cb7-429f-bc89-067507fc5416\\" target=\\"_blank\\" rel=\\"noopener noreferrer\\">John Doyle</a></small></div></div></div><ul class=\\"pager\\" style=\\"display:flex\\"><li class=\\"previous hidden\\"><a role=\\"button\\" tabindex=\\"0\\">← Previous</a></li><li class=\\"next \\" style=\\"margin-left:auto\\"><a role=\\"button\\" tabindex=\\"0\\">Next →</a></li></ul></div><br/></div><div class=\\"col-md-4\\" style=\\"position:sticky;top:20px\\"><div><div id=\\"music-player\\" aria-label=\\"Playback control\\"><div class=\\"content\\"><div class=\\"youtube hidden\\"><div class=\\"\\"><div></div></div></div><div class=\\"soundcloud hidden\\"><iframe id=\\"soundcloud-iframe\\" title=\\"Soundcloud player\\" width=\\"100%\\" height=\\"420px\\" scrolling=\\"no\\" frameBorder=\\"no\\" allow=\\"autoplay\\" src=\\"https://w.soundcloud.com/player/?url=\\"></iframe></div><div class=\\"no-album-art\\">No album art</div></div><div class=\\"info showControls\\"><div class=\\"currently-playing\\"><div class=\\"progress\\" aria-label=\\"Audio Progress Control\\" role=\\"progressbar\\" aria-valuemin=\\"0\\" aria-valuemax=\\"100\\" aria-valuenow=\\"NaN\\" tabindex=\\"0\\"><div class=\\"progress-bar\\" style=\\"width:NaN%\\"></div></div></div><div class=\\"controls\\"><div class=\\"left btn btn-xs\\" title=\\"Always show controls\\" role=\\"button\\" tabindex=\\"0\\"><svg aria-hidden=\\"true\\" focusable=\\"false\\" data-prefix=\\"fas\\" data-icon=\\"eye-slash\\" class=\\"svg-inline--fa fa-eye-slash fa-w-20 \\" role=\\"img\\" xmlns=\\"http://www.w3.org/2000/svg\\" viewBox=\\"0 0 640 512\\"><path fill=\\"currentColor\\" d=\\"M320 400c-75.85 0-137.25-58.71-142.9-133.11L72.2 185.82c-13.79 17.3-26.48 35.59-36.72 55.59a32.35 32.35 0 0 0 0 29.19C89.71 376.41 197.07 448 320 448c26.91 0 52.87-4 77.89-10.46L346 397.39a144.13 144.13 0 0 1-26 2.61zm313.82 58.1l-110.55-85.44a331.25 331.25 0 0 0 81.25-102.07 32.35 32.35 0 0 0 0-29.19C550.29 135.59 442.93 64 320 64a308.15 308.15 0 0 0-147.32 37.7L45.46 3.37A16 16 0 0 0 23 6.18L3.37 31.45A16 16 0 0 0 6.18 53.9l588.36 454.73a16 16 0 0 0 22.46-2.81l19.64-25.27a16 16 0 0 0-2.82-22.45zm-183.72-142l-39.3-30.38A94.75 94.75 0 0 0 416 256a94.76 94.76 0 0 0-121.31-92.21A47.65 47.65 0 0 1 304 192a46.64 46.64 0 0 1-1.54 10l-73.61-56.89A142.31 142.31 0 0 1 320 112a143.92 143.92 0 0 1 144 144c0 21.63-5.29 41.79-13.9 60.11z\\"></path></svg></div><div class=\\"previous btn btn-xs\\" title=\\"Previous\\" role=\\"button\\" tabindex=\\"0\\"><svg aria-hidden=\\"true\\" focusable=\\"false\\" data-prefix=\\"fas\\" data-icon=\\"fast-backward\\" class=\\"svg-inline--fa fa-fast-backward fa-w-16 \\" role=\\"img\\" xmlns=\\"http://www.w3.org/2000/svg\\" viewBox=\\"0 0 512 512\\"><path fill=\\"currentColor\\" d=\\"M0 436V76c0-6.6 5.4-12 12-12h40c6.6 0 12 5.4 12 12v151.9L235.5 71.4C256.1 54.3 288 68.6 288 96v131.9L459.5 71.4C480.1 54.3 512 68.6 512 96v320c0 27.4-31.9 41.7-52.5 24.6L288 285.3V416c0 27.4-31.9 41.7-52.5 24.6L64 285.3V436c0 6.6-5.4 12-12 12H12c-6.6 0-12-5.4-12-12z\\"></path></svg></div><div class=\\"play btn\\" title=\\"Play\\" role=\\"button\\" tabindex=\\"0\\"><svg aria-hidden=\\"true\\" focusable=\\"false\\" data-prefix=\\"fas\\" data-icon=\\"play-circle\\" class=\\"svg-inline--fa fa-play-circle fa-w-16 fa-2x \\" role=\\"img\\" xmlns=\\"http://www.w3.org/2000/svg\\" viewBox=\\"0 0 512 512\\"><path fill=\\"currentColor\\" d=\\"M256 8C119 8 8 119 8 256s111 248 248 248 248-111 248-248S393 8 256 8zm115.7 272l-176 101c-15.8 8.8-35.7-2.5-35.7-21V152c0-18.4 19.8-29.8 35.7-21l176 107c16.4 9.2 16.4 32.9 0 42z\\"></path></svg></div><div class=\\"next btn btn-xs\\" title=\\"Next\\" role=\\"button\\" tabindex=\\"0\\"><svg aria-hidden=\\"true\\" focusable=\\"false\\" data-prefix=\\"fas\\" data-icon=\\"fast-forward\\" class=\\"svg-inline--fa fa-fast-forward fa-w-16 \\" role=\\"img\\" xmlns=\\"http://www.w3.org/2000/svg\\" viewBox=\\"0 0 512 512\\"><path fill=\\"currentColor\\" d=\\"M512 76v360c0 6.6-5.4 12-12 12h-40c-6.6 0-12-5.4-12-12V284.1L276.5 440.6c-20.6 17.2-52.5 2.8-52.5-24.6V284.1L52.5 440.6C31.9 457.8 0 443.4 0 416V96c0-27.4 31.9-41.7 52.5-24.6L224 226.8V96c0-27.4 31.9-41.7 52.5-24.6L448 226.8V76c0-6.6 5.4-12 12-12h40c6.6 0 12 5.4 12 12z\\"></path></svg></div><div class=\\"right btn btn-xs\\" title=\\"Play up\\" role=\\"button\\" tabindex=\\"0\\"><svg aria-hidden=\\"true\\" focusable=\\"false\\" data-prefix=\\"fas\\" data-icon=\\"sort-amount-down\\" class=\\"svg-inline--fa fa-sort-amount-down fa-w-16 \\" role=\\"img\\" xmlns=\\"http://www.w3.org/2000/svg\\" viewBox=\\"0 0 512 512\\"><path fill=\\"currentColor\\" d=\\"M304 416h-64a16 16 0 0 0-16 16v32a16 16 0 0 0 16 16h64a16 16 0 0 0 16-16v-32a16 16 0 0 0-16-16zm-128-64h-48V48a16 16 0 0 0-16-16H80a16 16 0 0 0-16 16v304H16c-14.19 0-21.37 17.24-11.29 27.31l80 96a16 16 0 0 0 22.62 0l80-96C197.35 369.26 190.22 352 176 352zm256-192H240a16 16 0 0 0-16 16v32a16 16 0 0 0 16 16h192a16 16 0 0 0 16-16v-32a16 16 0 0 0-16-16zm-64 128H240a16 16 0 0 0-16 16v32a16 16 0 0 0 16 16h128a16 16 0 0 0 16-16v-32a16 16 0 0 0-16-16zM496 32H240a16 16 0 0 0-16 16v32a16 16 0 0 0 16 16h256a16 16 0 0 0 16-16V48a16 16 0 0 0-16-16z\\"></path></svg></div></div></div></div></div></div></div></div>"`;
