// Jest Snapshot v1, https://goo.gl/fbAQLP

exports[`BrainzPlayerUI renders 1`] = `
<BrainzPlayerUI
  artistName="The xx"
  durationMs={10000}
  listenBrainzAPIBaseURI="api.example.com"
  playNextTrack={[Function]}
  playPreviousTrack={[Function]}
  playerPaused={true}
  progressMs={0}
  seekToPositionMs={[Function]}
  togglePlay={[Function]}
  trackName="Dangerous"
>
  <div
    aria-label="Playback control"
    id="brainz-player"
  >
    <ProgressBar
      durationMs={10000}
      progressMs={0}
      seekToPositionMs={[Function]}
    >
      <div
        aria-label="Audio progress control"
        aria-valuemax={100}
        aria-valuemin={0}
        aria-valuenow={0}
        className="progress hidden"
        data-tip="0:00"
        onClick={[Function]}
        onKeyDown={[Function]}
        onMouseMove={[Function]}
        role="progressbar"
        tabIndex={0}
      >
        <div
          className="progress-bar"
          style={
            Object {
              "width": "0%",
            }
          }
        />
        <mockConstructor
          className="progress-tooltip"
          getContent={[Function]}
          globalEventOff="click"
          overridePosition={[Function]}
        >
          This is a mocked react-tooltip component.
        </mockConstructor>
      </div>
    </ProgressBar>
    <div
      className="content"
    >
      <div
        className="cover-art"
      >
        <div
          className="no-album-art"
        />
      </div>
      <div
        className=""
      >
        <div
          className="ellipsis-2-lines"
          title="Dangerous"
        >
          Dangerous
        </div>
        <span
          className="small text-muted ellipsis"
          title="The xx"
        >
          The xx
        </span>
      </div>
    </div>
    <div
      className="controls"
    >
      <PlaybackControlButton
        action={[Function]}
        className="previous"
        icon={
          Object {
            "icon": Array [
              512,
              512,
              Array [],
              "f049",
              "M0 436V76c0-6.6 5.4-12 12-12h40c6.6 0 12 5.4 12 12v151.9L235.5 71.4C256.1 54.3 288 68.6 288 96v131.9L459.5 71.4C480.1 54.3 512 68.6 512 96v320c0 27.4-31.9 41.7-52.5 24.6L288 285.3V416c0 27.4-31.9 41.7-52.5 24.6L64 285.3V436c0 6.6-5.4 12-12 12H12c-6.6 0-12-5.4-12-12z",
            ],
            "iconName": "fast-backward",
            "prefix": "fas",
          }
        }
        title="Previous"
      >
        <div
          className="previous"
          onClick={[Function]}
          onKeyPress={[Function]}
          role="button"
          tabIndex={0}
          title="Previous"
        >
          <FontAwesomeIcon
            border={false}
            className=""
            fixedWidth={false}
            flip={null}
            icon={
              Object {
                "icon": Array [
                  512,
                  512,
                  Array [],
                  "f049",
                  "M0 436V76c0-6.6 5.4-12 12-12h40c6.6 0 12 5.4 12 12v151.9L235.5 71.4C256.1 54.3 288 68.6 288 96v131.9L459.5 71.4C480.1 54.3 512 68.6 512 96v320c0 27.4-31.9 41.7-52.5 24.6L288 285.3V416c0 27.4-31.9 41.7-52.5 24.6L64 285.3V436c0 6.6-5.4 12-12 12H12c-6.6 0-12-5.4-12-12z",
                ],
                "iconName": "fast-backward",
                "prefix": "fas",
              }
            }
            inverse={false}
            listItem={false}
            mask={null}
            pull={null}
            pulse={false}
            rotation={null}
            size={null}
            spin={false}
            swapOpacity={false}
            symbol={false}
            title=""
            transform={null}
          >
            <svg
              aria-hidden="true"
              className="svg-inline--fa fa-fast-backward fa-w-16 "
              data-icon="fast-backward"
              data-prefix="fas"
              focusable="false"
              role="img"
              style={Object {}}
              viewBox="0 0 512 512"
              xmlns="http://www.w3.org/2000/svg"
            >
              <path
                d="M0 436V76c0-6.6 5.4-12 12-12h40c6.6 0 12 5.4 12 12v151.9L235.5 71.4C256.1 54.3 288 68.6 288 96v131.9L459.5 71.4C480.1 54.3 512 68.6 512 96v320c0 27.4-31.9 41.7-52.5 24.6L288 285.3V416c0 27.4-31.9 41.7-52.5 24.6L64 285.3V436c0 6.6-5.4 12-12 12H12c-6.6 0-12-5.4-12-12z"
                fill="currentColor"
                style={Object {}}
              />
            </svg>
          </FontAwesomeIcon>
        </div>
      </PlaybackControlButton>
      <PlaybackControlButton
        action={[Function]}
        className="play"
        icon={
          Object {
            "icon": Array [
              512,
              512,
              Array [],
              "f144",
              "M256 8C119 8 8 119 8 256s111 248 248 248 248-111 248-248S393 8 256 8zm115.7 272l-176 101c-15.8 8.8-35.7-2.5-35.7-21V152c0-18.4 19.8-29.8 35.7-21l176 107c16.4 9.2 16.4 32.9 0 42z",
            ],
            "iconName": "play-circle",
            "prefix": "fas",
          }
        }
        size="2x"
        title="Play"
      >
        <div
          className="play"
          onClick={[Function]}
          onKeyPress={[Function]}
          role="button"
          tabIndex={0}
          title="Play"
        >
          <FontAwesomeIcon
            border={false}
            className=""
            fixedWidth={false}
            flip={null}
            icon={
              Object {
                "icon": Array [
                  512,
                  512,
                  Array [],
                  "f144",
                  "M256 8C119 8 8 119 8 256s111 248 248 248 248-111 248-248S393 8 256 8zm115.7 272l-176 101c-15.8 8.8-35.7-2.5-35.7-21V152c0-18.4 19.8-29.8 35.7-21l176 107c16.4 9.2 16.4 32.9 0 42z",
                ],
                "iconName": "play-circle",
                "prefix": "fas",
              }
            }
            inverse={false}
            listItem={false}
            mask={null}
            pull={null}
            pulse={false}
            rotation={null}
            size="2x"
            spin={false}
            swapOpacity={false}
            symbol={false}
            title=""
            transform={null}
          >
            <svg
              aria-hidden="true"
              className="svg-inline--fa fa-play-circle fa-w-16 fa-2x "
              data-icon="play-circle"
              data-prefix="fas"
              focusable="false"
              role="img"
              style={Object {}}
              viewBox="0 0 512 512"
              xmlns="http://www.w3.org/2000/svg"
            >
              <path
                d="M256 8C119 8 8 119 8 256s111 248 248 248 248-111 248-248S393 8 256 8zm115.7 272l-176 101c-15.8 8.8-35.7-2.5-35.7-21V152c0-18.4 19.8-29.8 35.7-21l176 107c16.4 9.2 16.4 32.9 0 42z"
                fill="currentColor"
                style={Object {}}
              />
            </svg>
          </FontAwesomeIcon>
        </div>
      </PlaybackControlButton>
      <PlaybackControlButton
        action={[Function]}
        className="next"
        icon={
          Object {
            "icon": Array [
              512,
              512,
              Array [],
              "f050",
              "M512 76v360c0 6.6-5.4 12-12 12h-40c-6.6 0-12-5.4-12-12V284.1L276.5 440.6c-20.6 17.2-52.5 2.8-52.5-24.6V284.1L52.5 440.6C31.9 457.8 0 443.4 0 416V96c0-27.4 31.9-41.7 52.5-24.6L224 226.8V96c0-27.4 31.9-41.7 52.5-24.6L448 226.8V76c0-6.6 5.4-12 12-12h40c6.6 0 12 5.4 12 12z",
            ],
            "iconName": "fast-forward",
            "prefix": "fas",
          }
        }
        title="Next"
      >
        <div
          className="next"
          onClick={[Function]}
          onKeyPress={[Function]}
          role="button"
          tabIndex={0}
          title="Next"
        >
          <FontAwesomeIcon
            border={false}
            className=""
            fixedWidth={false}
            flip={null}
            icon={
              Object {
                "icon": Array [
                  512,
                  512,
                  Array [],
                  "f050",
                  "M512 76v360c0 6.6-5.4 12-12 12h-40c-6.6 0-12-5.4-12-12V284.1L276.5 440.6c-20.6 17.2-52.5 2.8-52.5-24.6V284.1L52.5 440.6C31.9 457.8 0 443.4 0 416V96c0-27.4 31.9-41.7 52.5-24.6L224 226.8V96c0-27.4 31.9-41.7 52.5-24.6L448 226.8V76c0-6.6 5.4-12 12-12h40c6.6 0 12 5.4 12 12z",
                ],
                "iconName": "fast-forward",
                "prefix": "fas",
              }
            }
            inverse={false}
            listItem={false}
            mask={null}
            pull={null}
            pulse={false}
            rotation={null}
            size={null}
            spin={false}
            swapOpacity={false}
            symbol={false}
            title=""
            transform={null}
          >
            <svg
              aria-hidden="true"
              className="svg-inline--fa fa-fast-forward fa-w-16 "
              data-icon="fast-forward"
              data-prefix="fas"
              focusable="false"
              role="img"
              style={Object {}}
              viewBox="0 0 512 512"
              xmlns="http://www.w3.org/2000/svg"
            >
              <path
                d="M512 76v360c0 6.6-5.4 12-12 12h-40c-6.6 0-12-5.4-12-12V284.1L276.5 440.6c-20.6 17.2-52.5 2.8-52.5-24.6V284.1L52.5 440.6C31.9 457.8 0 443.4 0 416V96c0-27.4 31.9-41.7 52.5-24.6L224 226.8V96c0-27.4 31.9-41.7 52.5-24.6L448 226.8V76c0-6.6 5.4-12 12-12h40c6.6 0 12 5.4 12 12z"
                fill="currentColor"
                style={Object {}}
              />
            </svg>
          </FontAwesomeIcon>
        </div>
      </PlaybackControlButton>
    </div>
    <div
      className="actions"
    >
      <FontAwesomeIcon
        border={false}
        className=" disabled"
        fixedWidth={false}
        flip={null}
        icon={
          Object {
            "icon": Array [
              512,
              512,
              Array [],
              "f004",
              "M462.3 62.6C407.5 15.9 326 24.3 275.7 76.2L256 96.5l-19.7-20.3C186.1 24.3 104.5 15.9 49.7 62.6c-62.8 53.6-66.1 149.8-9.9 207.9l193.5 199.8c12.5 12.9 32.8 12.9 45.3 0l193.5-199.8c56.3-58.1 53-154.3-9.8-207.9z",
            ],
            "iconName": "heart",
            "prefix": "fas",
          }
        }
        inverse={false}
        listItem={false}
        mask={null}
        pull={null}
        pulse={false}
        rotation={null}
        size={null}
        spin={false}
        swapOpacity={false}
        symbol={false}
        title="Love"
        transform={null}
      >
        <svg
          aria-labelledby="svg-inline--fa-title-000000000000"
          className="svg-inline--fa fa-heart fa-w-16  disabled"
          data-icon="heart"
          data-prefix="fas"
          role="img"
          style={Object {}}
          viewBox="0 0 512 512"
          xmlns="http://www.w3.org/2000/svg"
        >
          <title
            id="svg-inline--fa-title-000000000000"
            style={Object {}}
          >
            Love
          </title>
          <path
            d="M462.3 62.6C407.5 15.9 326 24.3 275.7 76.2L256 96.5l-19.7-20.3C186.1 24.3 104.5 15.9 49.7 62.6c-62.8 53.6-66.1 149.8-9.9 207.9l193.5 199.8c12.5 12.9 32.8 12.9 45.3 0l193.5-199.8c56.3-58.1 53-154.3-9.8-207.9z"
            fill="currentColor"
            style={Object {}}
          />
        </svg>
      </FontAwesomeIcon>
      <FontAwesomeIcon
        border={false}
        className=" disabled"
        fixedWidth={false}
        flip={null}
        icon={
          Object {
            "icon": Array [
              512,
              512,
              Array [],
              "f7a9",
              "M473.7 73.8l-2.4-2.5c-46-47-118-51.7-169.6-14.8L336 159.9l-96 64 48 128-144-144 96-64-28.6-86.5C159.7 19.6 87 24 40.7 71.4l-2.4 2.4C-10.4 123.6-12.5 202.9 31 256l212.1 218.6c7.1 7.3 18.6 7.3 25.7 0L481 255.9c43.5-53 41.4-132.3-7.3-182.1z",
            ],
            "iconName": "heart-broken",
            "prefix": "fas",
          }
        }
        inverse={false}
        listItem={false}
        mask={null}
        pull={null}
        pulse={false}
        rotation={null}
        size={null}
        spin={false}
        swapOpacity={false}
        symbol={false}
        title="Hate"
        transform={null}
      >
        <svg
          aria-labelledby="svg-inline--fa-title-000000000000"
          className="svg-inline--fa fa-heart-broken fa-w-16  disabled"
          data-icon="heart-broken"
          data-prefix="fas"
          role="img"
          style={Object {}}
          viewBox="0 0 512 512"
          xmlns="http://www.w3.org/2000/svg"
        >
          <title
            id="svg-inline--fa-title-000000000000"
            style={Object {}}
          >
            Hate
          </title>
          <path
            d="M473.7 73.8l-2.4-2.5c-46-47-118-51.7-169.6-14.8L336 159.9l-96 64 48 128-144-144 96-64-28.6-86.5C159.7 19.6 87 24 40.7 71.4l-2.4 2.4C-10.4 123.6-12.5 202.9 31 256l212.1 218.6c7.1 7.3 18.6 7.3 25.7 0L481 255.9c43.5-53 41.4-132.3-7.3-182.1z"
            fill="currentColor"
            style={Object {}}
          />
        </svg>
      </FontAwesomeIcon>
      <MenuOptions>
        <div
          aria-expanded={false}
          aria-haspopup="menu"
          aria-label="Actions menu"
          onClick={[Function]}
          onKeyDown={[Function]}
          role="button"
          tabIndex={0}
        >
          <FontAwesomeIcon
            aria-hidden="true"
            border={false}
            className=""
            fixedWidth={false}
            flip={null}
            icon={
              Object {
                "icon": Array [
                  192,
                  512,
                  Array [],
                  "f142",
                  "M96 184c39.8 0 72 32.2 72 72s-32.2 72-72 72-72-32.2-72-72 32.2-72 72-72zM24 80c0 39.8 32.2 72 72 72s72-32.2 72-72S135.8 8 96 8 24 40.2 24 80zm0 352c0 39.8 32.2 72 72 72s72-32.2 72-72-32.2-72-72-72-72 32.2-72 72z",
                ],
                "iconName": "ellipsis-v",
                "prefix": "fas",
              }
            }
            inverse={false}
            listItem={false}
            mask={null}
            pull={null}
            pulse={false}
            rotation={null}
            size={null}
            spin={false}
            swapOpacity={false}
            symbol={false}
            title="More actions"
            transform={null}
          >
            <svg
              aria-hidden="true"
              aria-labelledby="svg-inline--fa-title-000000000000"
              className="svg-inline--fa fa-ellipsis-v fa-w-6 "
              data-icon="ellipsis-v"
              data-prefix="fas"
              role="img"
              style={Object {}}
              viewBox="0 0 192 512"
              xmlns="http://www.w3.org/2000/svg"
            >
              <title
                id="svg-inline--fa-title-000000000000"
                style={Object {}}
              >
                More actions
              </title>
              <path
                d="M96 184c39.8 0 72 32.2 72 72s-32.2 72-72 72-72-32.2-72-72 32.2-72 72-72zM24 80c0 39.8 32.2 72 72 72s72-32.2 72-72S135.8 8 96 8 24 40.2 24 80zm0 352c0 39.8 32.2 72 72 72s72-32.2 72-72-32.2-72-72-72-72 32.2-72 72z"
                fill="currentColor"
                style={Object {}}
              />
            </svg>
          </FontAwesomeIcon>
        </div>
      </MenuOptions>
    </div>
  </div>
</BrainzPlayerUI>
`;
