{
    "payload": {
        "count": 1,
        "latest_listen_ts": 1635138793,
        "listens": [
            {
                "inserted_at": "Mon, 25 Oct 2021 09:51:54 GMT",
                "listened_at": 1635138793,
                "recording_msid": "dce97a5f-09ad-4605-a239-4532abe7c8b2",
                "track_metadata": {
                    "additional_info": {
                        "artist_names": [
                            "Glass Animals"
                        ],
                        "discnumber": 1,
                        "duration_ms": 238805,
                        "isrc": "GBUM72000433",
                        "music_service": "spotify.com",
                        "submission_client": "listenbrainz",
                        "origin_url": "https://open.spotify.com/track/02MWAaffLxlfxAUY7c5dvx",
                        "recording_msid": "dce97a5f-09ad-4605-a239-4532abe7c8b2",
                        "release_artist_name": "Glass Animals",
                        "release_artist_names": [
                            "Glass Animals"
                        ],
                        "spotify_album_artist_ids": [
                            "https://open.spotify.com/artist/4yvcSjfu4PC0CYQyLy4wSq"
                        ],
                        "spotify_album_id": "https://open.spotify.com/album/0KTj6k94XZh0c6IEMfxeWV",
                        "spotify_artist_ids": [
                            "https://open.spotify.com/artist/4yvcSjfu4PC0CYQyLy4wSq"
                        ],
                        "spotify_id": "https://open.spotify.com/track/02MWAaffLxlfxAUY7c5dvx",
                        "tracknumber": 14
                    },
                    "artist_name": "Glass Animals",
                    "release_name": "Dreamland (+ Bonus Levels)",
                    "track_name": "Heat Waves"
                },
                "user_name": "testuserpleaseignore"
            }
        ],
        "user_id": "testuserpleaseignore"
    }
}