// Jest Snapshot v1, https://goo.gl/fbAQLP

exports[`<FollowerFollowingModal /> renders 1`] = `"<div class=\\"text-center follower-following-pills\\"><div class=\\"btn-group btn-group-justified\\" role=\\"group\\"><button type=\\"button\\" style=\\"background:#353070;border:2px solid #353070;font-weight:700;color:white;border-radius:24px;outline:none;padding:3px 12px;margin:2px 6px 12px 6px;box-sizing:border-box\\">Followers (1)</button><button type=\\"button\\" style=\\"background:transparent;border:2px solid #BBBBBB;color:#BBBBBB;border-radius:24px;outline:none;padding:3px 12px;margin:2px 6px 12px 6px;box-sizing:border-box\\">Following (1)</button></div></div><div class=\\"follower-following-list\\"><div><div><a href=\\"/user/foo\\" target=\\"_blank\\" rel=\\"noopener noreferrer\\">foo</a></div></div></div>"`;
