// Jest Snapshot v1, https://goo.gl/fbAQLP

exports[`<UserSocialNetwork /> renders correctly 1`] = `"<div class=\\"card card-user-sn hidden-xs hidden-sm\\"><div class=\\"text-center follower-following-pills\\"><div class=\\"btn-group btn-group-justified\\" role=\\"group\\"><button type=\\"button\\" style=\\"background: rgb(53, 48, 112); border: 2px solid #353070; font-weight: 700; color: white; border-radius: 24px; outline: none; padding: 3px 12px; margin: 2px 6px 12px 6px; box-sizing: border-box;\\">Followers (0)</button><button type=\\"button\\" style=\\"background: transparent; border: 2px solid #bbbbbb; color: rgb(187, 187, 187); border-radius: 24px; outline: none; padding: 3px 12px; margin: 2px 6px 12px 6px; box-sizing: border-box;\\">Following (0)</button></div></div><hr><div class=\\"follower-following-empty text-center text-muted\\">bob doesn't have any followers.</div></div><div class=\\"card card-user-sn hidden-xs hidden-sm\\"><h3 class=\\"text-center\\" style=\\"margin-top: 10px;\\">Similar Users</h3><hr><div class=\\"similar-users-empty text-center text-muted\\">Users with similar music tastes to bob will appear here.</div></div>"`;
