// Jest Snapshot v1, https://goo.gl/fbAQLP

exports[`LastFmImporter Page renders 1`] = `"<div class=\\"Importer\\"><form><dl><dd>Choose a service:</dd><dt class=\\"btn-group\\" style=\\"margin-bottom: 1em;\\"><label class=\\"btn btn-default  btn-primary\\"><input type=\\"radio\\" id=\\"lastfm\\" name=\\"service\\" style=\\"position: absolute; clip: rect(0px, 0px, 0px, 0px);\\" value=\\"lastfm\\" checked=\\"\\">Last.fm</label><label class=\\"btn btn-default \\"><input type=\\"radio\\" id=\\"librefm\\" name=\\"service\\" style=\\"position: absolute; clip: rect(0px, 0px, 0px, 0px);\\" value=\\"librefm\\">Libre.fm</label></dt><dd>Your lastfm username:</dd><dt><input type=\\"text\\" class=\\"form-control\\" name=\\"lastfmUsername\\" placeholder=\\"Username\\" size=\\"30\\" value=\\"\\"></dt></dl><button class=\\"btn btn-success\\" type=\\"submit\\" disabled=\\"\\">Import Now!</button></form></div>"`;
