// Jest Snapshot v1, https://goo.gl/fbAQLP

exports[`PinnedRecordingCard renders correctly 1`] = `
<PinnedRecordingCard
  className=""
  isCurrentUser={true}
  newAlert={[Function]}
  pinnedRecording={
    Object {
      "blurb_content": "I LOVE",
      "created": 1111111111,
      "pinned_until": 9999999999,
      "recording_mbid": "98255a8c-017a-4bc7-8dd6-1fa36124572b",
      "row_id": 1,
      "track_metadata": Object {
        "artist_name": "Rick Astley",
        "track_name": "Never Gonna Give You Up",
      },
    }
  }
  removePinFromPinsList={[Function]}
  userName="name"
>
  <ListenCard
    additionalContent={
      <div
        className="blurb-content"
        title="I LOVE"
      >
        "
        I LOVE
        "
      </div>
    }
    additionalMenuItems={
      <React.Fragment>
        <ListenControl
          action={[Function]}
          text="Unpin"
          title="Unpin"
        />
        <ListenControl
          action={[Function]}
          text="Delete Pin"
          title="Delete Pin"
        />
      </React.Fragment>
    }
    className="pinned-recording-card currently-pinned"
    listen={
      Object {
        "listened_at": 1111111111,
        "track_metadata": Object {
          "artist_name": "Rick Astley",
          "track_name": "Never Gonna Give You Up",
        },
      }
    }
    newAlert={[Function]}
    showTimestamp={true}
    showUsername={false}
    thumbnail={
      <div
        className="pinned-recording-icon"
      >
        <span
          className="icon"
        >
          <FontAwesomeIcon
            border={false}
            className=""
            fixedWidth={false}
            flip={null}
            icon={
              Object {
                "icon": Array [
                  384,
                  512,
                  Array [],
                  "f08d",
                  "M298.028 214.267L285.793 96H328c13.255 0 24-10.745 24-24V24c0-13.255-10.745-24-24-24H56C42.745 0 32 10.745 32 24v48c0 13.255 10.745 24 24 24h42.207L85.972 214.267C37.465 236.82 0 277.261 0 328c0 13.255 10.745 24 24 24h136v104.007c0 1.242.289 2.467.845 3.578l24 48c2.941 5.882 11.364 5.893 14.311 0l24-48a8.008 8.008 0 0 0 .845-3.578V352h136c13.255 0 24-10.745 24-24-.001-51.183-37.983-91.42-85.973-113.733z",
                ],
                "iconName": "thumbtack",
                "prefix": "fas",
              }
            }
            inverse={false}
            listItem={false}
            mask={null}
            pull={null}
            pulse={false}
            rotation={null}
            size={null}
            spin={false}
            swapOpacity={false}
            symbol={false}
            title=""
            transform={null}
          />
        </span>
        <span
          className="small"
        >
          Pinned
        </span>
      </div>
    }
  >
    <ForwardRef
      className="listen-card  has-additional-content pinned-recording-card currently-pinned"
      onDoubleClick={[Function]}
    >
      <div
        className="card listen-card  has-additional-content pinned-recording-card currently-pinned"
        onDoubleClick={[Function]}
      >
        <div
          className="main-content"
        >
          <div
            className="pinned-recording-icon"
          >
            <span
              className="icon"
            >
              <FontAwesomeIcon
                border={false}
                className=""
                fixedWidth={false}
                flip={null}
                icon={
                  Object {
                    "icon": Array [
                      384,
                      512,
                      Array [],
                      "f08d",
                      "M298.028 214.267L285.793 96H328c13.255 0 24-10.745 24-24V24c0-13.255-10.745-24-24-24H56C42.745 0 32 10.745 32 24v48c0 13.255 10.745 24 24 24h42.207L85.972 214.267C37.465 236.82 0 277.261 0 328c0 13.255 10.745 24 24 24h136v104.007c0 1.242.289 2.467.845 3.578l24 48c2.941 5.882 11.364 5.893 14.311 0l24-48a8.008 8.008 0 0 0 .845-3.578V352h136c13.255 0 24-10.745 24-24-.001-51.183-37.983-91.42-85.973-113.733z",
                    ],
                    "iconName": "thumbtack",
                    "prefix": "fas",
                  }
                }
                inverse={false}
                listItem={false}
                mask={null}
                pull={null}
                pulse={false}
                rotation={null}
                size={null}
                spin={false}
                swapOpacity={false}
                symbol={false}
                title=""
                transform={null}
              >
                <svg
                  aria-hidden="true"
                  className="svg-inline--fa fa-thumbtack fa-w-12 "
                  data-icon="thumbtack"
                  data-prefix="fas"
                  focusable="false"
                  role="img"
                  style={Object {}}
                  viewBox="0 0 384 512"
                  xmlns="http://www.w3.org/2000/svg"
                >
                  <path
                    d="M298.028 214.267L285.793 96H328c13.255 0 24-10.745 24-24V24c0-13.255-10.745-24-24-24H56C42.745 0 32 10.745 32 24v48c0 13.255 10.745 24 24 24h42.207L85.972 214.267C37.465 236.82 0 277.261 0 328c0 13.255 10.745 24 24 24h136v104.007c0 1.242.289 2.467.845 3.578l24 48c2.941 5.882 11.364 5.893 14.311 0l24-48a8.008 8.008 0 0 0 .845-3.578V352h136c13.255 0 24-10.745 24-24-.001-51.183-37.983-91.42-85.973-113.733z"
                    fill="currentColor"
                    style={Object {}}
                  />
                </svg>
              </FontAwesomeIcon>
            </span>
            <span
              className="small"
            >
              Pinned
            </span>
          </div>
          <div
            className="listen-details"
          >
            <div
              className="ellipsis-2-lines"
              title="Never Gonna Give You Up"
            >
              Never Gonna Give You Up
            </div>
            <div
              className="small text-muted ellipsis"
              title="Rick Astley"
            >
              Rick Astley
            </div>
          </div>
          <div
            className="right-section"
          >
            <div
              className="username-and-timestamp"
            >
              <span
                className="listen-time"
                title="Friday, March 18, 2005 at 1:58:31 AM GMT"
              >
                Mar 18, 2005, 1:58 AM
              </span>
            </div>
            <div
              className="listen-controls"
            >
              <ListenFeedbackComponent
                listen={
                  Object {
                    "listened_at": 1111111111,
                    "track_metadata": Object {
                      "artist_name": "Rick Astley",
                      "track_name": "Never Gonna Give You Up",
                    },
                  }
                }
                newAlert={[Function]}
              />
              <FontAwesomeIcon
                aria-expanded="true"
                aria-haspopup="true"
                border={false}
                className="dropdown-toggle"
                data-toggle="dropdown"
                fixedWidth={false}
                flip={null}
                icon={
                  Object {
                    "icon": Array [
                      192,
                      512,
                      Array [],
                      "f142",
                      "M96 184c39.8 0 72 32.2 72 72s-32.2 72-72 72-72-32.2-72-72 32.2-72 72-72zM24 80c0 39.8 32.2 72 72 72s72-32.2 72-72S135.8 8 96 8 24 40.2 24 80zm0 352c0 39.8 32.2 72 72 72s72-32.2 72-72-32.2-72-72-72-72 32.2-72 72z",
                    ],
                    "iconName": "ellipsis-v",
                    "prefix": "fas",
                  }
                }
                id="listenControlsDropdown"
                inverse={false}
                listItem={false}
                mask={null}
                pull={null}
                pulse={false}
                rotation={null}
                size={null}
                spin={false}
                swapOpacity={false}
                symbol={false}
                title="More actions"
                transform={null}
              >
                <svg
                  aria-expanded="true"
                  aria-haspopup="true"
                  aria-labelledby="svg-inline--fa-title-000000000000"
                  className="svg-inline--fa fa-ellipsis-v fa-w-6 dropdown-toggle"
                  data-icon="ellipsis-v"
                  data-prefix="fas"
                  data-toggle="dropdown"
                  id="listenControlsDropdown"
                  role="img"
                  style={Object {}}
                  viewBox="0 0 192 512"
                  xmlns="http://www.w3.org/2000/svg"
                >
                  <title
                    id="svg-inline--fa-title-000000000000"
                    style={Object {}}
                  >
                    More actions
                  </title>
                  <path
                    d="M96 184c39.8 0 72 32.2 72 72s-32.2 72-72 72-72-32.2-72-72 32.2-72 72-72zM24 80c0 39.8 32.2 72 72 72s72-32.2 72-72S135.8 8 96 8 24 40.2 24 80zm0 352c0 39.8 32.2 72 72 72s72-32.2 72-72-32.2-72-72-72-72 32.2-72 72z"
                    fill="currentColor"
                    style={Object {}}
                  />
                </svg>
              </FontAwesomeIcon>
              <ul
                aria-labelledby="listenControlsDropdown"
                className="dropdown-menu dropdown-menu-right"
              >
                <ListenControl
                  action={[Function]}
                  text="Unpin"
                  title="Unpin"
                >
                  <button
                    aria-label="Unpin"
                    disabled={false}
                    onClick={[Function]}
                    title="Unpin"
                    type="button"
                  >
                     
                    Unpin
                  </button>
                </ListenControl>
                <ListenControl
                  action={[Function]}
                  text="Delete Pin"
                  title="Delete Pin"
                >
                  <button
                    aria-label="Delete Pin"
                    disabled={false}
                    onClick={[Function]}
                    title="Delete Pin"
                    type="button"
                  >
                     
                    Delete Pin
                  </button>
                </ListenControl>
              </ul>
              <button
                className="btn-transparent play-button"
                onClick={[Function]}
                title="Play"
                type="button"
              >
                <FontAwesomeIcon
                  border={false}
                  className=""
                  fixedWidth={false}
                  flip={null}
                  icon={
                    Object {
                      "icon": Array [
                        512,
                        512,
                        Array [],
                        "f144",
                        "M371.7 238l-176-107c-15.8-8.8-35.7 2.5-35.7 21v208c0 18.4 19.8 29.8 35.7 21l176-101c16.4-9.1 16.4-32.8 0-42zM504 256C504 119 393 8 256 8S8 119 8 256s111 248 248 248 248-111 248-248zm-448 0c0-110.5 89.5-200 200-200s200 89.5 200 200-89.5 200-200 200S56 366.5 56 256z",
                      ],
                      "iconName": "play-circle",
                      "prefix": "far",
                    }
                  }
                  inverse={false}
                  listItem={false}
                  mask={null}
                  pull={null}
                  pulse={false}
                  rotation={null}
                  size="2x"
                  spin={false}
                  swapOpacity={false}
                  symbol={false}
                  title=""
                  transform={null}
                >
                  <svg
                    aria-hidden="true"
                    className="svg-inline--fa fa-play-circle fa-w-16 fa-2x "
                    data-icon="play-circle"
                    data-prefix="far"
                    focusable="false"
                    role="img"
                    style={Object {}}
                    viewBox="0 0 512 512"
                    xmlns="http://www.w3.org/2000/svg"
                  >
                    <path
                      d="M371.7 238l-176-107c-15.8-8.8-35.7 2.5-35.7 21v208c0 18.4 19.8 29.8 35.7 21l176-101c16.4-9.1 16.4-32.8 0-42zM504 256C504 119 393 8 256 8S8 119 8 256s111 248 248 248 248-111 248-248zm-448 0c0-110.5 89.5-200 200-200s200 89.5 200 200-89.5 200-200 200S56 366.5 56 256z"
                      fill="currentColor"
                      style={Object {}}
                    />
                  </svg>
                </FontAwesomeIcon>
              </button>
            </div>
          </div>
        </div>
        <div
          className="additional-content"
          title="Never Gonna Give You Up"
        >
          <div
            className="blurb-content"
            title="I LOVE"
          >
            "
            I LOVE
            "
          </div>
        </div>
      </div>
    </ForwardRef>
  </ListenCard>
</PinnedRecordingCard>
`;
